14:43:14.355 [main] INFO org.springframework.test.context.support.AnnotationConfigContextLoaderUtils -- Could not detect default configuration classes for test class [com.khaleo.flashcard.contract.admin.AdminManagementContractTest]: AdminManagementContractTest does not declare any static, non-private, non-final, nested classes annotated with @Configuration.
14:43:14.516 [main] INFO org.springframework.boot.test.context.SpringBootTestContextBootstrapper -- Found @SpringBootConfiguration com.khaleo.flashcard.FlashcardApplication for test class com.khaleo.flashcard.contract.admin.AdminManagementContractTest
14:43:14.700 [main] INFO org.testcontainers.images.PullPolicy -- Image pull policy will be performed by: DefaultPullPolicy()
14:43:14.709 [main] INFO org.testcontainers.utility.ImageNameSubstitutor -- Image name substitution will be performed by: DefaultImageNameSubstitutor (composite of 'ConfigurationFileImageNameSubstitutor' and 'PrefixingImageNameSubstitutor')
14:43:14.817 [main] INFO org.testcontainers.DockerClientFactory -- Testcontainers version: 1.20.1
14:43:15.106 [main] INFO org.testcontainers.dockerclient.DockerClientProviderStrategy -- Loaded org.testcontainers.dockerclient.NpipeSocketClientProviderStrategy from ~/.testcontainers.properties, will try it first
14:43:15.705 [main] INFO org.testcontainers.dockerclient.DockerClientProviderStrategy -- Found Docker environment with local Npipe socket (npipe:////./pipe/docker_engine)
14:43:15.707 [main] INFO org.testcontainers.DockerClientFactory -- Docker host IP address is localhost
14:43:15.741 [main] INFO org.testcontainers.DockerClientFactory -- Connected to docker: 
  Server Version: 27.3.1
  API Version: 1.47
  Operating System: Docker Desktop
  Total Memory: 7613 MB
14:43:15.779 [main] INFO tc.testcontainers/ryuk:0.8.1 -- Creating container for image: testcontainers/ryuk:0.8.1
14:43:16.025 [main] INFO org.testcontainers.utility.RegistryAuthLocator -- Credential helper/store (docker-credential-desktop) does not have credentials for https://index.docker.io/v1/
14:43:16.238 [main] INFO tc.testcontainers/ryuk:0.8.1 -- Container testcontainers/ryuk:0.8.1 is starting: 0c43ca99d17f16c0af9c3183a7d837bc97172fc0e9def2ce8247015b09359a60
14:43:16.844 [main] INFO tc.testcontainers/ryuk:0.8.1 -- Container testcontainers/ryuk:0.8.1 started in PT1.0647463S
14:43:16.851 [main] INFO org.testcontainers.utility.RyukResourceReaper -- Ryuk started - will monitor and terminate Testcontainers containers on JVM exit
14:43:16.851 [main] INFO org.testcontainers.DockerClientFactory -- Checking the system...
14:43:16.852 [main] INFO org.testcontainers.DockerClientFactory -- ?? Docker server version should be at least 1.6.0
14:43:16.855 [main] INFO tc.mysql:8.0.39 -- Creating container for image: mysql:8.0.39
14:43:17.006 [main] INFO tc.mysql:8.0.39 -- Container mysql:8.0.39 is starting: b2b4f450839740092dabafe3f2d120cf375316c8560e31e4618c29bb4f679ca8
14:43:17.458 [main] INFO tc.mysql:8.0.39 -- Waiting for database connection to become available at jdbc:mysql://localhost:59972/khaleo_flashcard_test using query 'SELECT 1'
14:43:33.483 [main] INFO tc.mysql:8.0.39 -- Container mysql:8.0.39 started in PT16.6276125S
14:43:33.483 [main] INFO tc.mysql:8.0.39 -- Container is started (JDBC URL: jdbc:mysql://localhost:59972/khaleo_flashcard_test)

  .   ____          _            __ _ _
 /\\ / ___'_ __ _ _(_)_ __  __ _ \ \ \ \
( ( )\___ | '_ | '_| | '_ \/ _` | \ \ \ \
 \\/  ___)| |_)| | | | | || (_| |  ) ) ) )
  '  |____| .__|_| |_|_| |_\__, | / / / /
 =========|_|==============|___/=/_/_/_/

 :: Spring Boot ::                (v3.3.2)

{"timestamp":"2026-03-24T14:43:34.213+07:00","level":"INFO","app":"flashcard-backend","thread":"background-preinit","logger":"o.h.validator.internal.util.Version","message":"HV000001: Hibernate Validator 8.0.1.Final","exception":""}
{"timestamp":"2026-03-24T14:43:34.269+07:00","level":"INFO","app":"flashcard-backend","thread":"main","logger":"c.k.f.c.a.AdminManagementContractTest","message":"Starting AdminManagementContractTest using Java 17.0.14 with PID 29708 (started by brvkh in C:\Workspace\FPT\github\KhaLeo\backend)","exception":""}
{"timestamp":"2026-03-24T14:43:34.270+07:00","level":"INFO","app":"flashcard-backend","thread":"main","logger":"c.k.f.c.a.AdminManagementContractTest","message":"No active profile set, falling back to 1 default profile: \"default\"","exception":""}
{"timestamp":"2026-03-24T14:43:36.000+07:00","level":"INFO","app":"flashcard-backend","thread":"main","logger":"o.s.d.r.c.RepositoryConfigurationDelegate","message":"Bootstrapping Spring Data JPA repositories in DEFAULT mode.","exception":""}
{"timestamp":"2026-03-24T14:43:36.133+07:00","level":"INFO","app":"flashcard-backend","thread":"main","logger":"o.s.d.r.c.RepositoryConfigurationDelegate","message":"Finished Spring Data repository scanning in 122 ms. Found 13 JPA repository interfaces.","exception":""}
{"timestamp":"2026-03-24T14:43:37.225+07:00","level":"INFO","app":"flashcard-backend","thread":"main","logger":"com.zaxxer.hikari.HikariDataSource","message":"HikariPool-1 - Starting...","exception":""}
{"timestamp":"2026-03-24T14:43:37.375+07:00","level":"INFO","app":"flashcard-backend","thread":"main","logger":"com.zaxxer.hikari.pool.HikariPool","message":"HikariPool-1 - Added connection com.mysql.cj.jdbc.ConnectionImpl@2d568cff","exception":""}
{"timestamp":"2026-03-24T14:43:37.377+07:00","level":"INFO","app":"flashcard-backend","thread":"main","logger":"com.zaxxer.hikari.HikariDataSource","message":"HikariPool-1 - Start completed.","exception":""}
{"timestamp":"2026-03-24T14:43:37.438+07:00","level":"INFO","app":"flashcard-backend","thread":"main","logger":"org.flywaydb.core.FlywayExecutor","message":"Database: jdbc:mysql://localhost:59972/khaleo_flashcard_test (MySQL 8.0)","exception":""}
{"timestamp":"2026-03-24T14:43:37.513+07:00","level":"INFO","app":"flashcard-backend","thread":"main","logger":"o.f.c.i.s.JdbcTableSchemaHistory","message":"Schema history table `khaleo_flashcard_test`.`flyway_schema_history` does not exist yet","exception":""}
{"timestamp":"2026-03-24T14:43:37.521+07:00","level":"INFO","app":"flashcard-backend","thread":"main","logger":"o.f.core.internal.command.DbValidate","message":"Successfully validated 9 migrations (execution time 00:00.037s)","exception":""}
{"timestamp":"2026-03-24T14:43:37.562+07:00","level":"INFO","app":"flashcard-backend","thread":"main","logger":"o.f.c.i.s.JdbcTableSchemaHistory","message":"Creating Schema History table `khaleo_flashcard_test`.`flyway_schema_history` ...","exception":""}
{"timestamp":"2026-03-24T14:43:37.743+07:00","level":"INFO","app":"flashcard-backend","thread":"main","logger":"o.f.core.internal.command.DbMigrate","message":"Current version of schema `khaleo_flashcard_test`: << Empty Schema >>","exception":""}
{"timestamp":"2026-03-24T14:43:37.766+07:00","level":"INFO","app":"flashcard-backend","thread":"main","logger":"o.f.core.internal.command.DbMigrate","message":"Migrating schema `khaleo_flashcard_test` to version \"1 - init schema\"","exception":""}
{"timestamp":"2026-03-24T14:43:38.420+07:00","level":"INFO","app":"flashcard-backend","thread":"main","logger":"o.f.core.internal.command.DbMigrate","message":"Migrating schema `khaleo_flashcard_test` to version \"2 - auth security schema\"","exception":""}
{"timestamp":"2026-03-24T14:43:39.002+07:00","level":"INFO","app":"flashcard-backend","thread":"main","logger":"o.f.core.internal.command.DbMigrate","message":"Migrating schema `khaleo_flashcard_test` to version \"3 - deck card media schema\"","exception":""}
{"timestamp":"2026-03-24T14:43:39.234+07:00","level":"INFO","app":"flashcard-backend","thread":"main","logger":"o.f.core.internal.command.DbMigrate","message":"Migrating schema `khaleo_flashcard_test` to version \"4 - study state fields\"","exception":""}
{"timestamp":"2026-03-24T14:43:39.498+07:00","level":"INFO","app":"flashcard-backend","thread":"main","logger":"o.f.core.internal.command.DbMigrate","message":"Migrating schema `khaleo_flashcard_test` to version \"5 - admin moderation schema\"","exception":""}
{"timestamp":"2026-03-24T14:43:39.806+07:00","level":"INFO","app":"flashcard-backend","thread":"main","logger":"o.f.core.internal.command.DbMigrate","message":"Migrating schema `khaleo_flashcard_test` to version \"20260319.008 - public clone merge\"","exception":""}
{"timestamp":"2026-03-24T14:43:40.300+07:00","level":"INFO","app":"flashcard-backend","thread":"main","logger":"o.f.core.internal.command.DbMigrate","message":"Migrating schema `khaleo_flashcard_test` to version \"20260323.009 - fsrs v4 state fields\"","exception":""}
{"timestamp":"2026-03-24T14:43:40.701+07:00","level":"INFO","app":"flashcard-backend","thread":"main","logger":"o.f.core.internal.command.DbMigrate","message":"Migrating schema `khaleo_flashcard_test` to version \"20260324.010 - deck ban fields\"","exception":""}
{"timestamp":"2026-03-24T14:43:40.947+07:00","level":"INFO","app":"flashcard-backend","thread":"main","logger":"o.f.core.internal.command.DbMigrate","message":"Migrating schema `khaleo_flashcard_test` to version \"20260324.011 - study algorithm settings\"","exception":""}
{"timestamp":"2026-03-24T14:43:41.084+07:00","level":"INFO","app":"flashcard-backend","thread":"main","logger":"o.f.core.internal.command.DbMigrate","message":"Successfully applied 9 migrations to schema `khaleo_flashcard_test`, now at version v20260324.011 (execution time 00:02.929s)","exception":""}
{"timestamp":"2026-03-24T14:43:41.250+07:00","level":"INFO","app":"flashcard-backend","thread":"main","logger":"o.h.jpa.internal.util.LogHelper","message":"HHH000204: Processing PersistenceUnitInfo [name: default]","exception":""}
{"timestamp":"2026-03-24T14:43:41.339+07:00","level":"INFO","app":"flashcard-backend","thread":"main","logger":"org.hibernate.Version","message":"HHH000412: Hibernate ORM core version 6.5.2.Final","exception":""}
{"timestamp":"2026-03-24T14:43:41.391+07:00","level":"INFO","app":"flashcard-backend","thread":"main","logger":"o.h.c.i.RegionFactoryInitiator","message":"HHH000026: Second-level cache disabled","exception":""}
{"timestamp":"2026-03-24T14:43:41.785+07:00","level":"INFO","app":"flashcard-backend","thread":"main","logger":"o.s.o.j.p.SpringPersistenceUnitInfo","message":"No LoadTimeWeaver setup: ignoring JPA class transformer","exception":""}
{"timestamp":"2026-03-24T14:43:41.898+07:00","level":"WARN","app":"flashcard-backend","thread":"main","logger":"org.hibernate.orm.incubating","message":"HHH90006001: Encountered incubating setting [hibernate.type.preferred_uuid_jdbc_type].  See javadoc on corresponding `org.hibernate.cfg.AvailableSettings` constant for details.","exception":""}
{"timestamp":"2026-03-24T14:43:42.219+07:00","level":"WARN","app":"flashcard-backend","thread":"main","logger":"org.hibernate.orm.incubating","message":"HHH90006001: Encountered incubating setting [hibernate.type.preferred_uuid_jdbc_type].  See javadoc on corresponding `org.hibernate.cfg.AvailableSettings` constant for details.","exception":""}
{"timestamp":"2026-03-24T14:43:43.386+07:00","level":"INFO","app":"flashcard-backend","thread":"main","logger":"o.h.e.t.j.p.i.JtaPlatformInitiator","message":"HHH000489: No JTA platform available (set 'hibernate.transaction.jta.platform' to enable JTA platform integration)","exception":""}
{"timestamp":"2026-03-24T14:43:43.437+07:00","level":"INFO","app":"flashcard-backend","thread":"main","logger":"o.s.o.j.LocalContainerEntityManagerFactoryBean","message":"Initialized JPA EntityManagerFactory for persistence unit 'default'","exception":""}
{"timestamp":"2026-03-24T14:43:44.105+07:00","level":"INFO","app":"flashcard-backend","thread":"main","logger":"o.s.d.j.r.query.QueryEnhancerFactory","message":"Hibernate is in classpath; If applicable, HQL parser will be used.","exception":""}
{"timestamp":"2026-03-24T14:43:47.369+07:00","level":"WARN","app":"flashcard-backend","thread":"main","logger":"o.s.b.a.s.s.UserDetailsServiceAutoConfiguration","message":"

Using generated security password: 304f6a63-525e-4598-aaaa-6012518f9294

This generated password is for development use only. Your security configuration must be updated before running your application in production.
","exception":""}
{"timestamp":"2026-03-24T14:43:47.382+07:00","level":"INFO","app":"flashcard-backend","thread":"main","logger":"o.s.s.c.a.a.c.InitializeUserDetailsBeanManagerConfigurer$InitializeUserDetailsManagerConfigurer","message":"Global AuthenticationManager configured with UserDetailsService bean with name inMemoryUserDetailsManager","exception":""}
{"timestamp":"2026-03-24T14:43:47.961+07:00","level":"INFO","app":"flashcard-backend","thread":"main","logger":"o.s.b.a.e.web.EndpointLinksResolver","message":"Exposing 2 endpoints beneath base path '/actuator'","exception":""}
{"timestamp":"2026-03-24T14:43:48.842+07:00","level":"INFO","app":"flashcard-backend","thread":"main","logger":"o.s.b.t.m.w.SpringBootMockServletContext","message":"Initializing Spring TestDispatcherServlet ''","exception":""}
{"timestamp":"2026-03-24T14:43:48.843+07:00","level":"INFO","app":"flashcard-backend","thread":"main","logger":"o.s.t.w.s.TestDispatcherServlet","message":"Initializing Servlet ''","exception":""}
{"timestamp":"2026-03-24T14:43:48.844+07:00","level":"INFO","app":"flashcard-backend","thread":"main","logger":"o.s.t.w.s.TestDispatcherServlet","message":"Completed initialization in 1 ms","exception":""}
{"timestamp":"2026-03-24T14:43:48.941+07:00","level":"INFO","app":"flashcard-backend","thread":"main","logger":"c.k.f.c.a.AdminManagementContractTest","message":"Started AdminManagementContractTest in 15.428 seconds (process running for 35.617)","exception":""}
mvn : Java HotSpot(TM) 64-Bit Server VM warning: Sharing is only supported for 
boot loader classes because bootstrap classpath has been appended
At line:1 char:44
+ ... ace\FPT\github\KhaLeo\backend; mvn test --fail-at-end -q 2>&1 | Out-F ...
+                                    ~~~~~~~~~~~~~~~~~~~~~~~~~~~~~~
    + CategoryInfo          : NotSpecified: (Java HotSpot(TM...s been appended:S 
   tring) [], RemoteException
    + FullyQualifiedErrorId : NativeCommandError
 
{"timestamp":"2026-03-24T14:43:49.533+07:00","level":"INFO","app":"flashcard-backend","thread":"main","logger":"c.k.f.c.o.NewRelicDeckMediaInstrumentation","message":"event=new_relic_deck_media metric=deck_outcome operation=create status=success attributes={deckId=f4688d44-352d-4507-8240-0115960b22ba} count=1","exception":""}
{"timestamp":"2026-03-24T14:43:49.534+07:00","level":"INFO","app":"flashcard-backend","thread":"main","logger":"c.k.f.s.p.RelationalPersistenceService","message":"event=relational_deck_create_success deckId=f4688d44-352d-4507-8240-0115960b22ba authorId=4edbd509-780e-4f8b-938d-f7fe1eb4fd02","exception":""}
{"timestamp":"2026-03-24T14:43:49.541+07:00","level":"INFO","app":"flashcard-backend","thread":"main","logger":"c.k.f.c.o.NewRelicDeckMediaInstrumentation","message":"event=new_relic_deck_media metric=card_outcome operation=create status=success attributes={deckId=f4688d44-352d-4507-8240-0115960b22ba, cardId=5e1d60d6-4a26-4187-8009-61a3683c68c4} count=1","exception":""}
{"timestamp":"2026-03-24T14:43:49.542+07:00","level":"INFO","app":"flashcard-backend","thread":"main","logger":"c.k.f.s.p.RelationalPersistenceService","message":"event=relational_card_create_success cardId=5e1d60d6-4a26-4187-8009-61a3683c68c4 deckId=f4688d44-352d-4507-8240-0115960b22ba","exception":""}
{"timestamp":"2026-03-24T14:43:49.802+07:00","level":"INFO","app":"flashcard-backend","thread":"main","logger":"c.k.f.c.o.NewRelicDeckMediaInstrumentation","message":"event=new_relic_deck_media metric=deck_outcome operation=create status=success attributes={deckId=f89da20e-00ec-4083-8863-40afedf1a2cb} count=1","exception":""}
{"timestamp":"2026-03-24T14:43:49.802+07:00","level":"INFO","app":"flashcard-backend","thread":"main","logger":"c.k.f.s.p.RelationalPersistenceService","message":"event=relational_deck_create_success deckId=f89da20e-00ec-4083-8863-40afedf1a2cb authorId=d8bc5a8b-9f9c-446b-955b-12707ecf49ea","exception":""}
{"timestamp":"2026-03-24T14:43:49.809+07:00","level":"INFO","app":"flashcard-backend","thread":"main","logger":"c.k.f.c.o.NewRelicDeckMediaInstrumentation","message":"event=new_relic_deck_media metric=card_outcome operation=create status=success attributes={deckId=f89da20e-00ec-4083-8863-40afedf1a2cb, cardId=31297863-b560-4445-b232-793a5b25b6b1} count=1","exception":""}
{"timestamp":"2026-03-24T14:43:49.810+07:00","level":"INFO","app":"flashcard-backend","thread":"main","logger":"c.k.f.s.p.RelationalPersistenceService","message":"event=relational_card_create_success cardId=31297863-b560-4445-b232-793a5b25b6b1 deckId=f89da20e-00ec-4083-8863-40afedf1a2cb","exception":""}
{"timestamp":"2026-03-24T14:43:49.879+07:00","level":"INFO","app":"flashcard-backend","thread":"main","logger":"c.k.f.c.o.NewRelicAuthInstrumentation","message":"event=new_relic_auth_metric metric=auth_outcome authEvent=admin_user_ban_success attributes={adminUserId=aca638c9-e021-4a78-8a03-377572119f48, targetUserId=d8bc5a8b-9f9c-446b-955b-12707ecf49ea} count=1","exception":""}
{"timestamp":"2026-03-24T14:43:49.879+07:00","level":"INFO","app":"flashcard-backend","thread":"main","logger":"c.k.f.c.o.NewRelicAuthInstrumentation","message":"event=new_relic_auth_metric metric=admin_moderation_outcome action=USER_BAN status=success attributes={adminUserId=aca638c9-e021-4a78-8a03-377572119f48, targetUserId=d8bc5a8b-9f9c-446b-955b-12707ecf49ea} count=1","exception":""}
{"timestamp":"2026-03-24T14:43:50.026+07:00","level":"INFO","app":"flashcard-backend","thread":"main","logger":"c.k.f.c.o.NewRelicDeckMediaInstrumentation","message":"event=new_relic_deck_media metric=card_outcome operation=update status=success attributes={cardId=31297863-b560-4445-b232-793a5b25b6b1} count=1","exception":""}
{"timestamp":"2026-03-24T14:43:50.027+07:00","level":"INFO","app":"flashcard-backend","thread":"main","logger":"c.k.f.c.o.NewRelicAuthInstrumentation","message":"event=new_relic_auth_metric metric=admin_moderation_outcome action=CARD_EDIT status=success attributes={adminUserId=aca638c9-e021-4a78-8a03-377572119f48, cardId=31297863-b560-4445-b232-793a5b25b6b1} count=1","exception":""}
{"timestamp":"2026-03-24T14:43:50.292+07:00","level":"INFO","app":"flashcard-backend","thread":"main","logger":"c.k.f.c.o.NewRelicDeckMediaInstrumentation","message":"event=new_relic_deck_media metric=deck_outcome operation=delete status=success attributes={deckId=f89da20e-00ec-4083-8863-40afedf1a2cb} count=1","exception":""}
{"timestamp":"2026-03-24T14:43:50.293+07:00","level":"INFO","app":"flashcard-backend","thread":"main","logger":"c.k.f.c.o.NewRelicAuthInstrumentation","message":"event=new_relic_auth_metric metric=admin_moderation_outcome action=DECK_DELETE status=success attributes={adminUserId=aca638c9-e021-4a78-8a03-377572119f48, deckId=f89da20e-00ec-4083-8863-40afedf1a2cb} count=1","exception":""}
{"timestamp":"2026-03-24T14:43:50.316+07:00","level":"INFO","app":"flashcard-backend","thread":"main","logger":"c.k.f.c.o.NewRelicDeckMediaInstrumentation","message":"event=new_relic_deck_media metric=deck_outcome operation=create status=success attributes={deckId=f35a351c-d4e3-4a7c-afc9-e273fec7a266} count=1","exception":""}
{"timestamp":"2026-03-24T14:43:50.317+07:00","level":"INFO","app":"flashcard-backend","thread":"main","logger":"c.k.f.s.p.RelationalPersistenceService","message":"event=relational_deck_create_success deckId=f35a351c-d4e3-4a7c-afc9-e273fec7a266 authorId=253cca60-41d4-45d4-ad18-2aa65b6187d7","exception":""}
{"timestamp":"2026-03-24T14:43:50.318+07:00","level":"INFO","app":"flashcard-backend","thread":"main","logger":"c.k.f.c.o.NewRelicDeckMediaInstrumentation","message":"event=new_relic_deck_media metric=card_outcome operation=create status=success attributes={deckId=f35a351c-d4e3-4a7c-afc9-e273fec7a266, cardId=645d19f7-98e3-45b2-828a-2f65f60eb93d} count=1","exception":""}
{"timestamp":"2026-03-24T14:43:50.318+07:00","level":"INFO","app":"flashcard-backend","thread":"main","logger":"c.k.f.s.p.RelationalPersistenceService","message":"event=relational_card_create_success cardId=645d19f7-98e3-45b2-828a-2f65f60eb93d deckId=f35a351c-d4e3-4a7c-afc9-e273fec7a266","exception":""}
{"timestamp":"2026-03-24T14:43:50.392+07:00","level":"INFO","app":"flashcard-backend","thread":"main","logger":"o.s.t.c.s.AnnotationConfigContextLoaderUtils","message":"Could not detect default configuration classes for test class [com.khaleo.flashcard.contract.auth.AuthPasswordResetContractTest]: AuthPasswordResetContractTest does not declare any static, non-private, non-final, nested classes annotated with @Configuration.","exception":""}
{"timestamp":"2026-03-24T14:43:50.419+07:00","level":"INFO","app":"flashcard-backend","thread":"main","logger":"o.s.b.t.c.SpringBootTestContextBootstrapper","message":"Found @SpringBootConfiguration com.khaleo.flashcard.FlashcardApplication for test class com.khaleo.flashcard.contract.auth.AuthPasswordResetContractTest","exception":""}

  .   ____          _            __ _ _
 /\\ / ___'_ __ _ _(_)_ __  __ _ \ \ \ \
( ( )\___ | '_ | '_| | '_ \/ _` | \ \ \ \
 \\/  ___)| |_)| | | | | || (_| |  ) ) ) )
  '  |____| .__|_| |_|_| |_\__, | / / / /
 =========|_|==============|___/=/_/_/_/

 :: Spring Boot ::                (v3.3.2)

{"timestamp":"2026-03-24T14:43:50.458+07:00","level":"INFO","app":"flashcard-backend","thread":"main","logger":"c.k.f.c.a.AuthPasswordResetContractTest","message":"Starting AuthPasswordResetContractTest using Java 17.0.14 with PID 29708 (started by brvkh in C:\Workspace\FPT\github\KhaLeo\backend)","exception":""}
{"timestamp":"2026-03-24T14:43:50.459+07:00","level":"INFO","app":"flashcard-backend","thread":"main","logger":"c.k.f.c.a.AuthPasswordResetContractTest","message":"No active profile set, falling back to 1 default profile: \"default\"","exception":""}
{"timestamp":"2026-03-24T14:43:50.985+07:00","level":"INFO","app":"flashcard-backend","thread":"main","logger":"o.s.d.r.c.RepositoryConfigurationDelegate","message":"Bootstrapping Spring Data JPA repositories in DEFAULT mode.","exception":""}
{"timestamp":"2026-03-24T14:43:51.050+07:00","level":"INFO","app":"flashcard-backend","thread":"main","logger":"o.s.d.r.c.RepositoryConfigurationDelegate","message":"Finished Spring Data repository scanning in 64 ms. Found 13 JPA repository interfaces.","exception":""}
{"timestamp":"2026-03-24T14:43:51.839+07:00","level":"INFO","app":"flashcard-backend","thread":"main","logger":"com.zaxxer.hikari.HikariDataSource","message":"HikariPool-2 - Starting...","exception":""}
{"timestamp":"2026-03-24T14:43:51.917+07:00","level":"INFO","app":"flashcard-backend","thread":"main","logger":"com.zaxxer.hikari.pool.HikariPool","message":"HikariPool-2 - Added connection com.mysql.cj.jdbc.ConnectionImpl@4783655f","exception":""}
{"timestamp":"2026-03-24T14:43:51.918+07:00","level":"INFO","app":"flashcard-backend","thread":"main","logger":"com.zaxxer.hikari.HikariDataSource","message":"HikariPool-2 - Start completed.","exception":""}
{"timestamp":"2026-03-24T14:43:51.934+07:00","level":"INFO","app":"flashcard-backend","thread":"main","logger":"org.flywaydb.core.FlywayExecutor","message":"Database: jdbc:mysql://localhost:59972/khaleo_flashcard_test (MySQL 8.0)","exception":""}
{"timestamp":"2026-03-24T14:43:51.990+07:00","level":"INFO","app":"flashcard-backend","thread":"main","logger":"o.f.core.internal.command.DbValidate","message":"Successfully validated 9 migrations (execution time 00:00.032s)","exception":""}
{"timestamp":"2026-03-24T14:43:52.020+07:00","level":"INFO","app":"flashcard-backend","thread":"main","logger":"o.f.core.internal.command.DbMigrate","message":"Current version of schema `khaleo_flashcard_test`: 20260324.011","exception":""}
{"timestamp":"2026-03-24T14:43:52.023+07:00","level":"INFO","app":"flashcard-backend","thread":"main","logger":"o.f.core.internal.command.DbMigrate","message":"Schema `khaleo_flashcard_test` is up to date. No migration necessary.","exception":""}
{"timestamp":"2026-03-24T14:43:52.175+07:00","level":"INFO","app":"flashcard-backend","thread":"main","logger":"o.h.jpa.internal.util.LogHelper","message":"HHH000204: Processing PersistenceUnitInfo [name: default]","exception":""}
{"timestamp":"2026-03-24T14:43:52.183+07:00","level":"INFO","app":"flashcard-backend","thread":"main","logger":"o.h.c.i.RegionFactoryInitiator","message":"HHH000026: Second-level cache disabled","exception":""}
{"timestamp":"2026-03-24T14:43:52.219+07:00","level":"INFO","app":"flashcard-backend","thread":"main","logger":"o.s.o.j.p.SpringPersistenceUnitInfo","message":"No LoadTimeWeaver setup: ignoring JPA class transformer","exception":""}
{"timestamp":"2026-03-24T14:43:52.226+07:00","level":"WARN","app":"flashcard-backend","thread":"main","logger":"org.hibernate.orm.incubating","message":"HHH90006001: Encountered incubating setting [hibernate.type.preferred_uuid_jdbc_type].  See javadoc on corresponding `org.hibernate.cfg.AvailableSettings` constant for details.","exception":""}
{"timestamp":"2026-03-24T14:43:52.332+07:00","level":"WARN","app":"flashcard-backend","thread":"main","logger":"org.hibernate.orm.incubating","message":"HHH90006001: Encountered incubating setting [hibernate.type.preferred_uuid_jdbc_type].  See javadoc on corresponding `org.hibernate.cfg.AvailableSettings` constant for details.","exception":""}
{"timestamp":"2026-03-24T14:43:52.873+07:00","level":"INFO","app":"flashcard-backend","thread":"main","logger":"o.h.e.t.j.p.i.JtaPlatformInitiator","message":"HHH000489: No JTA platform available (set 'hibernate.transaction.jta.platform' to enable JTA platform integration)","exception":""}
{"timestamp":"2026-03-24T14:43:52.893+07:00","level":"INFO","app":"flashcard-backend","thread":"main","logger":"o.s.o.j.LocalContainerEntityManagerFactoryBean","message":"Initialized JPA EntityManagerFactory for persistence unit 'default'","exception":""}
{"timestamp":"2026-03-24T14:43:53.855+07:00","level":"WARN","app":"flashcard-backend","thread":"main","logger":"o.s.w.c.s.GenericWebApplicationContext","message":"Exception encountered during context initialization - cancelling refresh attempt: org.springframework.beans.factory.UnsatisfiedDependencyException: Error creating bean with name 'authPasswordController' defined in file [C:\Workspace\FPT\github\KhaLeo\backend\target\classes\com\khaleo\flashcard\controller\auth\AuthPasswordController.class]: Unsatisfied dependency expressed through constructor parameter 0: Error creating bean with name 'passwordResetService' defined in file [C:\Workspace\FPT\github\KhaLeo\backend\target\classes\com\khaleo\flashcard\service\auth\PasswordResetService.class]: Unsatisfied dependency expressed through constructor parameter 4: No qualifying bean of type 'com.khaleo.flashcard.service.auth.EmailService' available: expected single matching bean but found 2: mockEmailService,com.khaleo.flashcard.service.auth.SesEmailService#0","exception":""}
{"timestamp":"2026-03-24T14:43:53.890+07:00","level":"INFO","app":"flashcard-backend","thread":"main","logger":"o.s.o.j.LocalContainerEntityManagerFactoryBean","message":"Closing JPA EntityManagerFactory for persistence unit 'default'","exception":""}
{"timestamp":"2026-03-24T14:43:53.892+07:00","level":"INFO","app":"flashcard-backend","thread":"main","logger":"com.zaxxer.hikari.HikariDataSource","message":"HikariPool-2 - Shutdown initiated...","exception":""}
{"timestamp":"2026-03-24T14:43:53.911+07:00","level":"INFO","app":"flashcard-backend","thread":"main","logger":"com.zaxxer.hikari.HikariDataSource","message":"HikariPool-2 - Shutdown completed.","exception":""}
{"timestamp":"2026-03-24T14:43:53.927+07:00","level":"INFO","app":"flashcard-backend","thread":"main","logger":"o.s.b.a.l.ConditionEvaluationReportLogger","message":"

Error starting ApplicationContext. To display the condition evaluation report re-run your application with 'debug' enabled.","exception":""}
{"timestamp":"2026-03-24T14:43:53.962+07:00","level":"ERROR","app":"flashcard-backend","thread":"main","logger":"o.s.b.d.LoggingFailureAnalysisReporter","message":"

***************************
APPLICATION FAILED TO START
***************************

Description:

Parameter 4 of constructor in com.khaleo.flashcard.service.auth.PasswordResetService required a single bean, but 2 were found:
	- mockEmailService: defined in file [C:\Workspace\FPT\github\KhaLeo\backend\target\classes\com\khaleo\flashcard\service\auth\MockEmailService.class]
	- com.khaleo.flashcard.service.auth.SesEmailService#0: defined in unknown location

This may be due to missing parameter name information

Action:

Consider marking one of the beans as @Primary, updating the consumer to accept multiple beans, or using @Qualifier to identify the bean that should be consumed

Ensure that your compiler is configured to use the '-parameters' flag.
You may need to update both your build tool settings as well as your IDE.
(See https://github.com/spring-projects/spring-framework/wiki/Upgrading-to-Spring-Framework-6.x#parameter-name-retention)

","exception":""}



============================
CONDITIONS EVALUATION REPORT
============================


Positive matches:
-----------------

    None


Negative matches:
-----------------

    None


Exclusions:
-----------

    None


Unconditional classes:
----------------------

    None



{"timestamp":"2026-03-24T14:43:53.976+07:00","level":"WARN","app":"flashcard-backend","thread":"main","logger":"o.s.test.context.TestContextManager","message":"Caught exception while allowing TestExecutionListener [org.springframework.test.context.web.ServletTestExecutionListener] to prepare test instance [com.khaleo.flashcard.contract.auth.AuthPasswordResetContractTest@52c171f6]","exception":"java.lang.IllegalStateException: Failed to load ApplicationContext for [WebMergedContextConfiguration@4c60efc0 testClass = com.khaleo.flashcard.contract.auth.AuthPasswordResetContractTest, locations = [], classes = [com.khaleo.flashcard.FlashcardApplication], contextInitializerClasses = [], activeProfiles = [], propertySourceDescriptors = [], propertySourceProperties = ["org.springframework.boot.test.context.SpringBootTestContextBootstrapper=true"], contextCustomizers = [[ImportsContextCustomizer@25a30529 key = [org.springframework.boot.test.autoconfigure.web.servlet.MockMvcWebDriverAutoConfiguration, org.springframework.boot.test.autoconfigure.web.servlet.MockMvcAutoConfiguration, org.springframework.boot.autoconfigure.security.oauth2.client.servlet.OAuth2ClientAutoConfiguration, org.springframework.boot.autoconfigure.security.servlet.SecurityAutoConfiguration, org.springframework.boot.autoconfigure.security.servlet.SecurityFilterAutoConfiguration, org.springframework.boot.autoconfigure.security.servlet.UserDetailsServiceAutoConfiguration, org.springframework.boot.autoconfigure.security.oauth2.resource.servlet.OAuth2ResourceServerAutoConfiguration, org.springframework.boot.test.autoconfigure.web.servlet.MockMvcSecurityConfiguration, org.springframework.boot.test.autoconfigure.web.servlet.MockMvcWebClientAutoConfiguration, org.springframework.boot.test.autoconfigure.web.reactive.WebTestClientAutoConfiguration]], org.springframework.boot.test.context.filter.ExcludeFilterContextCustomizer@16eccb2e, org.springframework.boot.test.json.DuplicateJsonObjectContextCustomizerFactory$DuplicateJsonObjectContextCustomizer@36cda2c2, org.springframework.boot.test.mock.mockito.MockitoContextCustomizer@19c48415, org.springframework.boot.test.web.client.TestRestTemplateContextCustomizer@38b27cdc, org.springframework.boot.test.web.reactor.netty.DisableReactorResourceFactoryGlobalResourcesContextCustomizerFactory$DisableReactorResourceFactoryGlobalResourcesContextCustomizerCustomizer@56673b2c, org.springframework.boot.test.autoconfigure.actuate.observability.ObservabilityContextCustomizerFactory$DisableObservabilityContextCustomizer@1f, org.springframework.boot.test.autoconfigure.properties.PropertyMappingContextCustomizer@4b3fa0b3, org.springframework.boot.test.autoconfigure.web.servlet.WebDriverContextCustomizer@146dfe6, org.springframework.test.context.support.DynamicPropertiesContextCustomizer@8b7f681f, org.springframework.boot.test.context.SpringBootTestAnnotation@1bf9202f], resourceBasePath = "src/main/webapp", contextLoader = org.springframework.boot.test.context.SpringBootContextLoader, parent = null]
\n	at org.springframework.test.context.cache.DefaultCacheAwareContextLoaderDelegate.loadContext(DefaultCacheAwareContextLoaderDelegate.java:180)
\nCaused by: org.springframework.beans.factory.UnsatisfiedDependencyException: Error creating bean with name 'authPasswordController' defined in file [C:\Workspace\FPT\github\KhaLeo\backend\target\classes\com\khaleo\flashcard\controller\auth\AuthPasswordController.class]: Unsatisfied dependency expressed through constructor parameter 0: Error creating bean with name 'passwordResetService' defined in file [C:\Workspace\FPT\github\KhaLeo\backend\target\classes\com\khaleo\flashcard\service\auth\PasswordResetService.class]: Unsatisfied dependency expressed through constructor parameter 4: No qualifying bean of type 'com.khaleo.flashcard.service.auth.EmailService' available: expected single matching bean but found 2: mockEmailService,com.khaleo.flashcard.service.auth.SesEmailService#0
\n	at org.springframework.beans.factory.support.ConstructorResolver.createArgumentArray(ConstructorResolver.java:795)
\nCaused by: org.springframework.beans.factory.UnsatisfiedDependencyException: Error creating bean with name 'passwordResetService' defined in file [C:\Workspace\FPT\github\KhaLeo\backend\target\classes\com\khaleo\flashcard\service\auth\PasswordResetService.class]: Unsatisfied dependency expressed through constructor parameter 4: No qualifying bean of type 'com.khaleo.flashcard.service.auth.EmailService' available: expected single matching bean but found 2: mockEmailService,com.khaleo.flashcard.service.auth.SesEmailService#0
\n	at org.springframework.beans.factory.support.ConstructorResolver.createArgumentArray(ConstructorResolver.java:795)
\nCaused by: org.springframework.beans.factory.NoUniqueBeanDefinitionException: No qualifying bean of type 'com.khaleo.flashcard.service.auth.EmailService' available: expected single matching bean but found 2: mockEmailService,com.khaleo.flashcard.service.auth.SesEmailService#0
\n	at org.springframework.beans.factory.config.DependencyDescriptor.resolveNotUnique(DependencyDescriptor.java:218)
\n"}
{"timestamp":"2026-03-24T14:43:53.993+07:00","level":"WARN","app":"flashcard-backend","thread":"main","logger":"o.s.test.context.TestContextManager","message":"Caught exception while allowing TestExecutionListener [org.springframework.test.context.web.ServletTestExecutionListener] to prepare test instance [com.khaleo.flashcard.contract.auth.AuthPasswordResetContractTest@79a743dd]","exception":"java.lang.IllegalStateException: ApplicationContext failure threshold (1) exceeded: skipping repeated attempt to load context for [WebMergedContextConfiguration@4c60efc0 testClass = com.khaleo.flashcard.contract.auth.AuthPasswordResetContractTest, locations = [], classes = [com.khaleo.flashcard.FlashcardApplication], contextInitializerClasses = [], activeProfiles = [], propertySourceDescriptors = [], propertySourceProperties = ["org.springframework.boot.test.context.SpringBootTestContextBootstrapper=true"], contextCustomizers = [[ImportsContextCustomizer@25a30529 key = [org.springframework.boot.test.autoconfigure.web.servlet.MockMvcWebDriverAutoConfiguration, org.springframework.boot.test.autoconfigure.web.servlet.MockMvcAutoConfiguration, org.springframework.boot.autoconfigure.security.oauth2.client.servlet.OAuth2ClientAutoConfiguration, org.springframework.boot.autoconfigure.security.servlet.SecurityAutoConfiguration, org.springframework.boot.autoconfigure.security.servlet.SecurityFilterAutoConfiguration, org.springframework.boot.autoconfigure.security.servlet.UserDetailsServiceAutoConfiguration, org.springframework.boot.autoconfigure.security.oauth2.resource.servlet.OAuth2ResourceServerAutoConfiguration, org.springframework.boot.test.autoconfigure.web.servlet.MockMvcSecurityConfiguration, org.springframework.boot.test.autoconfigure.web.servlet.MockMvcWebClientAutoConfiguration, org.springframework.boot.test.autoconfigure.web.reactive.WebTestClientAutoConfiguration]], org.springframework.boot.test.context.filter.ExcludeFilterContextCustomizer@16eccb2e, org.springframework.boot.test.json.DuplicateJsonObjectContextCustomizerFactory$DuplicateJsonObjectContextCustomizer@36cda2c2, org.springframework.boot.test.mock.mockito.MockitoContextCustomizer@19c48415, org.springframework.boot.test.web.client.TestRestTemplateContextCustomizer@38b27cdc, org.springframework.boot.test.web.reactor.netty.DisableReactorResourceFactoryGlobalResourcesContextCustomizerFactory$DisableReactorResourceFactoryGlobalResourcesContextCustomizerCustomizer@56673b2c, org.springframework.boot.test.autoconfigure.actuate.observability.ObservabilityContextCustomizerFactory$DisableObservabilityContextCustomizer@1f, org.springframework.boot.test.autoconfigure.properties.PropertyMappingContextCustomizer@4b3fa0b3, org.springframework.boot.test.autoconfigure.web.servlet.WebDriverContextCustomizer@146dfe6, org.springframework.test.context.support.DynamicPropertiesContextCustomizer@8b7f681f, org.springframework.boot.test.context.SpringBootTestAnnotation@1bf9202f], resourceBasePath = "src/main/webapp", contextLoader = org.springframework.boot.test.context.SpringBootContextLoader, parent = null]
\n	at org.springframework.test.context.cache.DefaultCacheAwareContextLoaderDelegate.loadContext(DefaultCacheAwareContextLoaderDelegate.java:145)
\n"}
[ERROR] Tests run: 2, Failures: 0, Errors: 2, Skipped: 0, Time elapsed: 3.611 s <<< FAILURE! -- in com.khaleo.flashcard.contract.auth.AuthPasswordResetContractTest
[ERROR] com.khaleo.flashcard.contract.auth.AuthPasswordResetContractTest.shouldAcceptForgotPasswordWithoutEnumeration -- Time elapsed: 0.003 s <<< ERROR!
java.lang.IllegalStateException: Failed to load ApplicationContext for [WebMergedContextConfiguration@4c60efc0 testClass = com.khaleo.flashcard.contract.auth.AuthPasswordResetContractTest, locations = [], classes = [com.khaleo.flashcard.FlashcardApplication], contextInitializerClasses = [], activeProfiles = [], propertySourceDescriptors = [], propertySourceProperties = ["org.springframework.boot.test.context.SpringBootTestContextBootstrapper=true"], contextCustomizers = [[ImportsContextCustomizer@25a30529 key = [org.springframework.boot.test.autoconfigure.web.servlet.MockMvcWebDriverAutoConfiguration, org.springframework.boot.test.autoconfigure.web.servlet.MockMvcAutoConfiguration, org.springframework.boot.autoconfigure.security.oauth2.client.servlet.OAuth2ClientAutoConfiguration, org.springframework.boot.autoconfigure.security.servlet.SecurityAutoConfiguration, org.springframework.boot.autoconfigure.security.servlet.SecurityFilterAutoConfiguration, org.springframework.boot.autoconfigure.security.servlet.UserDetailsServiceAutoConfiguration, org.springframework.boot.autoconfigure.security.oauth2.resource.servlet.OAuth2ResourceServerAutoConfiguration, org.springframework.boot.test.autoconfigure.web.servlet.MockMvcSecurityConfiguration, org.springframework.boot.test.autoconfigure.web.servlet.MockMvcWebClientAutoConfiguration, org.springframework.boot.test.autoconfigure.web.reactive.WebTestClientAutoConfiguration]], org.springframework.boot.test.context.filter.ExcludeFilterContextCustomizer@16eccb2e, org.springframework.boot.test.json.DuplicateJsonObjectContextCustomizerFactory$DuplicateJsonObjectContextCustomizer@36cda2c2, org.springframework.boot.test.mock.mockito.MockitoContextCustomizer@19c48415, org.springframework.boot.test.web.client.TestRestTemplateContextCustomizer@38b27cdc, org.springframework.boot.test.web.reactor.netty.DisableReactorResourceFactoryGlobalResourcesContextCustomizerFactory$DisableReactorResourceFactoryGlobalResourcesContextCustomizerCustomizer@56673b2c, org.springframework.boot.test.autoconfigure.actuate.observability.ObservabilityContextCustomizerFactory$DisableObservabilityContextCustomizer@1f, org.springframework.boot.test.autoconfigure.properties.PropertyMappingContextCustomizer@4b3fa0b3, org.springframework.boot.test.autoconfigure.web.servlet.WebDriverContextCustomizer@146dfe6, org.springframework.test.context.support.DynamicPropertiesContextCustomizer@8b7f681f, org.springframework.boot.test.context.SpringBootTestAnnotation@1bf9202f], resourceBasePath = "src/main/webapp", contextLoader = org.springframework.boot.test.context.SpringBootContextLoader, parent = null]
	at org.springframework.test.context.cache.DefaultCacheAwareContextLoaderDelegate.loadContext(DefaultCacheAwareContextLoaderDelegate.java:180)
	at org.springframework.test.context.support.DefaultTestContext.getApplicationContext(DefaultTestContext.java:130)
	at org.springframework.test.context.web.ServletTestExecutionListener.setUpRequestContextIfNecessary(ServletTestExecutionListener.java:191)
	at org.springframework.test.context.web.ServletTestExecutionListener.prepareTestInstance(ServletTestExecutionListener.java:130)
	at org.springframework.test.context.TestContextManager.prepareTestInstance(TestContextManager.java:260)
	at org.springframework.test.context.junit.jupiter.SpringExtension.postProcessTestInstance(SpringExtension.java:163)
	at java.base/java.util.stream.ReferencePipeline$3$1.accept(ReferencePipeline.java:197)
	at java.base/java.util.stream.ReferencePipeline$2$1.accept(ReferencePipeline.java:179)
	at java.base/java.util.ArrayList$ArrayListSpliterator.forEachRemaining(ArrayList.java:1625)
	at java.base/java.util.stream.AbstractPipeline.copyInto(AbstractPipeline.java:509)
	at java.base/java.util.stream.AbstractPipeline.wrapAndCopyInto(AbstractPipeline.java:499)
	at java.base/java.util.stream.StreamSpliterators$WrappingSpliterator.forEachRemaining(StreamSpliterators.java:310)
	at java.base/java.util.stream.Streams$ConcatSpliterator.forEachRemaining(Streams.java:735)
	at java.base/java.util.stream.Streams$ConcatSpliterator.forEachRemaining(Streams.java:734)
	at java.base/java.util.stream.ReferencePipeline$Head.forEach(ReferencePipeline.java:762)
	at java.base/java.util.Optional.orElseGet(Optional.java:364)
	at java.base/java.util.ArrayList.forEach(ArrayList.java:1511)
	at java.base/java.util.ArrayList.forEach(ArrayList.java:1511)
Caused by: org.springframework.beans.factory.UnsatisfiedDependencyException: Error creating bean with name 'authPasswordController' defined in file [C:\Workspace\FPT\github\KhaLeo\backend\target\classes\com\khaleo\flashcard\controller\auth\AuthPasswordController.class]: Unsatisfied dependency expressed through constructor parameter 0: Error creating bean with name 'passwordResetService' defined in file [C:\Workspace\FPT\github\KhaLeo\backend\target\classes\com\khaleo\flashcard\service\auth\PasswordResetService.class]: Unsatisfied dependency expressed through constructor parameter 4: No qualifying bean of type 'com.khaleo.flashcard.service.auth.EmailService' available: expected single matching bean but found 2: mockEmailService,com.khaleo.flashcard.service.auth.SesEmailService#0
	at org.springframework.beans.factory.support.ConstructorResolver.createArgumentArray(ConstructorResolver.java:795)
	at org.springframework.beans.factory.support.ConstructorResolver.autowireConstructor(ConstructorResolver.java:237)
	at org.springframework.beans.factory.support.AbstractAutowireCapableBeanFactory.autowireConstructor(AbstractAutowireCapableBeanFactory.java:1375)
	at org.springframework.beans.factory.support.AbstractAutowireCapableBeanFactory.createBeanInstance(AbstractAutowireCapableBeanFactory.java:1212)
	at org.springframework.beans.factory.support.AbstractAutowireCapableBeanFactory.doCreateBean(AbstractAutowireCapableBeanFactory.java:562)
	at org.springframework.beans.factory.support.AbstractAutowireCapableBeanFactory.createBean(AbstractAutowireCapableBeanFactory.java:522)
	at org.springframework.beans.factory.support.AbstractBeanFactory.lambda$doGetBean$0(AbstractBeanFactory.java:337)
	at org.springframework.beans.factory.support.DefaultSingletonBeanRegistry.getSingleton(DefaultSingletonBeanRegistry.java:234)
	at org.springframework.beans.factory.support.AbstractBeanFactory.doGetBean(AbstractBeanFactory.java:335)
	at org.springframework.beans.factory.support.AbstractBeanFactory.getBean(AbstractBeanFactory.java:200)
	at org.springframework.beans.factory.support.DefaultListableBeanFactory.preInstantiateSingletons(DefaultListableBeanFactory.java:975)
	at org.springframework.context.support.AbstractApplicationContext.finishBeanFactoryInitialization(AbstractApplicationContext.java:971)
	at org.springframework.context.support.AbstractApplicationContext.refresh(AbstractApplicationContext.java:625)
	at org.springframework.boot.SpringApplication.refresh(SpringApplication.java:754)
	at org.springframework.boot.SpringApplication.refreshContext(SpringApplication.java:456)
	at org.springframework.boot.SpringApplication.run(SpringApplication.java:335)
	at org.springframework.boot.test.context.SpringBootContextLoader.lambda$loadContext$3(SpringBootContextLoader.java:137)
	at org.springframework.util.function.ThrowingSupplier.get(ThrowingSupplier.java:58)
	at org.springframework.util.function.ThrowingSupplier.get(ThrowingSupplier.java:46)
	at org.springframework.boot.SpringApplication.withHook(SpringApplication.java:1463)
	at org.springframework.boot.test.context.SpringBootContextLoader$ContextLoaderHook.run(SpringBootContextLoader.java:553)
	at org.springframework.boot.test.context.SpringBootContextLoader.loadContext(SpringBootContextLoader.java:137)
	at org.springframework.boot.test.context.SpringBootContextLoader.loadContext(SpringBootContextLoader.java:108)
	at org.springframework.test.context.cache.DefaultCacheAwareContextLoaderDelegate.loadContextInternal(DefaultCacheAwareContextLoaderDelegate.java:225)
	at org.springframework.test.context.cache.DefaultCacheAwareContextLoaderDelegate.loadContext(DefaultCacheAwareContextLoaderDelegate.java:152)
	... 17 more
Caused by: org.springframework.beans.factory.UnsatisfiedDependencyException: Error creating bean with name 'passwordResetService' defined in file [C:\Workspace\FPT\github\KhaLeo\backend\target\classes\com\khaleo\flashcard\service\auth\PasswordResetService.class]: Unsatisfied dependency expressed through constructor parameter 4: No qualifying bean of type 'com.khaleo.flashcard.service.auth.EmailService' available: expected single matching bean but found 2: mockEmailService,com.khaleo.flashcard.service.auth.SesEmailService#0
	at org.springframework.beans.factory.support.ConstructorResolver.createArgumentArray(ConstructorResolver.java:795)
	at org.springframework.beans.factory.support.ConstructorResolver.autowireConstructor(ConstructorResolver.java:237)
	at org.springframework.beans.factory.support.AbstractAutowireCapableBeanFactory.autowireConstructor(AbstractAutowireCapableBeanFactory.java:1375)
	at org.springframework.beans.factory.support.AbstractAutowireCapableBeanFactory.createBeanInstance(AbstractAutowireCapableBeanFactory.java:1212)
	at org.springframework.beans.factory.support.AbstractAutowireCapableBeanFactory.doCreateBean(AbstractAutowireCapableBeanFactory.java:562)
	at org.springframework.beans.factory.support.AbstractAutowireCapableBeanFactory.createBean(AbstractAutowireCapableBeanFactory.java:522)
	at org.springframework.beans.factory.support.AbstractBeanFactory.lambda$doGetBean$0(AbstractBeanFactory.java:337)
	at org.springframework.beans.factory.support.DefaultSingletonBeanRegistry.getSingleton(DefaultSingletonBeanRegistry.java:234)
	at org.springframework.beans.factory.support.AbstractBeanFactory.doGetBean(AbstractBeanFactory.java:335)
	at org.springframework.beans.factory.support.AbstractBeanFactory.getBean(AbstractBeanFactory.java:200)
	at org.springframework.beans.factory.config.DependencyDescriptor.resolveCandidate(DependencyDescriptor.java:254)
	at org.springframework.beans.factory.support.DefaultListableBeanFactory.doResolveDependency(DefaultListableBeanFactory.java:1443)
	at org.springframework.beans.factory.support.DefaultListableBeanFactory.resolveDependency(DefaultListableBeanFactory.java:1353)
	at org.springframework.beans.factory.support.ConstructorResolver.resolveAutowiredArgument(ConstructorResolver.java:904)
	at org.springframework.beans.factory.support.ConstructorResolver.createArgumentArray(ConstructorResolver.java:782)
	... 41 more
Caused by: org.springframework.beans.factory.NoUniqueBeanDefinitionException: No qualifying bean of type 'com.khaleo.flashcard.service.auth.EmailService' available: expected single matching bean but found 2: mockEmailService,com.khaleo.flashcard.service.auth.SesEmailService#0
	at org.springframework.beans.factory.config.DependencyDescriptor.resolveNotUnique(DependencyDescriptor.java:218)
	at org.springframework.beans.factory.support.DefaultListableBeanFactory.doResolveDependency(DefaultListableBeanFactory.java:1420)
	at org.springframework.beans.factory.support.DefaultListableBeanFactory.resolveDependency(DefaultListableBeanFactory.java:1353)
	at org.springframework.beans.factory.support.ConstructorResolver.resolveAutowiredArgument(ConstructorResolver.java:904)
	at org.springframework.beans.factory.support.ConstructorResolver.createArgumentArray(ConstructorResolver.java:782)
	... 55 more

[ERROR] com.khaleo.flashcard.contract.auth.AuthPasswordResetContractTest.shouldResetPasswordWithValidToken -- Time elapsed: 0 s <<< ERROR!
java.lang.IllegalStateException: ApplicationContext failure threshold (1) exceeded: skipping repeated attempt to load context for [WebMergedContextConfiguration@4c60efc0 testClass = com.khaleo.flashcard.contract.auth.AuthPasswordResetContractTest, locations = [], classes = [com.khaleo.flashcard.FlashcardApplication], contextInitializerClasses = [], activeProfiles = [], propertySourceDescriptors = [], propertySourceProperties = ["org.springframework.boot.test.context.SpringBootTestContextBootstrapper=true"], contextCustomizers = [[ImportsContextCustomizer@25a30529 key = [org.springframework.boot.test.autoconfigure.web.servlet.MockMvcWebDriverAutoConfiguration, org.springframework.boot.test.autoconfigure.web.servlet.MockMvcAutoConfiguration, org.springframework.boot.autoconfigure.security.oauth2.client.servlet.OAuth2ClientAutoConfiguration, org.springframework.boot.autoconfigure.security.servlet.SecurityAutoConfiguration, org.springframework.boot.autoconfigure.security.servlet.SecurityFilterAutoConfiguration, org.springframework.boot.autoconfigure.security.servlet.UserDetailsServiceAutoConfiguration, org.springframework.boot.autoconfigure.security.oauth2.resource.servlet.OAuth2ResourceServerAutoConfiguration, org.springframework.boot.test.autoconfigure.web.servlet.MockMvcSecurityConfiguration, org.springframework.boot.test.autoconfigure.web.servlet.MockMvcWebClientAutoConfiguration, org.springframework.boot.test.autoconfigure.web.reactive.WebTestClientAutoConfiguration]], org.springframework.boot.test.context.filter.ExcludeFilterContextCustomizer@16eccb2e, org.springframework.boot.test.json.DuplicateJsonObjectContextCustomizerFactory$DuplicateJsonObjectContextCustomizer@36cda2c2, org.springframework.boot.test.mock.mockito.MockitoContextCustomizer@19c48415, org.springframework.boot.test.web.client.TestRestTemplateContextCustomizer@38b27cdc, org.springframework.boot.test.web.reactor.netty.DisableReactorResourceFactoryGlobalResourcesContextCustomizerFactory$DisableReactorResourceFactoryGlobalResourcesContextCustomizerCustomizer@56673b2c, org.springframework.boot.test.autoconfigure.actuate.observability.ObservabilityContextCustomizerFactory$DisableObservabilityContextCustomizer@1f, org.springframework.boot.test.autoconfigure.properties.PropertyMappingContextCustomizer@4b3fa0b3, org.springframework.boot.test.autoconfigure.web.servlet.WebDriverContextCustomizer@146dfe6, org.springframework.test.context.support.DynamicPropertiesContextCustomizer@8b7f681f, org.springframework.boot.test.context.SpringBootTestAnnotation@1bf9202f], resourceBasePath = "src/main/webapp", contextLoader = org.springframework.boot.test.context.SpringBootContextLoader, parent = null]
	at org.springframework.test.context.cache.DefaultCacheAwareContextLoaderDelegate.loadContext(DefaultCacheAwareContextLoaderDelegate.java:145)
	at org.springframework.test.context.support.DefaultTestContext.getApplicationContext(DefaultTestContext.java:130)
	at org.springframework.test.context.web.ServletTestExecutionListener.setUpRequestContextIfNecessary(ServletTestExecutionListener.java:191)
	at org.springframework.test.context.web.ServletTestExecutionListener.prepareTestInstance(ServletTestExecutionListener.java:130)
	at org.springframework.test.context.TestContextManager.prepareTestInstance(TestContextManager.java:260)
	at org.springframework.test.context.junit.jupiter.SpringExtension.postProcessTestInstance(SpringExtension.java:163)
	at java.base/java.util.stream.ReferencePipeline$3$1.accept(ReferencePipeline.java:197)
	at java.base/java.util.stream.ReferencePipeline$2$1.accept(ReferencePipeline.java:179)
	at java.base/java.util.ArrayList$ArrayListSpliterator.forEachRemaining(ArrayList.java:1625)
	at java.base/java.util.stream.AbstractPipeline.copyInto(AbstractPipeline.java:509)
	at java.base/java.util.stream.AbstractPipeline.wrapAndCopyInto(AbstractPipeline.java:499)
	at java.base/java.util.stream.StreamSpliterators$WrappingSpliterator.forEachRemaining(StreamSpliterators.java:310)
	at java.base/java.util.stream.Streams$ConcatSpliterator.forEachRemaining(Streams.java:735)
	at java.base/java.util.stream.Streams$ConcatSpliterator.forEachRemaining(Streams.java:734)
	at java.base/java.util.stream.ReferencePipeline$Head.forEach(ReferencePipeline.java:762)
	at java.base/java.util.Optional.orElseGet(Optional.java:364)
	at java.base/java.util.ArrayList.forEach(ArrayList.java:1511)
	at java.base/java.util.ArrayList.forEach(ArrayList.java:1511)

{"timestamp":"2026-03-24T14:43:54.008+07:00","level":"INFO","app":"flashcard-backend","thread":"main","logger":"o.s.t.c.s.AnnotationConfigContextLoaderUtils","message":"Could not detect default configuration classes for test class [com.khaleo.flashcard.contract.auth.AuthRegistrationVerificationContractTest]: AuthRegistrationVerificationContractTest does not declare any static, non-private, non-final, nested classes annotated with @Configuration.","exception":""}
{"timestamp":"2026-03-24T14:43:54.015+07:00","level":"INFO","app":"flashcard-backend","thread":"main","logger":"o.s.b.t.c.SpringBootTestContextBootstrapper","message":"Found @SpringBootConfiguration com.khaleo.flashcard.FlashcardApplication for test class com.khaleo.flashcard.contract.auth.AuthRegistrationVerificationContractTest","exception":""}
{"timestamp":"2026-03-24T14:43:54.020+07:00","level":"WARN","app":"flashcard-backend","thread":"main","logger":"o.s.test.context.TestContextManager","message":"Caught exception while allowing TestExecutionListener [org.springframework.test.context.web.ServletTestExecutionListener] to prepare test instance [com.khaleo.flashcard.contract.auth.AuthRegistrationVerificationContractTest@4a390522]","exception":"java.lang.IllegalStateException: ApplicationContext failure threshold (1) exceeded: skipping repeated attempt to load context for [WebMergedContextConfiguration@4e3652b7 testClass = com.khaleo.flashcard.contract.auth.AuthRegistrationVerificationContractTest, locations = [], classes = [com.khaleo.flashcard.FlashcardApplication], contextInitializerClasses = [], activeProfiles = [], propertySourceDescriptors = [], propertySourceProperties = ["org.springframework.boot.test.context.SpringBootTestContextBootstrapper=true"], contextCustomizers = [[ImportsContextCustomizer@4d70fc3c key = [org.springframework.boot.test.autoconfigure.web.servlet.MockMvcWebDriverAutoConfiguration, org.springframework.boot.test.autoconfigure.web.servlet.MockMvcAutoConfiguration, org.springframework.boot.autoconfigure.security.oauth2.client.servlet.OAuth2ClientAutoConfiguration, org.springframework.boot.autoconfigure.security.servlet.SecurityAutoConfiguration, org.springframework.boot.autoconfigure.security.servlet.SecurityFilterAutoConfiguration, org.springframework.boot.autoconfigure.security.servlet.UserDetailsServiceAutoConfiguration, org.springframework.boot.autoconfigure.security.oauth2.resource.servlet.OAuth2ResourceServerAutoConfiguration, org.springframework.boot.test.autoconfigure.web.servlet.MockMvcSecurityConfiguration, org.springframework.boot.test.autoconfigure.web.servlet.MockMvcWebClientAutoConfiguration, org.springframework.boot.test.autoconfigure.web.reactive.WebTestClientAutoConfiguration]], org.springframework.boot.test.context.filter.ExcludeFilterContextCustomizer@16eccb2e, org.springframework.boot.test.json.DuplicateJsonObjectContextCustomizerFactory$DuplicateJsonObjectContextCustomizer@36cda2c2, org.springframework.boot.test.mock.mockito.MockitoContextCustomizer@19c48415, org.springframework.boot.test.web.client.TestRestTemplateContextCustomizer@38b27cdc, org.springframework.boot.test.web.reactor.netty.DisableReactorResourceFactoryGlobalResourcesContextCustomizerFactory$DisableReactorResourceFactoryGlobalResourcesContextCustomizerCustomizer@56673b2c, org.springframework.boot.test.autoconfigure.actuate.observability.ObservabilityContextCustomizerFactory$DisableObservabilityContextCustomizer@1f, org.springframework.boot.test.autoconfigure.properties.PropertyMappingContextCustomizer@4b3fa0b3, org.springframework.boot.test.autoconfigure.web.servlet.WebDriverContextCustomizer@146dfe6, org.springframework.test.context.support.DynamicPropertiesContextCustomizer@8b7f681f, org.springframework.boot.test.context.SpringBootTestAnnotation@1bf9202f], resourceBasePath = "src/main/webapp", contextLoader = org.springframework.boot.test.context.SpringBootContextLoader, parent = null]
\n	at org.springframework.test.context.cache.DefaultCacheAwareContextLoaderDelegate.loadContext(DefaultCacheAwareContextLoaderDelegate.java:145)
\n"}
{"timestamp":"2026-03-24T14:43:54.023+07:00","level":"WARN","app":"flashcard-backend","thread":"main","logger":"o.s.test.context.TestContextManager","message":"Caught exception while allowing TestExecutionListener [org.springframework.test.context.web.ServletTestExecutionListener] to prepare test instance [com.khaleo.flashcard.contract.auth.AuthRegistrationVerificationContractTest@7077b9f1]","exception":"java.lang.IllegalStateException: ApplicationContext failure threshold (1) exceeded: skipping repeated attempt to load context for [WebMergedContextConfiguration@4e3652b7 testClass = com.khaleo.flashcard.contract.auth.AuthRegistrationVerificationContractTest, locations = [], classes = [com.khaleo.flashcard.FlashcardApplication], contextInitializerClasses = [], activeProfiles = [], propertySourceDescriptors = [], propertySourceProperties = ["org.springframework.boot.test.context.SpringBootTestContextBootstrapper=true"], contextCustomizers = [[ImportsContextCustomizer@4d70fc3c key = [org.springframework.boot.test.autoconfigure.web.servlet.MockMvcWebDriverAutoConfiguration, org.springframework.boot.test.autoconfigure.web.servlet.MockMvcAutoConfiguration, org.springframework.boot.autoconfigure.security.oauth2.client.servlet.OAuth2ClientAutoConfiguration, org.springframework.boot.autoconfigure.security.servlet.SecurityAutoConfiguration, org.springframework.boot.autoconfigure.security.servlet.SecurityFilterAutoConfiguration, org.springframework.boot.autoconfigure.security.servlet.UserDetailsServiceAutoConfiguration, org.springframework.boot.autoconfigure.security.oauth2.resource.servlet.OAuth2ResourceServerAutoConfiguration, org.springframework.boot.test.autoconfigure.web.servlet.MockMvcSecurityConfiguration, org.springframework.boot.test.autoconfigure.web.servlet.MockMvcWebClientAutoConfiguration, org.springframework.boot.test.autoconfigure.web.reactive.WebTestClientAutoConfiguration]], org.springframework.boot.test.context.filter.ExcludeFilterContextCustomizer@16eccb2e, org.springframework.boot.test.json.DuplicateJsonObjectContextCustomizerFactory$DuplicateJsonObjectContextCustomizer@36cda2c2, org.springframework.boot.test.mock.mockito.MockitoContextCustomizer@19c48415, org.springframework.boot.test.web.client.TestRestTemplateContextCustomizer@38b27cdc, org.springframework.boot.test.web.reactor.netty.DisableReactorResourceFactoryGlobalResourcesContextCustomizerFactory$DisableReactorResourceFactoryGlobalResourcesContextCustomizerCustomizer@56673b2c, org.springframework.boot.test.autoconfigure.actuate.observability.ObservabilityContextCustomizerFactory$DisableObservabilityContextCustomizer@1f, org.springframework.boot.test.autoconfigure.properties.PropertyMappingContextCustomizer@4b3fa0b3, org.springframework.boot.test.autoconfigure.web.servlet.WebDriverContextCustomizer@146dfe6, org.springframework.test.context.support.DynamicPropertiesContextCustomizer@8b7f681f, org.springframework.boot.test.context.SpringBootTestAnnotation@1bf9202f], resourceBasePath = "src/main/webapp", contextLoader = org.springframework.boot.test.context.SpringBootContextLoader, parent = null]
\n	at org.springframework.test.context.cache.DefaultCacheAwareContextLoaderDelegate.loadContext(DefaultCacheAwareContextLoaderDelegate.java:145)
\n"}
[ERROR] Tests run: 2, Failures: 0, Errors: 2, Skipped: 0, Time elapsed: 0.025 s <<< FAILURE! -- in com.khaleo.flashcard.contract.auth.AuthRegistrationVerificationContractTest
[ERROR] com.khaleo.flashcard.contract.auth.AuthRegistrationVerificationContractTest.shouldRegisterGuestAndReturnCreated -- Time elapsed: 0.001 s <<< ERROR!
java.lang.IllegalStateException: ApplicationContext failure threshold (1) exceeded: skipping repeated attempt to load context for [WebMergedContextConfiguration@4e3652b7 testClass = com.khaleo.flashcard.contract.auth.AuthRegistrationVerificationContractTest, locations = [], classes = [com.khaleo.flashcard.FlashcardApplication], contextInitializerClasses = [], activeProfiles = [], propertySourceDescriptors = [], propertySourceProperties = ["org.springframework.boot.test.context.SpringBootTestContextBootstrapper=true"], contextCustomizers = [[ImportsContextCustomizer@4d70fc3c key = [org.springframework.boot.test.autoconfigure.web.servlet.MockMvcWebDriverAutoConfiguration, org.springframework.boot.test.autoconfigure.web.servlet.MockMvcAutoConfiguration, org.springframework.boot.autoconfigure.security.oauth2.client.servlet.OAuth2ClientAutoConfiguration, org.springframework.boot.autoconfigure.security.servlet.SecurityAutoConfiguration, org.springframework.boot.autoconfigure.security.servlet.SecurityFilterAutoConfiguration, org.springframework.boot.autoconfigure.security.servlet.UserDetailsServiceAutoConfiguration, org.springframework.boot.autoconfigure.security.oauth2.resource.servlet.OAuth2ResourceServerAutoConfiguration, org.springframework.boot.test.autoconfigure.web.servlet.MockMvcSecurityConfiguration, org.springframework.boot.test.autoconfigure.web.servlet.MockMvcWebClientAutoConfiguration, org.springframework.boot.test.autoconfigure.web.reactive.WebTestClientAutoConfiguration]], org.springframework.boot.test.context.filter.ExcludeFilterContextCustomizer@16eccb2e, org.springframework.boot.test.json.DuplicateJsonObjectContextCustomizerFactory$DuplicateJsonObjectContextCustomizer@36cda2c2, org.springframework.boot.test.mock.mockito.MockitoContextCustomizer@19c48415, org.springframework.boot.test.web.client.TestRestTemplateContextCustomizer@38b27cdc, org.springframework.boot.test.web.reactor.netty.DisableReactorResourceFactoryGlobalResourcesContextCustomizerFactory$DisableReactorResourceFactoryGlobalResourcesContextCustomizerCustomizer@56673b2c, org.springframework.boot.test.autoconfigure.actuate.observability.ObservabilityContextCustomizerFactory$DisableObservabilityContextCustomizer@1f, org.springframework.boot.test.autoconfigure.properties.PropertyMappingContextCustomizer@4b3fa0b3, org.springframework.boot.test.autoconfigure.web.servlet.WebDriverContextCustomizer@146dfe6, org.springframework.test.context.support.DynamicPropertiesContextCustomizer@8b7f681f, org.springframework.boot.test.context.SpringBootTestAnnotation@1bf9202f], resourceBasePath = "src/main/webapp", contextLoader = org.springframework.boot.test.context.SpringBootContextLoader, parent = null]
	at org.springframework.test.context.cache.DefaultCacheAwareContextLoaderDelegate.loadContext(DefaultCacheAwareContextLoaderDelegate.java:145)
	at org.springframework.test.context.support.DefaultTestContext.getApplicationContext(DefaultTestContext.java:130)
	at org.springframework.test.context.web.ServletTestExecutionListener.setUpRequestContextIfNecessary(ServletTestExecutionListener.java:191)
	at org.springframework.test.context.web.ServletTestExecutionListener.prepareTestInstance(ServletTestExecutionListener.java:130)
	at org.springframework.test.context.TestContextManager.prepareTestInstance(TestContextManager.java:260)
	at org.springframework.test.context.junit.jupiter.SpringExtension.postProcessTestInstance(SpringExtension.java:163)
	at java.base/java.util.stream.ReferencePipeline$3$1.accept(ReferencePipeline.java:197)
	at java.base/java.util.stream.ReferencePipeline$2$1.accept(ReferencePipeline.java:179)
	at java.base/java.util.ArrayList$ArrayListSpliterator.forEachRemaining(ArrayList.java:1625)
	at java.base/java.util.stream.AbstractPipeline.copyInto(AbstractPipeline.java:509)
	at java.base/java.util.stream.AbstractPipeline.wrapAndCopyInto(AbstractPipeline.java:499)
	at java.base/java.util.stream.StreamSpliterators$WrappingSpliterator.forEachRemaining(StreamSpliterators.java:310)
	at java.base/java.util.stream.Streams$ConcatSpliterator.forEachRemaining(Streams.java:735)
	at java.base/java.util.stream.Streams$ConcatSpliterator.forEachRemaining(Streams.java:734)
	at java.base/java.util.stream.ReferencePipeline$Head.forEach(ReferencePipeline.java:762)
	at java.base/java.util.Optional.orElseGet(Optional.java:364)
	at java.base/java.util.ArrayList.forEach(ArrayList.java:1511)
	at java.base/java.util.ArrayList.forEach(ArrayList.java:1511)

[ERROR] com.khaleo.flashcard.contract.auth.AuthRegistrationVerificationContractTest.shouldVerifyTokenSuccessfully -- Time elapsed: 0 s <<< ERROR!
java.lang.IllegalStateException: ApplicationContext failure threshold (1) exceeded: skipping repeated attempt to load context for [WebMergedContextConfiguration@4e3652b7 testClass = com.khaleo.flashcard.contract.auth.AuthRegistrationVerificationContractTest, locations = [], classes = [com.khaleo.flashcard.FlashcardApplication], contextInitializerClasses = [], activeProfiles = [], propertySourceDescriptors = [], propertySourceProperties = ["org.springframework.boot.test.context.SpringBootTestContextBootstrapper=true"], contextCustomizers = [[ImportsContextCustomizer@4d70fc3c key = [org.springframework.boot.test.autoconfigure.web.servlet.MockMvcWebDriverAutoConfiguration, org.springframework.boot.test.autoconfigure.web.servlet.MockMvcAutoConfiguration, org.springframework.boot.autoconfigure.security.oauth2.client.servlet.OAuth2ClientAutoConfiguration, org.springframework.boot.autoconfigure.security.servlet.SecurityAutoConfiguration, org.springframework.boot.autoconfigure.security.servlet.SecurityFilterAutoConfiguration, org.springframework.boot.autoconfigure.security.servlet.UserDetailsServiceAutoConfiguration, org.springframework.boot.autoconfigure.security.oauth2.resource.servlet.OAuth2ResourceServerAutoConfiguration, org.springframework.boot.test.autoconfigure.web.servlet.MockMvcSecurityConfiguration, org.springframework.boot.test.autoconfigure.web.servlet.MockMvcWebClientAutoConfiguration, org.springframework.boot.test.autoconfigure.web.reactive.WebTestClientAutoConfiguration]], org.springframework.boot.test.context.filter.ExcludeFilterContextCustomizer@16eccb2e, org.springframework.boot.test.json.DuplicateJsonObjectContextCustomizerFactory$DuplicateJsonObjectContextCustomizer@36cda2c2, org.springframework.boot.test.mock.mockito.MockitoContextCustomizer@19c48415, org.springframework.boot.test.web.client.TestRestTemplateContextCustomizer@38b27cdc, org.springframework.boot.test.web.reactor.netty.DisableReactorResourceFactoryGlobalResourcesContextCustomizerFactory$DisableReactorResourceFactoryGlobalResourcesContextCustomizerCustomizer@56673b2c, org.springframework.boot.test.autoconfigure.actuate.observability.ObservabilityContextCustomizerFactory$DisableObservabilityContextCustomizer@1f, org.springframework.boot.test.autoconfigure.properties.PropertyMappingContextCustomizer@4b3fa0b3, org.springframework.boot.test.autoconfigure.web.servlet.WebDriverContextCustomizer@146dfe6, org.springframework.test.context.support.DynamicPropertiesContextCustomizer@8b7f681f, org.springframework.boot.test.context.SpringBootTestAnnotation@1bf9202f], resourceBasePath = "src/main/webapp", contextLoader = org.springframework.boot.test.context.SpringBootContextLoader, parent = null]
	at org.springframework.test.context.cache.DefaultCacheAwareContextLoaderDelegate.loadContext(DefaultCacheAwareContextLoaderDelegate.java:145)
	at org.springframework.test.context.support.DefaultTestContext.getApplicationContext(DefaultTestContext.java:130)
	at org.springframework.test.context.web.ServletTestExecutionListener.setUpRequestContextIfNecessary(ServletTestExecutionListener.java:191)
	at org.springframework.test.context.web.ServletTestExecutionListener.prepareTestInstance(ServletTestExecutionListener.java:130)
	at org.springframework.test.context.TestContextManager.prepareTestInstance(TestContextManager.java:260)
	at org.springframework.test.context.junit.jupiter.SpringExtension.postProcessTestInstance(SpringExtension.java:163)
	at java.base/java.util.stream.ReferencePipeline$3$1.accept(ReferencePipeline.java:197)
	at java.base/java.util.stream.ReferencePipeline$2$1.accept(ReferencePipeline.java:179)
	at java.base/java.util.ArrayList$ArrayListSpliterator.forEachRemaining(ArrayList.java:1625)
	at java.base/java.util.stream.AbstractPipeline.copyInto(AbstractPipeline.java:509)
	at java.base/java.util.stream.AbstractPipeline.wrapAndCopyInto(AbstractPipeline.java:499)
	at java.base/java.util.stream.StreamSpliterators$WrappingSpliterator.forEachRemaining(StreamSpliterators.java:310)
	at java.base/java.util.stream.Streams$ConcatSpliterator.forEachRemaining(Streams.java:735)
	at java.base/java.util.stream.Streams$ConcatSpliterator.forEachRemaining(Streams.java:734)
	at java.base/java.util.stream.ReferencePipeline$Head.forEach(ReferencePipeline.java:762)
	at java.base/java.util.Optional.orElseGet(Optional.java:364)
	at java.base/java.util.ArrayList.forEach(ArrayList.java:1511)
	at java.base/java.util.ArrayList.forEach(ArrayList.java:1511)

{"timestamp":"2026-03-24T14:43:54.037+07:00","level":"INFO","app":"flashcard-backend","thread":"main","logger":"o.s.t.c.s.AnnotationConfigContextLoaderUtils","message":"Could not detect default configuration classes for test class [com.khaleo.flashcard.contract.auth.AuthTokenLifecycleContractTest]: AuthTokenLifecycleContractTest does not declare any static, non-private, non-final, nested classes annotated with @Configuration.","exception":""}
{"timestamp":"2026-03-24T14:43:54.042+07:00","level":"INFO","app":"flashcard-backend","thread":"main","logger":"o.s.b.t.c.SpringBootTestContextBootstrapper","message":"Found @SpringBootConfiguration com.khaleo.flashcard.FlashcardApplication for test class com.khaleo.flashcard.contract.auth.AuthTokenLifecycleContractTest","exception":""}
{"timestamp":"2026-03-24T14:43:54.047+07:00","level":"WARN","app":"flashcard-backend","thread":"main","logger":"o.s.test.context.TestContextManager","message":"Caught exception while allowing TestExecutionListener [org.springframework.test.context.web.ServletTestExecutionListener] to prepare test instance [com.khaleo.flashcard.contract.auth.AuthTokenLifecycleContractTest@2b6de492]","exception":"java.lang.IllegalStateException: ApplicationContext failure threshold (1) exceeded: skipping repeated attempt to load context for [WebMergedContextConfiguration@24e26410 testClass = com.khaleo.flashcard.contract.auth.AuthTokenLifecycleContractTest, locations = [], classes = [com.khaleo.flashcard.FlashcardApplication], contextInitializerClasses = [], activeProfiles = [], propertySourceDescriptors = [], propertySourceProperties = ["org.springframework.boot.test.context.SpringBootTestContextBootstrapper=true"], contextCustomizers = [[ImportsContextCustomizer@5bba292 key = [org.springframework.boot.test.autoconfigure.web.servlet.MockMvcWebDriverAutoConfiguration, org.springframework.boot.test.autoconfigure.web.servlet.MockMvcAutoConfiguration, org.springframework.boot.autoconfigure.security.oauth2.client.servlet.OAuth2ClientAutoConfiguration, org.springframework.boot.autoconfigure.security.servlet.SecurityAutoConfiguration, org.springframework.boot.autoconfigure.security.servlet.SecurityFilterAutoConfiguration, org.springframework.boot.autoconfigure.security.servlet.UserDetailsServiceAutoConfiguration, org.springframework.boot.autoconfigure.security.oauth2.resource.servlet.OAuth2ResourceServerAutoConfiguration, org.springframework.boot.test.autoconfigure.web.servlet.MockMvcSecurityConfiguration, org.springframework.boot.test.autoconfigure.web.servlet.MockMvcWebClientAutoConfiguration, org.springframework.boot.test.autoconfigure.web.reactive.WebTestClientAutoConfiguration]], org.springframework.boot.test.context.filter.ExcludeFilterContextCustomizer@16eccb2e, org.springframework.boot.test.json.DuplicateJsonObjectContextCustomizerFactory$DuplicateJsonObjectContextCustomizer@36cda2c2, org.springframework.boot.test.mock.mockito.MockitoContextCustomizer@19c48415, org.springframework.boot.test.web.client.TestRestTemplateContextCustomizer@38b27cdc, org.springframework.boot.test.web.reactor.netty.DisableReactorResourceFactoryGlobalResourcesContextCustomizerFactory$DisableReactorResourceFactoryGlobalResourcesContextCustomizerCustomizer@56673b2c, org.springframework.boot.test.autoconfigure.actuate.observability.ObservabilityContextCustomizerFactory$DisableObservabilityContextCustomizer@1f, org.springframework.boot.test.autoconfigure.properties.PropertyMappingContextCustomizer@4b3fa0b3, org.springframework.boot.test.autoconfigure.web.servlet.WebDriverContextCustomizer@146dfe6, org.springframework.test.context.support.DynamicPropertiesContextCustomizer@8b7f681f, org.springframework.boot.test.context.SpringBootTestAnnotation@1bf9202f], resourceBasePath = "src/main/webapp", contextLoader = org.springframework.boot.test.context.SpringBootContextLoader, parent = null]
\n	at org.springframework.test.context.cache.DefaultCacheAwareContextLoaderDelegate.loadContext(DefaultCacheAwareContextLoaderDelegate.java:145)
\n"}
[ERROR] Tests run: 1, Failures: 0, Errors: 1, Skipped: 0, Time elapsed: 0.018 s <<< FAILURE! -- in com.khaleo.flashcard.contract.auth.AuthTokenLifecycleContractTest
[ERROR] com.khaleo.flashcard.contract.auth.AuthTokenLifecycleContractTest.shouldLoginRefreshAndLogout -- Time elapsed: 0.001 s <<< ERROR!
java.lang.IllegalStateException: ApplicationContext failure threshold (1) exceeded: skipping repeated attempt to load context for [WebMergedContextConfiguration@24e26410 testClass = com.khaleo.flashcard.contract.auth.AuthTokenLifecycleContractTest, locations = [], classes = [com.khaleo.flashcard.FlashcardApplication], contextInitializerClasses = [], activeProfiles = [], propertySourceDescriptors = [], propertySourceProperties = ["org.springframework.boot.test.context.SpringBootTestContextBootstrapper=true"], contextCustomizers = [[ImportsContextCustomizer@5bba292 key = [org.springframework.boot.test.autoconfigure.web.servlet.MockMvcWebDriverAutoConfiguration, org.springframework.boot.test.autoconfigure.web.servlet.MockMvcAutoConfiguration, org.springframework.boot.autoconfigure.security.oauth2.client.servlet.OAuth2ClientAutoConfiguration, org.springframework.boot.autoconfigure.security.servlet.SecurityAutoConfiguration, org.springframework.boot.autoconfigure.security.servlet.SecurityFilterAutoConfiguration, org.springframework.boot.autoconfigure.security.servlet.UserDetailsServiceAutoConfiguration, org.springframework.boot.autoconfigure.security.oauth2.resource.servlet.OAuth2ResourceServerAutoConfiguration, org.springframework.boot.test.autoconfigure.web.servlet.MockMvcSecurityConfiguration, org.springframework.boot.test.autoconfigure.web.servlet.MockMvcWebClientAutoConfiguration, org.springframework.boot.test.autoconfigure.web.reactive.WebTestClientAutoConfiguration]], org.springframework.boot.test.context.filter.ExcludeFilterContextCustomizer@16eccb2e, org.springframework.boot.test.json.DuplicateJsonObjectContextCustomizerFactory$DuplicateJsonObjectContextCustomizer@36cda2c2, org.springframework.boot.test.mock.mockito.MockitoContextCustomizer@19c48415, org.springframework.boot.test.web.client.TestRestTemplateContextCustomizer@38b27cdc, org.springframework.boot.test.web.reactor.netty.DisableReactorResourceFactoryGlobalResourcesContextCustomizerFactory$DisableReactorResourceFactoryGlobalResourcesContextCustomizerCustomizer@56673b2c, org.springframework.boot.test.autoconfigure.actuate.observability.ObservabilityContextCustomizerFactory$DisableObservabilityContextCustomizer@1f, org.springframework.boot.test.autoconfigure.properties.PropertyMappingContextCustomizer@4b3fa0b3, org.springframework.boot.test.autoconfigure.web.servlet.WebDriverContextCustomizer@146dfe6, org.springframework.test.context.support.DynamicPropertiesContextCustomizer@8b7f681f, org.springframework.boot.test.context.SpringBootTestAnnotation@1bf9202f], resourceBasePath = "src/main/webapp", contextLoader = org.springframework.boot.test.context.SpringBootContextLoader, parent = null]
	at org.springframework.test.context.cache.DefaultCacheAwareContextLoaderDelegate.loadContext(DefaultCacheAwareContextLoaderDelegate.java:145)
	at org.springframework.test.context.support.DefaultTestContext.getApplicationContext(DefaultTestContext.java:130)
	at org.springframework.test.context.web.ServletTestExecutionListener.setUpRequestContextIfNecessary(ServletTestExecutionListener.java:191)
	at org.springframework.test.context.web.ServletTestExecutionListener.prepareTestInstance(ServletTestExecutionListener.java:130)
	at org.springframework.test.context.TestContextManager.prepareTestInstance(TestContextManager.java:260)
	at org.springframework.test.context.junit.jupiter.SpringExtension.postProcessTestInstance(SpringExtension.java:163)
	at java.base/java.util.stream.ReferencePipeline$3$1.accept(ReferencePipeline.java:197)
	at java.base/java.util.stream.ReferencePipeline$2$1.accept(ReferencePipeline.java:179)
	at java.base/java.util.ArrayList$ArrayListSpliterator.forEachRemaining(ArrayList.java:1625)
	at java.base/java.util.stream.AbstractPipeline.copyInto(AbstractPipeline.java:509)
	at java.base/java.util.stream.AbstractPipeline.wrapAndCopyInto(AbstractPipeline.java:499)
	at java.base/java.util.stream.StreamSpliterators$WrappingSpliterator.forEachRemaining(StreamSpliterators.java:310)
	at java.base/java.util.stream.Streams$ConcatSpliterator.forEachRemaining(Streams.java:735)
	at java.base/java.util.stream.Streams$ConcatSpliterator.forEachRemaining(Streams.java:734)
	at java.base/java.util.stream.ReferencePipeline$Head.forEach(ReferencePipeline.java:762)
	at java.base/java.util.Optional.orElseGet(Optional.java:364)
	at java.base/java.util.ArrayList.forEach(ArrayList.java:1511)
	at java.base/java.util.ArrayList.forEach(ArrayList.java:1511)

{"timestamp":"2026-03-24T14:43:54.059+07:00","level":"INFO","app":"flashcard-backend","thread":"main","logger":"o.s.t.c.s.AnnotationConfigContextLoaderUtils","message":"Could not detect default configuration classes for test class [com.khaleo.flashcard.contract.deckmedia.CardManagementSearchContractTest]: CardManagementSearchContractTest does not declare any static, non-private, non-final, nested classes annotated with @Configuration.","exception":""}
{"timestamp":"2026-03-24T14:43:54.092+07:00","level":"INFO","app":"flashcard-backend","thread":"main","logger":"o.s.b.t.c.SpringBootTestContextBootstrapper","message":"Found @SpringBootConfiguration com.khaleo.flashcard.FlashcardApplication for test class com.khaleo.flashcard.contract.deckmedia.CardManagementSearchContractTest","exception":""}

MockHttpServletRequest:
      HTTP Method = GET
      Request URI = /api/v1/decks/eecef25e-fba8-4b17-8ea1-3c3a2a315e31/cards/search
       Parameters = {frontText=[xin]}
          Headers = []
             Body = null
    Session Attrs = {}

Handler:
             Type = null

Async:
    Async started = false
     Async result = null

Resolved Exception:
             Type = null

ModelAndView:
        View name = null
             View = null
            Model = null

FlashMap:
       Attributes = null

MockHttpServletResponse:
           Status = 401
    Error message = null
          Headers = [Vary:"Origin", "Access-Control-Request-Method", "Access-Control-Request-Headers", Content-Type:"application/json", X-Content-Type-Options:"nosniff", X-XSS-Protection:"0", Cache-Control:"no-cache, no-store, max-age=0, must-revalidate", Pragma:"no-cache", Expires:"0", X-Frame-Options:"DENY"]
     Content type = application/json
             Body = {"error":"UNAUTHORIZED","timestamp":"2026-03-24T07:43:54.242441300Z","message":"Authentication is required.","status":401,"path":"/api/v1/decks/eecef25e-fba8-4b17-8ea1-3c3a2a315e31/cards/search"}
    Forwarded URL = null
   Redirected URL = null
          Cookies = []
{"timestamp":"2026-03-24T14:43:54.394+07:00","level":"INFO","app":"flashcard-backend","thread":"main","logger":"c.k.f.c.o.NewRelicDeckMediaInstrumentation","message":"event=new_relic_deck_media metric=card_outcome operation=create status=success attributes={deckId=93f9e527-2dc6-4a43-8b56-854f06a90293, cardId=c29b5235-05c5-4f47-96fc-02f4ae5eee90} count=1","exception":""}
{"timestamp":"2026-03-24T14:43:54.394+07:00","level":"INFO","app":"flashcard-backend","thread":"main","logger":"c.k.f.s.p.RelationalPersistenceService","message":"event=relational_card_create_success cardId=c29b5235-05c5-4f47-96fc-02f4ae5eee90 deckId=93f9e527-2dc6-4a43-8b56-854f06a90293","exception":""}
{"timestamp":"2026-03-24T14:43:54.415+07:00","level":"INFO","app":"flashcard-backend","thread":"main","logger":"c.k.f.c.o.NewRelicDeckMediaInstrumentation","message":"event=new_relic_deck_media metric=card_outcome operation=delete status=success attributes={cardId=c29b5235-05c5-4f47-96fc-02f4ae5eee90} count=1","exception":""}
{"timestamp":"2026-03-24T14:43:54.670+07:00","level":"WARN","app":"flashcard-backend","thread":"main","logger":"c.k.f.s.p.PersistenceValidationExceptionMapper","message":"event=persistence_rejected_authorization_denied code=AUTHORIZATION_DENIED message=Authorization denied for operation=update resource=card key=7aef1c8f-d2a2-4566-a38f-b12231ed8497","exception":""}
[ERROR] Tests run: 3, Failures: 1, Errors: 0, Skipped: 0, Time elapsed: 0.638 s <<< FAILURE! -- in com.khaleo.flashcard.contract.deckmedia.CardManagementSearchContractTest
[ERROR] com.khaleo.flashcard.contract.deckmedia.CardManagementSearchContractTest.shouldSearchCardsInDeckWithExpectedSemantics -- Time elapsed: 0.157 s <<< FAILURE!
java.lang.AssertionError: Status expected:<200> but was:<401>
	at org.springframework.test.util.AssertionErrors.fail(AssertionErrors.java:59)
	at org.springframework.test.util.AssertionErrors.assertEquals(AssertionErrors.java:122)
	at org.springframework.test.web.servlet.result.StatusResultMatchers.lambda$matcher$9(StatusResultMatchers.java:637)
	at org.springframework.test.web.servlet.MockMvc$1.andExpect(MockMvc.java:214)
	at com.khaleo.flashcard.contract.deckmedia.CardManagementSearchContractTest.shouldSearchCardsInDeckWithExpectedSemantics(CardManagementSearchContractTest.java:93)
	at java.base/java.lang.reflect.Method.invoke(Method.java:568)
	at java.base/java.util.ArrayList.forEach(ArrayList.java:1511)
	at java.base/java.util.ArrayList.forEach(ArrayList.java:1511)

{"timestamp":"2026-03-24T14:43:54.698+07:00","level":"INFO","app":"flashcard-backend","thread":"main","logger":"o.s.t.c.s.AnnotationConfigContextLoaderUtils","message":"Could not detect default configuration classes for test class [com.khaleo.flashcard.contract.deckmedia.DeckManagementContractTest]: DeckManagementContractTest does not declare any static, non-private, non-final, nested classes annotated with @Configuration.","exception":""}
{"timestamp":"2026-03-24T14:43:54.702+07:00","level":"INFO","app":"flashcard-backend","thread":"main","logger":"o.s.b.t.c.SpringBootTestContextBootstrapper","message":"Found @SpringBootConfiguration com.khaleo.flashcard.FlashcardApplication for test class com.khaleo.flashcard.contract.deckmedia.DeckManagementContractTest","exception":""}
{"timestamp":"2026-03-24T14:43:54.834+07:00","level":"INFO","app":"flashcard-backend","thread":"main","logger":"c.k.f.c.o.NewRelicDeckMediaInstrumentation","message":"event=new_relic_deck_media metric=deck_outcome operation=delete status=success attributes={deckId=3e1955aa-b47d-493d-b544-30535e22a340} count=1","exception":""}

MockHttpServletRequest:
      HTTP Method = GET
      Request URI = /api/v1/decks
       Parameters = {isPublic=[true]}
          Headers = []
             Body = null
    Session Attrs = {}

Handler:
             Type = null

Async:
    Async started = false
     Async result = null

Resolved Exception:
             Type = null

ModelAndView:
        View name = null
             View = null
            Model = null

FlashMap:
       Attributes = null

MockHttpServletResponse:
           Status = 401
    Error message = null
          Headers = [Vary:"Origin", "Access-Control-Request-Method", "Access-Control-Request-Headers", Content-Type:"application/json", X-Content-Type-Options:"nosniff", X-XSS-Protection:"0", Cache-Control:"no-cache, no-store, max-age=0, must-revalidate", Pragma:"no-cache", Expires:"0", X-Frame-Options:"DENY"]
     Content type = application/json
             Body = {"error":"UNAUTHORIZED","timestamp":"2026-03-24T07:43:54.970513400Z","message":"Authentication is required.","status":401,"path":"/api/v1/decks"}
    Forwarded URL = null
   Redirected URL = null
          Cookies = []
{"timestamp":"2026-03-24T14:43:55.207+07:00","level":"WARN","app":"flashcard-backend","thread":"main","logger":"c.k.f.s.p.PersistenceValidationExceptionMapper","message":"event=persistence_rejected_authorization_denied code=AUTHORIZATION_DENIED message=Authorization denied for operation=update resource=deck key=1f4de8af-3eef-4798-a09f-78286f011fab","exception":""}
{"timestamp":"2026-03-24T14:43:55.344+07:00","level":"INFO","app":"flashcard-backend","thread":"main","logger":"c.k.f.c.o.NewRelicDeckMediaInstrumentation","message":"event=new_relic_deck_media metric=deck_outcome operation=create status=success attributes={deckId=b68b4f05-56b7-4485-acba-f29e4bc082af} count=1","exception":""}
{"timestamp":"2026-03-24T14:43:55.344+07:00","level":"INFO","app":"flashcard-backend","thread":"main","logger":"c.k.f.s.p.RelationalPersistenceService","message":"event=relational_deck_create_success deckId=b68b4f05-56b7-4485-acba-f29e4bc082af authorId=e6886d6f-b23b-498a-9662-1cdd6a30923d","exception":""}
[ERROR] Tests run: 4, Failures: 1, Errors: 0, Skipped: 0, Time elapsed: 0.688 s <<< FAILURE! -- in com.khaleo.flashcard.contract.deckmedia.DeckManagementContractTest
[ERROR] com.khaleo.flashcard.contract.deckmedia.DeckManagementContractTest.shouldListOnlyPublicDecksWhenAnonymous -- Time elapsed: 0.133 s <<< FAILURE!
java.lang.AssertionError: Status expected:<200> but was:<401>
	at org.springframework.test.util.AssertionErrors.fail(AssertionErrors.java:59)
	at org.springframework.test.util.AssertionErrors.assertEquals(AssertionErrors.java:122)
	at org.springframework.test.web.servlet.result.StatusResultMatchers.lambda$matcher$9(StatusResultMatchers.java:637)
	at org.springframework.test.web.servlet.MockMvc$1.andExpect(MockMvc.java:214)
	at com.khaleo.flashcard.contract.deckmedia.DeckManagementContractTest.shouldListOnlyPublicDecksWhenAnonymous(DeckManagementContractTest.java:80)
	at java.base/java.lang.reflect.Method.invoke(Method.java:568)
	at java.base/java.util.ArrayList.forEach(ArrayList.java:1511)
	at java.base/java.util.ArrayList.forEach(ArrayList.java:1511)

{"timestamp":"2026-03-24T14:43:55.390+07:00","level":"INFO","app":"flashcard-backend","thread":"main","logger":"o.s.t.c.s.AnnotationConfigContextLoaderUtils","message":"Could not detect default configuration classes for test class [com.khaleo.flashcard.contract.deckmedia.MediaAuthorizationContractTest]: MediaAuthorizationContractTest does not declare any static, non-private, non-final, nested classes annotated with @Configuration.","exception":""}
{"timestamp":"2026-03-24T14:43:55.393+07:00","level":"INFO","app":"flashcard-backend","thread":"main","logger":"o.s.b.t.c.SpringBootTestContextBootstrapper","message":"Found @SpringBootConfiguration com.khaleo.flashcard.FlashcardApplication for test class com.khaleo.flashcard.contract.deckmedia.MediaAuthorizationContractTest","exception":""}

  .   ____          _            __ _ _
 /\\ / ___'_ __ _ _(_)_ __  __ _ \ \ \ \
( ( )\___ | '_ | '_| | '_ \/ _` | \ \ \ \
 \\/  ___)| |_)| | | | | || (_| |  ) ) ) )
  '  |____| .__|_| |_|_| |_\__, | / / / /
 =========|_|==============|___/=/_/_/_/

 :: Spring Boot ::                (v3.3.2)

{"timestamp":"2026-03-24T14:43:55.459+07:00","level":"INFO","app":"flashcard-backend","thread":"main","logger":"c.k.f.c.d.MediaAuthorizationContractTest","message":"Starting MediaAuthorizationContractTest using Java 17.0.14 with PID 29708 (started by brvkh in C:\Workspace\FPT\github\KhaLeo\backend)","exception":""}
{"timestamp":"2026-03-24T14:43:55.460+07:00","level":"INFO","app":"flashcard-backend","thread":"main","logger":"c.k.f.c.d.MediaAuthorizationContractTest","message":"No active profile set, falling back to 1 default profile: \"default\"","exception":""}
{"timestamp":"2026-03-24T14:43:56.176+07:00","level":"INFO","app":"flashcard-backend","thread":"main","logger":"o.s.d.r.c.RepositoryConfigurationDelegate","message":"Bootstrapping Spring Data JPA repositories in DEFAULT mode.","exception":""}
{"timestamp":"2026-03-24T14:43:56.219+07:00","level":"INFO","app":"flashcard-backend","thread":"main","logger":"o.s.d.r.c.RepositoryConfigurationDelegate","message":"Finished Spring Data repository scanning in 42 ms. Found 13 JPA repository interfaces.","exception":""}
{"timestamp":"2026-03-24T14:43:56.534+07:00","level":"INFO","app":"flashcard-backend","thread":"main","logger":"com.zaxxer.hikari.HikariDataSource","message":"HikariPool-3 - Starting...","exception":""}
{"timestamp":"2026-03-24T14:43:56.579+07:00","level":"INFO","app":"flashcard-backend","thread":"main","logger":"com.zaxxer.hikari.pool.HikariPool","message":"HikariPool-3 - Added connection com.mysql.cj.jdbc.ConnectionImpl@5d4608a4","exception":""}
{"timestamp":"2026-03-24T14:43:56.579+07:00","level":"INFO","app":"flashcard-backend","thread":"main","logger":"com.zaxxer.hikari.HikariDataSource","message":"HikariPool-3 - Start completed.","exception":""}
{"timestamp":"2026-03-24T14:43:56.589+07:00","level":"INFO","app":"flashcard-backend","thread":"main","logger":"org.flywaydb.core.FlywayExecutor","message":"Database: jdbc:mysql://localhost:59972/khaleo_flashcard_test (MySQL 8.0)","exception":""}
{"timestamp":"2026-03-24T14:43:56.619+07:00","level":"INFO","app":"flashcard-backend","thread":"main","logger":"o.f.core.internal.command.DbValidate","message":"Successfully validated 9 migrations (execution time 00:00.017s)","exception":""}
{"timestamp":"2026-03-24T14:43:56.635+07:00","level":"INFO","app":"flashcard-backend","thread":"main","logger":"o.f.core.internal.command.DbMigrate","message":"Current version of schema `khaleo_flashcard_test`: 20260324.011","exception":""}
{"timestamp":"2026-03-24T14:43:56.636+07:00","level":"INFO","app":"flashcard-backend","thread":"main","logger":"o.f.core.internal.command.DbMigrate","message":"Schema `khaleo_flashcard_test` is up to date. No migration necessary.","exception":""}
{"timestamp":"2026-03-24T14:43:56.716+07:00","level":"INFO","app":"flashcard-backend","thread":"main","logger":"o.h.jpa.internal.util.LogHelper","message":"HHH000204: Processing PersistenceUnitInfo [name: default]","exception":""}
{"timestamp":"2026-03-24T14:43:56.722+07:00","level":"INFO","app":"flashcard-backend","thread":"main","logger":"o.h.c.i.RegionFactoryInitiator","message":"HHH000026: Second-level cache disabled","exception":""}
{"timestamp":"2026-03-24T14:43:56.741+07:00","level":"INFO","app":"flashcard-backend","thread":"main","logger":"o.s.o.j.p.SpringPersistenceUnitInfo","message":"No LoadTimeWeaver setup: ignoring JPA class transformer","exception":""}
{"timestamp":"2026-03-24T14:43:56.747+07:00","level":"WARN","app":"flashcard-backend","thread":"main","logger":"org.hibernate.orm.incubating","message":"HHH90006001: Encountered incubating setting [hibernate.type.preferred_uuid_jdbc_type].  See javadoc on corresponding `org.hibernate.cfg.AvailableSettings` constant for details.","exception":""}
{"timestamp":"2026-03-24T14:43:56.814+07:00","level":"WARN","app":"flashcard-backend","thread":"main","logger":"org.hibernate.orm.incubating","message":"HHH90006001: Encountered incubating setting [hibernate.type.preferred_uuid_jdbc_type].  See javadoc on corresponding `org.hibernate.cfg.AvailableSettings` constant for details.","exception":""}
{"timestamp":"2026-03-24T14:43:57.101+07:00","level":"INFO","app":"flashcard-backend","thread":"main","logger":"o.h.e.t.j.p.i.JtaPlatformInitiator","message":"HHH000489: No JTA platform available (set 'hibernate.transaction.jta.platform' to enable JTA platform integration)","exception":""}
{"timestamp":"2026-03-24T14:43:57.120+07:00","level":"INFO","app":"flashcard-backend","thread":"main","logger":"o.s.o.j.LocalContainerEntityManagerFactoryBean","message":"Initialized JPA EntityManagerFactory for persistence unit 'default'","exception":""}
{"timestamp":"2026-03-24T14:43:58.386+07:00","level":"WARN","app":"flashcard-backend","thread":"main","logger":"o.s.b.a.s.s.UserDetailsServiceAutoConfiguration","message":"

Using generated security password: 4a3ead4b-d628-4e27-826c-be2e342fbf0e

This generated password is for development use only. Your security configuration must be updated before running your application in production.
","exception":""}
{"timestamp":"2026-03-24T14:43:58.389+07:00","level":"INFO","app":"flashcard-backend","thread":"main","logger":"o.s.s.c.a.a.c.InitializeUserDetailsBeanManagerConfigurer$InitializeUserDetailsManagerConfigurer","message":"Global AuthenticationManager configured with UserDetailsService bean with name inMemoryUserDetailsManager","exception":""}
{"timestamp":"2026-03-24T14:43:58.752+07:00","level":"INFO","app":"flashcard-backend","thread":"main","logger":"o.s.b.a.e.web.EndpointLinksResolver","message":"Exposing 2 endpoints beneath base path '/actuator'","exception":""}
{"timestamp":"2026-03-24T14:43:59.349+07:00","level":"INFO","app":"flashcard-backend","thread":"main","logger":"o.s.b.t.m.w.SpringBootMockServletContext","message":"Initializing Spring TestDispatcherServlet ''","exception":""}
{"timestamp":"2026-03-24T14:43:59.349+07:00","level":"INFO","app":"flashcard-backend","thread":"main","logger":"o.s.t.w.s.TestDispatcherServlet","message":"Initializing Servlet ''","exception":""}
{"timestamp":"2026-03-24T14:43:59.350+07:00","level":"INFO","app":"flashcard-backend","thread":"main","logger":"o.s.t.w.s.TestDispatcherServlet","message":"Completed initialization in 1 ms","exception":""}
{"timestamp":"2026-03-24T14:43:59.392+07:00","level":"INFO","app":"flashcard-backend","thread":"main","logger":"c.k.f.c.d.MediaAuthorizationContractTest","message":"Started MediaAuthorizationContractTest in 3.993 seconds (process running for 46.067)","exception":""}
{"timestamp":"2026-03-24T14:43:59.761+07:00","level":"INFO","app":"flashcard-backend","thread":"main","logger":"o.s.t.c.s.AnnotationConfigContextLoaderUtils","message":"Could not detect default configuration classes for test class [com.khaleo.flashcard.contract.FlywaySchemaContractTest]: FlywaySchemaContractTest does not declare any static, non-private, non-final, nested classes annotated with @Configuration.","exception":""}
{"timestamp":"2026-03-24T14:43:59.775+07:00","level":"INFO","app":"flashcard-backend","thread":"main","logger":"o.s.b.t.c.SpringBootTestContextBootstrapper","message":"Found @SpringBootConfiguration com.khaleo.flashcard.FlashcardApplication for test class com.khaleo.flashcard.contract.FlywaySchemaContractTest","exception":""}

  .   ____          _            __ _ _
 /\\ / ___'_ __ _ _(_)_ __  __ _ \ \ \ \
( ( )\___ | '_ | '_| | '_ \/ _` | \ \ \ \
 \\/  ___)| |_)| | | | | || (_| |  ) ) ) )
  '  |____| .__|_| |_|_| |_\__, | / / / /
 =========|_|==============|___/=/_/_/_/

 :: Spring Boot ::                (v3.3.2)

{"timestamp":"2026-03-24T14:43:59.815+07:00","level":"INFO","app":"flashcard-backend","thread":"main","logger":"c.k.f.c.FlywaySchemaContractTest","message":"Starting FlywaySchemaContractTest using Java 17.0.14 with PID 29708 (started by brvkh in C:\Workspace\FPT\github\KhaLeo\backend)","exception":""}
{"timestamp":"2026-03-24T14:43:59.815+07:00","level":"INFO","app":"flashcard-backend","thread":"main","logger":"c.k.f.c.FlywaySchemaContractTest","message":"No active profile set, falling back to 1 default profile: \"default\"","exception":""}
{"timestamp":"2026-03-24T14:44:00.283+07:00","level":"INFO","app":"flashcard-backend","thread":"main","logger":"o.s.d.r.c.RepositoryConfigurationDelegate","message":"Bootstrapping Spring Data JPA repositories in DEFAULT mode.","exception":""}
{"timestamp":"2026-03-24T14:44:00.335+07:00","level":"INFO","app":"flashcard-backend","thread":"main","logger":"o.s.d.r.c.RepositoryConfigurationDelegate","message":"Finished Spring Data repository scanning in 51 ms. Found 13 JPA repository interfaces.","exception":""}
{"timestamp":"2026-03-24T14:44:00.683+07:00","level":"INFO","app":"flashcard-backend","thread":"main","logger":"com.zaxxer.hikari.HikariDataSource","message":"HikariPool-4 - Starting...","exception":""}
{"timestamp":"2026-03-24T14:44:00.713+07:00","level":"INFO","app":"flashcard-backend","thread":"main","logger":"com.zaxxer.hikari.pool.HikariPool","message":"HikariPool-4 - Added connection com.mysql.cj.jdbc.ConnectionImpl@35477503","exception":""}
{"timestamp":"2026-03-24T14:44:00.713+07:00","level":"INFO","app":"flashcard-backend","thread":"main","logger":"com.zaxxer.hikari.HikariDataSource","message":"HikariPool-4 - Start completed.","exception":""}
{"timestamp":"2026-03-24T14:44:00.726+07:00","level":"INFO","app":"flashcard-backend","thread":"main","logger":"org.flywaydb.core.FlywayExecutor","message":"Database: jdbc:mysql://localhost:59972/khaleo_flashcard_test (MySQL 8.0)","exception":""}
{"timestamp":"2026-03-24T14:44:00.763+07:00","level":"INFO","app":"flashcard-backend","thread":"main","logger":"o.f.core.internal.command.DbValidate","message":"Successfully validated 9 migrations (execution time 00:00.016s)","exception":""}
{"timestamp":"2026-03-24T14:44:00.779+07:00","level":"INFO","app":"flashcard-backend","thread":"main","logger":"o.f.core.internal.command.DbMigrate","message":"Current version of schema `khaleo_flashcard_test`: 20260324.011","exception":""}
{"timestamp":"2026-03-24T14:44:00.781+07:00","level":"INFO","app":"flashcard-backend","thread":"main","logger":"o.f.core.internal.command.DbMigrate","message":"Schema `khaleo_flashcard_test` is up to date. No migration necessary.","exception":""}
{"timestamp":"2026-03-24T14:44:00.845+07:00","level":"INFO","app":"flashcard-backend","thread":"main","logger":"o.h.jpa.internal.util.LogHelper","message":"HHH000204: Processing PersistenceUnitInfo [name: default]","exception":""}
{"timestamp":"2026-03-24T14:44:00.850+07:00","level":"INFO","app":"flashcard-backend","thread":"main","logger":"o.h.c.i.RegionFactoryInitiator","message":"HHH000026: Second-level cache disabled","exception":""}
{"timestamp":"2026-03-24T14:44:00.868+07:00","level":"INFO","app":"flashcard-backend","thread":"main","logger":"o.s.o.j.p.SpringPersistenceUnitInfo","message":"No LoadTimeWeaver setup: ignoring JPA class transformer","exception":""}
{"timestamp":"2026-03-24T14:44:00.875+07:00","level":"WARN","app":"flashcard-backend","thread":"main","logger":"org.hibernate.orm.incubating","message":"HHH90006001: Encountered incubating setting [hibernate.type.preferred_uuid_jdbc_type].  See javadoc on corresponding `org.hibernate.cfg.AvailableSettings` constant for details.","exception":""}
{"timestamp":"2026-03-24T14:44:00.941+07:00","level":"WARN","app":"flashcard-backend","thread":"main","logger":"org.hibernate.orm.incubating","message":"HHH90006001: Encountered incubating setting [hibernate.type.preferred_uuid_jdbc_type].  See javadoc on corresponding `org.hibernate.cfg.AvailableSettings` constant for details.","exception":""}
{"timestamp":"2026-03-24T14:44:01.322+07:00","level":"INFO","app":"flashcard-backend","thread":"main","logger":"o.h.e.t.j.p.i.JtaPlatformInitiator","message":"HHH000489: No JTA platform available (set 'hibernate.transaction.jta.platform' to enable JTA platform integration)","exception":""}
{"timestamp":"2026-03-24T14:44:01.341+07:00","level":"INFO","app":"flashcard-backend","thread":"main","logger":"o.s.o.j.LocalContainerEntityManagerFactoryBean","message":"Initialized JPA EntityManagerFactory for persistence unit 'default'","exception":""}
{"timestamp":"2026-03-24T14:44:02.227+07:00","level":"WARN","app":"flashcard-backend","thread":"main","logger":"o.s.b.a.s.s.UserDetailsServiceAutoConfiguration","message":"

Using generated security password: fb7784df-60ca-4411-b1d7-3d36c0edcb41

This generated password is for development use only. Your security configuration must be updated before running your application in production.
","exception":""}
{"timestamp":"2026-03-24T14:44:02.229+07:00","level":"INFO","app":"flashcard-backend","thread":"main","logger":"o.s.s.c.a.a.c.InitializeUserDetailsBeanManagerConfigurer$InitializeUserDetailsManagerConfigurer","message":"Global AuthenticationManager configured with UserDetailsService bean with name inMemoryUserDetailsManager","exception":""}
{"timestamp":"2026-03-24T14:44:02.435+07:00","level":"INFO","app":"flashcard-backend","thread":"main","logger":"o.s.b.a.e.web.EndpointLinksResolver","message":"Exposing 2 endpoints beneath base path '/actuator'","exception":""}
{"timestamp":"2026-03-24T14:44:02.873+07:00","level":"INFO","app":"flashcard-backend","thread":"main","logger":"c.k.f.c.FlywaySchemaContractTest","message":"Started FlywaySchemaContractTest in 3.094 seconds (process running for 49.548)","exception":""}
{"timestamp":"2026-03-24T14:44:02.916+07:00","level":"INFO","app":"flashcard-backend","thread":"main","logger":"o.s.t.c.s.AnnotationConfigContextLoaderUtils","message":"Could not detect default configuration classes for test class [com.khaleo.flashcard.contract.PrivateWorkspaceDeckContractTest]: PrivateWorkspaceDeckContractTest does not declare any static, non-private, non-final, nested classes annotated with @Configuration.","exception":""}
{"timestamp":"2026-03-24T14:44:02.919+07:00","level":"INFO","app":"flashcard-backend","thread":"main","logger":"o.s.b.t.c.SpringBootTestContextBootstrapper","message":"Found @SpringBootConfiguration com.khaleo.flashcard.FlashcardApplication for test class com.khaleo.flashcard.contract.PrivateWorkspaceDeckContractTest","exception":""}
{"timestamp":"2026-03-24T14:44:03.188+07:00","level":"INFO","app":"flashcard-backend","thread":"main","logger":"o.s.t.c.s.AnnotationConfigContextLoaderUtils","message":"Could not detect default configuration classes for test class [com.khaleo.flashcard.contract.PublicDeckDiscoveryContractTest]: PublicDeckDiscoveryContractTest does not declare any static, non-private, non-final, nested classes annotated with @Configuration.","exception":""}
{"timestamp":"2026-03-24T14:44:03.190+07:00","level":"INFO","app":"flashcard-backend","thread":"main","logger":"o.s.b.t.c.SpringBootTestContextBootstrapper","message":"Found @SpringBootConfiguration com.khaleo.flashcard.FlashcardApplication for test class com.khaleo.flashcard.contract.PublicDeckDiscoveryContractTest","exception":""}
{"timestamp":"2026-03-24T14:44:03.340+07:00","level":"WARN","app":"flashcard-backend","thread":"main","logger":"c.k.f.s.p.PersistenceValidationExceptionMapper","message":"event=persistence_rejected_invalid_pagination code=INVALID_PAGINATION message=Invalid pagination request page=-1 size=1000","exception":""}
{"timestamp":"2026-03-24T14:44:03.351+07:00","level":"INFO","app":"flashcard-backend","thread":"main","logger":"o.s.t.c.s.AnnotationConfigContextLoaderUtils","message":"Could not detect default configuration classes for test class [com.khaleo.flashcard.contract.PublicDeckImportAuthContractTest]: PublicDeckImportAuthContractTest does not declare any static, non-private, non-final, nested classes annotated with @Configuration.","exception":""}
{"timestamp":"2026-03-24T14:44:03.353+07:00","level":"INFO","app":"flashcard-backend","thread":"main","logger":"o.s.b.t.c.SpringBootTestContextBootstrapper","message":"Found @SpringBootConfiguration com.khaleo.flashcard.FlashcardApplication for test class com.khaleo.flashcard.contract.PublicDeckImportAuthContractTest","exception":""}
{"timestamp":"2026-03-24T14:44:03.477+07:00","level":"INFO","app":"flashcard-backend","thread":"main","logger":"o.s.t.c.s.AnnotationConfigContextLoaderUtils","message":"Could not detect default configuration classes for test class [com.khaleo.flashcard.contract.PublicDeckImportVerificationContractTest]: PublicDeckImportVerificationContractTest does not declare any static, non-private, non-final, nested classes annotated with @Configuration.","exception":""}
{"timestamp":"2026-03-24T14:44:03.481+07:00","level":"INFO","app":"flashcard-backend","thread":"main","logger":"o.s.b.t.c.SpringBootTestContextBootstrapper","message":"Found @SpringBootConfiguration com.khaleo.flashcard.FlashcardApplication for test class com.khaleo.flashcard.contract.PublicDeckImportVerificationContractTest","exception":""}
{"timestamp":"2026-03-24T14:44:03.712+07:00","level":"INFO","app":"flashcard-backend","thread":"main","logger":"c.k.f.c.o.NewRelicDeckMediaInstrumentation","message":"event=new_relic_deck_media metric=deck_outcome operation=create status=success attributes={deckId=da748d21-2889-4b21-a61e-ce9183ee1797} count=1","exception":""}
{"timestamp":"2026-03-24T14:44:03.712+07:00","level":"INFO","app":"flashcard-backend","thread":"main","logger":"c.k.f.s.p.RelationalPersistenceService","message":"event=relational_deck_create_success deckId=da748d21-2889-4b21-a61e-ce9183ee1797 authorId=1da61d3d-aed5-4e5d-bc35-e9314920b28f","exception":""}

MockHttpServletRequest:
      HTTP Method = POST
      Request URI = /api/v1/public/decks/90df567b-78df-46fd-8892-525e7f3bbddd/import
       Parameters = {}
          Headers = [Authorization:"Bearer eyJhbGciOiJIUzI1NiJ9.eyJpc3MiOiJraGFsZW8iLCJzdWIiOiIxZGE2MWQzZC1hZWQ1LTRlNWQtYmMzNS1lOTMxNDkyMGIyOGYiLCJpYXQiOjE3NzQzMzgyNDMsImV4cCI6MTc3NDMzOTE0Mywicm9sZSI6IlJPTEVfVVNFUiJ9.E8cIb9BY_1yf5pz4RoV1r_QO7Twlfu75m2b4pKnTKss"]
             Body = null
    Session Attrs = {}

Handler:
             Type = com.khaleo.flashcard.controller.deck.PublicDeckController
           Method = com.khaleo.flashcard.controller.deck.PublicDeckController#importDeck(UUID)

Async:
    Async started = false
     Async result = null

Resolved Exception:
             Type = null

ModelAndView:
        View name = null
             View = null
            Model = null

FlashMap:
       Attributes = null

MockHttpServletResponse:
           Status = 201
    Error message = null
          Headers = [Vary:"Origin", "Access-Control-Request-Method", "Access-Control-Request-Headers", Content-Type:"application/json", X-Content-Type-Options:"nosniff", X-XSS-Protection:"0", Cache-Control:"no-cache, no-store, max-age=0, must-revalidate", Pragma:"no-cache", Expires:"0", X-Frame-Options:"DENY"]
     Content type = application/json
             Body = {"importLinkId":"aab2aaba-c774-4c6c-914a-e843488a7283","sourceDeckId":"90df567b-78df-46fd-8892-525e7f3bbddd","targetPrivateDeckId":"da748d21-2889-4b21-a61e-ce9183ee1797","status":"SUCCESS","conflictsCount":0}
    Forwarded URL = null
   Redirected URL = null
          Cookies = []
[ERROR] Tests run: 1, Failures: 1, Errors: 0, Skipped: 0, Time elapsed: 0.264 s <<< FAILURE! -- in com.khaleo.flashcard.contract.PublicDeckImportVerificationContractTest
[ERROR] com.khaleo.flashcard.contract.PublicDeckImportVerificationContractTest.shouldDenyImportForAuthenticatedButUnverifiedUser -- Time elapsed: 0.256 s <<< FAILURE!
java.lang.AssertionError: Status expected:<403> but was:<201>
	at org.springframework.test.util.AssertionErrors.fail(AssertionErrors.java:59)
	at org.springframework.test.util.AssertionErrors.assertEquals(AssertionErrors.java:122)
	at org.springframework.test.web.servlet.result.StatusResultMatchers.lambda$matcher$9(StatusResultMatchers.java:637)
	at org.springframework.test.web.servlet.MockMvc$1.andExpect(MockMvc.java:214)
	at com.khaleo.flashcard.contract.PublicDeckImportVerificationContractTest.shouldDenyImportForAuthenticatedButUnverifiedUser(PublicDeckImportVerificationContractTest.java:51)
	at java.base/java.lang.reflect.Method.invoke(Method.java:568)
	at java.base/java.util.ArrayList.forEach(ArrayList.java:1511)
	at java.base/java.util.ArrayList.forEach(ArrayList.java:1511)

{"timestamp":"2026-03-24T14:44:03.743+07:00","level":"INFO","app":"flashcard-backend","thread":"main","logger":"o.s.t.c.s.AnnotationConfigContextLoaderUtils","message":"Could not detect default configuration classes for test class [com.khaleo.flashcard.contract.SecurityRoutePolicyContractTest]: SecurityRoutePolicyContractTest does not declare any static, non-private, non-final, nested classes annotated with @Configuration.","exception":""}
{"timestamp":"2026-03-24T14:44:03.745+07:00","level":"INFO","app":"flashcard-backend","thread":"main","logger":"o.s.b.t.c.SpringBootTestContextBootstrapper","message":"Found @SpringBootConfiguration com.khaleo.flashcard.FlashcardApplication for test class com.khaleo.flashcard.contract.SecurityRoutePolicyContractTest","exception":""}
{"timestamp":"2026-03-24T14:44:03.816+07:00","level":"WARN","app":"flashcard-backend","thread":"main","logger":"o.s.w.s.m.s.DefaultHandlerExceptionResolver","message":"Resolved [org.springframework.web.bind.MethodArgumentNotValidException: Validation failed for argument [0] in public com.khaleo.flashcard.controller.auth.dto.LoginResponse com.khaleo.flashcard.controller.auth.AuthSessionController.login(com.khaleo.flashcard.controller.auth.dto.LoginRequest) with 2 errors: [Field error in object 'loginRequest' on field 'password': rejected value [null]; codes [NotBlank.loginRequest.password,NotBlank.password,NotBlank.java.lang.String,NotBlank]; arguments [org.springframework.context.support.DefaultMessageSourceResolvable: codes [loginRequest.password,password]; arguments []; default message [password]]; default message [must not be blank]] [Field error in object 'loginRequest' on field 'email': rejected value [null]; codes [NotBlank.loginRequest.email,NotBlank.email,NotBlank.java.lang.String,NotBlank]; arguments [org.springframework.context.support.DefaultMessageSourceResolvable: codes [loginRequest.email,email]; arguments []; default message [email]]; default message [must not be blank]] ]","exception":""}
{"timestamp":"2026-03-24T14:44:03.826+07:00","level":"INFO","app":"flashcard-backend","thread":"main","logger":"o.s.t.c.s.AnnotationConfigContextLoaderUtils","message":"Could not detect default configuration classes for test class [com.khaleo.flashcard.contract.study.StudyAsyncLoggingContractTest]: StudyAsyncLoggingContractTest does not declare any static, non-private, non-final, nested classes annotated with @Configuration.","exception":""}
{"timestamp":"2026-03-24T14:44:03.842+07:00","level":"INFO","app":"flashcard-backend","thread":"main","logger":"o.s.b.t.c.SpringBootTestContextBootstrapper","message":"Found @SpringBootConfiguration com.khaleo.flashcard.FlashcardApplication for test class com.khaleo.flashcard.contract.study.StudyAsyncLoggingContractTest","exception":""}

  .   ____          _            __ _ _
 /\\ / ___'_ __ _ _(_)_ __  __ _ \ \ \ \
( ( )\___ | '_ | '_| | '_ \/ _` | \ \ \ \
 \\/  ___)| |_)| | | | | || (_| |  ) ) ) )
  '  |____| .__|_| |_|_| |_\__, | / / / /
 =========|_|==============|___/=/_/_/_/

 :: Spring Boot ::                (v3.3.2)

{"timestamp":"2026-03-24T14:44:03.875+07:00","level":"INFO","app":"flashcard-backend","thread":"main","logger":"c.k.f.c.s.StudyAsyncLoggingContractTest","message":"Starting StudyAsyncLoggingContractTest using Java 17.0.14 with PID 29708 (started by brvkh in C:\Workspace\FPT\github\KhaLeo\backend)","exception":""}
{"timestamp":"2026-03-24T14:44:03.875+07:00","level":"INFO","app":"flashcard-backend","thread":"main","logger":"c.k.f.c.s.StudyAsyncLoggingContractTest","message":"No active profile set, falling back to 1 default profile: \"default\"","exception":""}
{"timestamp":"2026-03-24T14:44:04.318+07:00","level":"INFO","app":"flashcard-backend","thread":"main","logger":"o.s.d.r.c.RepositoryConfigurationDelegate","message":"Bootstrapping Spring Data JPA repositories in DEFAULT mode.","exception":""}
{"timestamp":"2026-03-24T14:44:04.389+07:00","level":"INFO","app":"flashcard-backend","thread":"main","logger":"o.s.d.r.c.RepositoryConfigurationDelegate","message":"Finished Spring Data repository scanning in 71 ms. Found 13 JPA repository interfaces.","exception":""}
{"timestamp":"2026-03-24T14:44:04.634+07:00","level":"INFO","app":"flashcard-backend","thread":"main","logger":"com.zaxxer.hikari.HikariDataSource","message":"HikariPool-5 - Starting...","exception":""}
{"timestamp":"2026-03-24T14:44:04.654+07:00","level":"INFO","app":"flashcard-backend","thread":"main","logger":"com.zaxxer.hikari.pool.HikariPool","message":"HikariPool-5 - Added connection com.mysql.cj.jdbc.ConnectionImpl@4de8ffee","exception":""}
{"timestamp":"2026-03-24T14:44:04.655+07:00","level":"INFO","app":"flashcard-backend","thread":"main","logger":"com.zaxxer.hikari.HikariDataSource","message":"HikariPool-5 - Start completed.","exception":""}
{"timestamp":"2026-03-24T14:44:04.662+07:00","level":"INFO","app":"flashcard-backend","thread":"main","logger":"org.flywaydb.core.FlywayExecutor","message":"Database: jdbc:mysql://localhost:59972/khaleo_flashcard_test (MySQL 8.0)","exception":""}
{"timestamp":"2026-03-24T14:44:04.688+07:00","level":"INFO","app":"flashcard-backend","thread":"main","logger":"o.f.core.internal.command.DbValidate","message":"Successfully validated 9 migrations (execution time 00:00.014s)","exception":""}
{"timestamp":"2026-03-24T14:44:04.702+07:00","level":"INFO","app":"flashcard-backend","thread":"main","logger":"o.f.core.internal.command.DbMigrate","message":"Current version of schema `khaleo_flashcard_test`: 20260324.011","exception":""}
{"timestamp":"2026-03-24T14:44:04.703+07:00","level":"INFO","app":"flashcard-backend","thread":"main","logger":"o.f.core.internal.command.DbMigrate","message":"Schema `khaleo_flashcard_test` is up to date. No migration necessary.","exception":""}
{"timestamp":"2026-03-24T14:44:04.748+07:00","level":"INFO","app":"flashcard-backend","thread":"main","logger":"o.h.jpa.internal.util.LogHelper","message":"HHH000204: Processing PersistenceUnitInfo [name: default]","exception":""}
{"timestamp":"2026-03-24T14:44:04.752+07:00","level":"INFO","app":"flashcard-backend","thread":"main","logger":"o.h.c.i.RegionFactoryInitiator","message":"HHH000026: Second-level cache disabled","exception":""}
{"timestamp":"2026-03-24T14:44:04.767+07:00","level":"INFO","app":"flashcard-backend","thread":"main","logger":"o.s.o.j.p.SpringPersistenceUnitInfo","message":"No LoadTimeWeaver setup: ignoring JPA class transformer","exception":""}
{"timestamp":"2026-03-24T14:44:04.771+07:00","level":"WARN","app":"flashcard-backend","thread":"main","logger":"org.hibernate.orm.incubating","message":"HHH90006001: Encountered incubating setting [hibernate.type.preferred_uuid_jdbc_type].  See javadoc on corresponding `org.hibernate.cfg.AvailableSettings` constant for details.","exception":""}
{"timestamp":"2026-03-24T14:44:04.815+07:00","level":"WARN","app":"flashcard-backend","thread":"main","logger":"org.hibernate.orm.incubating","message":"HHH90006001: Encountered incubating setting [hibernate.type.preferred_uuid_jdbc_type].  See javadoc on corresponding `org.hibernate.cfg.AvailableSettings` constant for details.","exception":""}
{"timestamp":"2026-03-24T14:44:04.988+07:00","level":"INFO","app":"flashcard-backend","thread":"main","logger":"o.h.e.t.j.p.i.JtaPlatformInitiator","message":"HHH000489: No JTA platform available (set 'hibernate.transaction.jta.platform' to enable JTA platform integration)","exception":""}
{"timestamp":"2026-03-24T14:44:05.004+07:00","level":"INFO","app":"flashcard-backend","thread":"main","logger":"o.s.o.j.LocalContainerEntityManagerFactoryBean","message":"Initialized JPA EntityManagerFactory for persistence unit 'default'","exception":""}
{"timestamp":"2026-03-24T14:44:05.774+07:00","level":"WARN","app":"flashcard-backend","thread":"main","logger":"o.s.b.a.s.s.UserDetailsServiceAutoConfiguration","message":"

Using generated security password: 36ec32e3-b9e4-4bde-80b1-07ffecadffd3

This generated password is for development use only. Your security configuration must be updated before running your application in production.
","exception":""}
{"timestamp":"2026-03-24T14:44:05.776+07:00","level":"INFO","app":"flashcard-backend","thread":"main","logger":"o.s.s.c.a.a.c.InitializeUserDetailsBeanManagerConfigurer$InitializeUserDetailsManagerConfigurer","message":"Global AuthenticationManager configured with UserDetailsService bean with name inMemoryUserDetailsManager","exception":""}
{"timestamp":"2026-03-24T14:44:05.976+07:00","level":"INFO","app":"flashcard-backend","thread":"main","logger":"o.s.b.a.e.web.EndpointLinksResolver","message":"Exposing 2 endpoints beneath base path '/actuator'","exception":""}
{"timestamp":"2026-03-24T14:44:06.462+07:00","level":"INFO","app":"flashcard-backend","thread":"main","logger":"o.s.b.t.m.w.SpringBootMockServletContext","message":"Initializing Spring TestDispatcherServlet ''","exception":""}
{"timestamp":"2026-03-24T14:44:06.462+07:00","level":"INFO","app":"flashcard-backend","thread":"main","logger":"o.s.t.w.s.TestDispatcherServlet","message":"Initializing Servlet ''","exception":""}
{"timestamp":"2026-03-24T14:44:06.464+07:00","level":"INFO","app":"flashcard-backend","thread":"main","logger":"o.s.t.w.s.TestDispatcherServlet","message":"Completed initialization in 2 ms","exception":""}
{"timestamp":"2026-03-24T14:44:06.527+07:00","level":"INFO","app":"flashcard-backend","thread":"main","logger":"c.k.f.c.s.StudyAsyncLoggingContractTest","message":"Started StudyAsyncLoggingContractTest in 2.681 seconds (process running for 53.203)","exception":""}
{"timestamp":"2026-03-24T14:44:06.742+07:00","level":"INFO","app":"flashcard-backend","thread":"main","logger":"c.k.f.c.o.NewRelicDeckMediaInstrumentation","message":"event=new_relic_deck_media metric=study_rating status=success attributes={rating=GOOD, cardId=c8d4c87c-36d3-4769-95de-3e0a3a1aea3d, state=LEARNING, userId=9893577e-9b96-4419-8da8-9e07e568c797} count=1","exception":""}
{"timestamp":"2026-03-24T14:44:06.743+07:00","level":"INFO","app":"flashcard-backend","thread":"ForkJoinPool.commonPool-worker-1","logger":"c.k.f.s.a.ActivityLogRetryService","message":"event=activity_log_publish_success logId=85a27038-46c9-4919-be43-45de9d31bc1a attempt=1 userId=9893577e-9b96-4419-8da8-9e07e568c797 cardId=c8d4c87c-36d3-4769-95de-3e0a3a1aea3d","exception":""}
{"timestamp":"2026-03-24T14:44:06.744+07:00","level":"INFO","app":"flashcard-backend","thread":"ForkJoinPool.commonPool-worker-1","logger":"c.k.f.c.o.NewRelicDeckMediaInstrumentation","message":"event=new_relic_deck_media metric=study_activity_log status=success attributes={logId=85a27038-46c9-4919-be43-45de9d31bc1a, cardId=c8d4c87c-36d3-4769-95de-3e0a3a1aea3d, userId=9893577e-9b96-4419-8da8-9e07e568c797} count=1","exception":""}
{"timestamp":"2026-03-24T14:44:06.775+07:00","level":"INFO","app":"flashcard-backend","thread":"main","logger":"o.s.t.c.s.AnnotationConfigContextLoaderUtils","message":"Could not detect default configuration classes for test class [com.khaleo.flashcard.contract.study.StudyNextCardsContractTest]: StudyNextCardsContractTest does not declare any static, non-private, non-final, nested classes annotated with @Configuration.","exception":""}
{"timestamp":"2026-03-24T14:44:06.780+07:00","level":"INFO","app":"flashcard-backend","thread":"main","logger":"o.s.b.t.c.SpringBootTestContextBootstrapper","message":"Found @SpringBootConfiguration com.khaleo.flashcard.FlashcardApplication for test class com.khaleo.flashcard.contract.study.StudyNextCardsContractTest","exception":""}
{"timestamp":"2026-03-24T14:44:06.971+07:00","level":"INFO","app":"flashcard-backend","thread":"main","logger":"c.k.f.c.o.NewRelicDeckMediaInstrumentation","message":"event=new_relic_deck_media metric=study_next_cards status=success attributes={requestedSize=10, offset=0, deckId=1feef174-7d0b-4d13-9d82-2b7824ae77fe, hasMore=false, returnedSize=3, newQuota=3, userId=ec8bfa14-c119-4beb-b102-5a1ded78069e} count=1","exception":""}
{"timestamp":"2026-03-24T14:44:06.971+07:00","level":"INFO","app":"flashcard-backend","thread":"main","logger":"c.k.f.service.study.NextCardsService","message":"event=study_next_cards_success deckId=1feef174-7d0b-4d13-9d82-2b7824ae77fe userId=ec8bfa14-c119-4beb-b102-5a1ded78069e size=10 returned=3 offset=0 hasMore=false","exception":""}
{"timestamp":"2026-03-24T14:44:07.104+07:00","level":"WARN","app":"flashcard-backend","thread":"main","logger":"c.k.f.s.p.PersistenceValidationExceptionMapper","message":"event=persistence_rejected_invalid_pagination code=INVALID_PAGINATION message=Invalid pagination request page=0 size=0","exception":""}
{"timestamp":"2026-03-24T14:44:07.119+07:00","level":"INFO","app":"flashcard-backend","thread":"main","logger":"o.s.t.c.s.AnnotationConfigContextLoaderUtils","message":"Could not detect default configuration classes for test class [com.khaleo.flashcard.contract.study.StudyRateCardContractTest]: StudyRateCardContractTest does not declare any static, non-private, non-final, nested classes annotated with @Configuration.","exception":""}
{"timestamp":"2026-03-24T14:44:07.122+07:00","level":"INFO","app":"flashcard-backend","thread":"main","logger":"o.s.b.t.c.SpringBootTestContextBootstrapper","message":"Found @SpringBootConfiguration com.khaleo.flashcard.FlashcardApplication for test class com.khaleo.flashcard.contract.study.StudyRateCardContractTest","exception":""}
{"timestamp":"2026-03-24T14:44:07.238+07:00","level":"WARN","app":"flashcard-backend","thread":"main","logger":"o.s.w.s.m.s.DefaultHandlerExceptionResolver","message":"Resolved [org.springframework.web.bind.MethodArgumentNotValidException: Validation failed for argument [1] in public com.khaleo.flashcard.model.study.RateCardResponse com.khaleo.flashcard.controller.study.StudyController.rateCard(java.util.UUID,com.khaleo.flashcard.model.study.RateCardRequest): [Field error in object 'rateCardRequest' on field 'timeSpentMs': rejected value [-1]; codes [Min.rateCardRequest.timeSpentMs,Min.timeSpentMs,Min.java.lang.Long,Min]; arguments [org.springframework.context.support.DefaultMessageSourceResolvable: codes [rateCardRequest.timeSpentMs,timeSpentMs]; arguments []; default message [timeSpentMs],0]; default message [must be greater than or equal to 0]] ]","exception":""}
{"timestamp":"2026-03-24T14:44:07.357+07:00","level":"INFO","app":"flashcard-backend","thread":"main","logger":"c.k.f.c.o.NewRelicDeckMediaInstrumentation","message":"event=new_relic_deck_media metric=study_rating status=success attributes={rating=GOOD, cardId=48493824-40e4-4aa3-a5c0-3d40a65271ea, state=LEARNING, userId=0da80c9c-4122-4f02-a40e-c0bbdd83bd6d} count=1","exception":""}
{"timestamp":"2026-03-24T14:44:07.423+07:00","level":"INFO","app":"flashcard-backend","thread":"main","logger":"c.k.f.config.FeatureTelemetryLogger","message":"event=public_discovery_accessed attributes={query=biology}","exception":""}
{"timestamp":"2026-03-24T14:44:07.424+07:00","level":"INFO","app":"flashcard-backend","thread":"main","logger":"c.k.f.config.FeatureTelemetryLogger","message":"event=public_import_started attributes={deckId=d-1}","exception":""}
{"timestamp":"2026-03-24T14:44:07.425+07:00","level":"INFO","app":"flashcard-backend","thread":"main","logger":"c.k.f.config.FeatureTelemetryLogger","message":"event=reimport_merge_resolved attributes={importLinkId=l-1}","exception":""}
{"timestamp":"2026-03-24T14:44:07.425+07:00","level":"INFO","app":"flashcard-backend","thread":"main","logger":"c.k.f.c.o.NewRelicDeckMediaInstrumentation","message":"event=new_relic_deck_media metric=public_discovery status=success attributes={page=0} count=1","exception":""}
{"timestamp":"2026-03-24T14:44:07.425+07:00","level":"INFO","app":"flashcard-backend","thread":"main","logger":"c.k.f.c.o.NewRelicDeckMediaInstrumentation","message":"event=new_relic_deck_media metric=public_import status=success attributes={deckId=d-1} count=1","exception":""}
{"timestamp":"2026-03-24T14:44:07.425+07:00","level":"INFO","app":"flashcard-backend","thread":"main","logger":"c.k.f.c.o.NewRelicDeckMediaInstrumentation","message":"event=new_relic_deck_media metric=reimport_merge status=success attributes={importLinkId=l-1} count=1","exception":""}
{"timestamp":"2026-03-24T14:44:07.426+07:00","level":"INFO","app":"flashcard-backend","thread":"main","logger":"c.k.f.c.o.NewRelicDeckMediaInstrumentation","message":"event=new_relic_deck_media metric=study_next_cards status=success attributes={deckId=d-1} count=1","exception":""}
{"timestamp":"2026-03-24T14:44:07.426+07:00","level":"INFO","app":"flashcard-backend","thread":"main","logger":"c.k.f.c.o.NewRelicDeckMediaInstrumentation","message":"event=new_relic_deck_media metric=study_rating status=success attributes={cardId=c-1} count=1","exception":""}
{"timestamp":"2026-03-24T14:44:07.432+07:00","level":"INFO","app":"flashcard-backend","thread":"main","logger":"o.s.t.c.s.AnnotationConfigContextLoaderUtils","message":"Could not detect default configuration classes for test class [com.khaleo.flashcard.integration.PrivateDeckOwnershipIntegrationTest]: PrivateDeckOwnershipIntegrationTest does not declare any static, non-private, non-final, nested classes annotated with @Configuration.","exception":""}
{"timestamp":"2026-03-24T14:44:07.451+07:00","level":"INFO","app":"flashcard-backend","thread":"main","logger":"o.s.b.t.c.SpringBootTestContextBootstrapper","message":"Found @SpringBootConfiguration com.khaleo.flashcard.FlashcardApplication for test class com.khaleo.flashcard.integration.PrivateDeckOwnershipIntegrationTest","exception":""}
{"timestamp":"2026-03-24T14:44:07.560+07:00","level":"INFO","app":"flashcard-backend","thread":"main","logger":"c.k.f.c.o.NewRelicDeckMediaInstrumentation","message":"event=new_relic_deck_media metric=deck_outcome operation=create status=success attributes={deckId=4a335623-1214-4b11-8958-9ef9b53b6e57} count=1","exception":""}
{"timestamp":"2026-03-24T14:44:07.560+07:00","level":"INFO","app":"flashcard-backend","thread":"main","logger":"c.k.f.s.p.RelationalPersistenceService","message":"event=relational_deck_create_success deckId=4a335623-1214-4b11-8958-9ef9b53b6e57 authorId=503e2771-df0a-4670-8473-ed741e974d77","exception":""}
{"timestamp":"2026-03-24T14:44:07.568+07:00","level":"INFO","app":"flashcard-backend","thread":"main","logger":"c.k.f.c.o.NewRelicDeckMediaInstrumentation","message":"event=new_relic_deck_media metric=card_outcome operation=create status=success attributes={deckId=4a335623-1214-4b11-8958-9ef9b53b6e57, cardId=d6b7e6bf-e615-4851-9bee-ebd59f10ea46} count=1","exception":""}
{"timestamp":"2026-03-24T14:44:07.568+07:00","level":"INFO","app":"flashcard-backend","thread":"main","logger":"c.k.f.s.p.RelationalPersistenceService","message":"event=relational_card_create_success cardId=d6b7e6bf-e615-4851-9bee-ebd59f10ea46 deckId=4a335623-1214-4b11-8958-9ef9b53b6e57","exception":""}
{"timestamp":"2026-03-24T14:44:07.571+07:00","level":"INFO","app":"flashcard-backend","thread":"main","logger":"c.k.f.c.o.NewRelicDeckMediaInstrumentation","message":"event=new_relic_deck_media metric=deck_outcome operation=update status=success attributes={deckId=4a335623-1214-4b11-8958-9ef9b53b6e57} count=1","exception":""}
{"timestamp":"2026-03-24T14:44:07.594+07:00","level":"INFO","app":"flashcard-backend","thread":"main","logger":"c.k.f.c.o.NewRelicDeckMediaInstrumentation","message":"event=new_relic_deck_media metric=card_search status=success attributes={deckId=4a335623-1214-4b11-8958-9ef9b53b6e57, resultCount=1, size=20, page=0} count=1","exception":""}
{"timestamp":"2026-03-24T14:44:07.637+07:00","level":"INFO","app":"flashcard-backend","thread":"main","logger":"c.k.f.c.o.NewRelicDeckMediaInstrumentation","message":"event=new_relic_deck_media metric=deck_outcome operation=delete status=success attributes={deckId=4a335623-1214-4b11-8958-9ef9b53b6e57} count=1","exception":""}
{"timestamp":"2026-03-24T14:44:07.640+07:00","level":"WARN","app":"flashcard-backend","thread":"main","logger":"c.k.f.s.p.PersistenceValidationExceptionMapper","message":"event=persistence_rejected_deck_not_found code=DECK_NOT_FOUND message=Deck not found: 4a335623-1214-4b11-8958-9ef9b53b6e57","exception":""}
{"timestamp":"2026-03-24T14:44:07.850+07:00","level":"INFO","app":"flashcard-backend","thread":"main","logger":"c.k.f.c.o.NewRelicDeckMediaInstrumentation","message":"event=new_relic_deck_media metric=deck_outcome operation=create status=success attributes={deckId=6762082c-0678-4fd3-827b-4d3bd86b1883} count=1","exception":""}
{"timestamp":"2026-03-24T14:44:07.851+07:00","level":"INFO","app":"flashcard-backend","thread":"main","logger":"c.k.f.s.p.RelationalPersistenceService","message":"event=relational_deck_create_success deckId=6762082c-0678-4fd3-827b-4d3bd86b1883 authorId=561172a0-33c5-4bc5-9dd9-545057f32377","exception":""}
{"timestamp":"2026-03-24T14:44:07.852+07:00","level":"WARN","app":"flashcard-backend","thread":"main","logger":"c.k.f.s.p.PersistenceValidationExceptionMapper","message":"event=persistence_rejected_authorization_denied code=AUTHORIZATION_DENIED message=Authorization denied for operation=update resource=deck key=6762082c-0678-4fd3-827b-4d3bd86b1883","exception":""}
{"timestamp":"2026-03-24T14:44:07.867+07:00","level":"INFO","app":"flashcard-backend","thread":"main","logger":"o.s.t.c.s.AnnotationConfigContextLoaderUtils","message":"Could not detect default configuration classes for test class [com.khaleo.flashcard.integration.PublicDeckImportIntegrationTest]: PublicDeckImportIntegrationTest does not declare any static, non-private, non-final, nested classes annotated with @Configuration.","exception":""}
{"timestamp":"2026-03-24T14:44:07.871+07:00","level":"INFO","app":"flashcard-backend","thread":"main","logger":"o.s.b.t.c.SpringBootTestContextBootstrapper","message":"Found @SpringBootConfiguration com.khaleo.flashcard.FlashcardApplication for test class com.khaleo.flashcard.integration.PublicDeckImportIntegrationTest","exception":""}
{"timestamp":"2026-03-24T14:44:08.078+07:00","level":"INFO","app":"flashcard-backend","thread":"main","logger":"c.k.f.c.o.NewRelicDeckMediaInstrumentation","message":"event=new_relic_deck_media metric=deck_outcome operation=create status=success attributes={deckId=2bbd2f9b-f3a1-4a8a-9e19-fc63aeea29b4} count=1","exception":""}
{"timestamp":"2026-03-24T14:44:08.078+07:00","level":"INFO","app":"flashcard-backend","thread":"main","logger":"c.k.f.s.p.RelationalPersistenceService","message":"event=relational_deck_create_success deckId=2bbd2f9b-f3a1-4a8a-9e19-fc63aeea29b4 authorId=388e0d75-37c6-4247-9f87-ee7cd52b6969","exception":""}
{"timestamp":"2026-03-24T14:44:08.087+07:00","level":"INFO","app":"flashcard-backend","thread":"main","logger":"c.k.f.c.o.NewRelicDeckMediaInstrumentation","message":"event=new_relic_deck_media metric=card_outcome operation=create status=success attributes={deckId=2bbd2f9b-f3a1-4a8a-9e19-fc63aeea29b4, cardId=b20b0bc2-d030-42f0-a733-9d6bb213b4c3} count=1","exception":""}
{"timestamp":"2026-03-24T14:44:08.087+07:00","level":"INFO","app":"flashcard-backend","thread":"main","logger":"c.k.f.s.p.RelationalPersistenceService","message":"event=relational_card_create_success cardId=b20b0bc2-d030-42f0-a733-9d6bb213b4c3 deckId=2bbd2f9b-f3a1-4a8a-9e19-fc63aeea29b4","exception":""}
{"timestamp":"2026-03-24T14:44:08.088+07:00","level":"INFO","app":"flashcard-backend","thread":"main","logger":"c.k.f.c.o.NewRelicDeckMediaInstrumentation","message":"event=new_relic_deck_media metric=card_outcome operation=create status=success attributes={deckId=2bbd2f9b-f3a1-4a8a-9e19-fc63aeea29b4, cardId=3c44c4d4-1217-4efc-a3d9-4d44a8d5287e} count=1","exception":""}
{"timestamp":"2026-03-24T14:44:08.089+07:00","level":"INFO","app":"flashcard-backend","thread":"main","logger":"c.k.f.s.p.RelationalPersistenceService","message":"event=relational_card_create_success cardId=3c44c4d4-1217-4efc-a3d9-4d44a8d5287e deckId=2bbd2f9b-f3a1-4a8a-9e19-fc63aeea29b4","exception":""}
{"timestamp":"2026-03-24T14:44:08.129+07:00","level":"INFO","app":"flashcard-backend","thread":"main","logger":"o.s.t.c.s.AnnotationConfigContextLoaderUtils","message":"Could not detect default configuration classes for test class [com.khaleo.flashcard.integration.ReimportMergeConflictResolutionIntegrationTest]: ReimportMergeConflictResolutionIntegrationTest does not declare any static, non-private, non-final, nested classes annotated with @Configuration.","exception":""}
{"timestamp":"2026-03-24T14:44:08.131+07:00","level":"INFO","app":"flashcard-backend","thread":"main","logger":"o.s.b.t.c.SpringBootTestContextBootstrapper","message":"Found @SpringBootConfiguration com.khaleo.flashcard.FlashcardApplication for test class com.khaleo.flashcard.integration.ReimportMergeConflictResolutionIntegrationTest","exception":""}
{"timestamp":"2026-03-24T14:44:08.330+07:00","level":"INFO","app":"flashcard-backend","thread":"main","logger":"c.k.f.c.o.NewRelicDeckMediaInstrumentation","message":"event=new_relic_deck_media metric=deck_outcome operation=create status=success attributes={deckId=9b4c6310-9164-4a4c-8c78-d3048a471773} count=1","exception":""}
{"timestamp":"2026-03-24T14:44:08.331+07:00","level":"INFO","app":"flashcard-backend","thread":"main","logger":"c.k.f.s.p.RelationalPersistenceService","message":"event=relational_deck_create_success deckId=9b4c6310-9164-4a4c-8c78-d3048a471773 authorId=5ef85c9e-91e8-4624-87f5-e5a8c1cb84b5","exception":""}
{"timestamp":"2026-03-24T14:44:08.341+07:00","level":"INFO","app":"flashcard-backend","thread":"main","logger":"c.k.f.c.o.NewRelicDeckMediaInstrumentation","message":"event=new_relic_deck_media metric=card_outcome operation=create status=success attributes={deckId=9b4c6310-9164-4a4c-8c78-d3048a471773, cardId=e2bd256c-b9fc-4469-82fc-906906e97734} count=1","exception":""}
{"timestamp":"2026-03-24T14:44:08.341+07:00","level":"INFO","app":"flashcard-backend","thread":"main","logger":"c.k.f.s.p.RelationalPersistenceService","message":"event=relational_card_create_success cardId=e2bd256c-b9fc-4469-82fc-906906e97734 deckId=9b4c6310-9164-4a4c-8c78-d3048a471773","exception":""}
{"timestamp":"2026-03-24T14:44:08.437+07:00","level":"INFO","app":"flashcard-backend","thread":"main","logger":"o.s.t.c.s.AnnotationConfigContextLoaderUtils","message":"Could not detect default configuration classes for test class [com.khaleo.flashcard.integration.ReimportMergeNoConflictIntegrationTest]: ReimportMergeNoConflictIntegrationTest does not declare any static, non-private, non-final, nested classes annotated with @Configuration.","exception":""}
{"timestamp":"2026-03-24T14:44:08.439+07:00","level":"INFO","app":"flashcard-backend","thread":"main","logger":"o.s.b.t.c.SpringBootTestContextBootstrapper","message":"Found @SpringBootConfiguration com.khaleo.flashcard.FlashcardApplication for test class com.khaleo.flashcard.integration.ReimportMergeNoConflictIntegrationTest","exception":""}
{"timestamp":"2026-03-24T14:44:08.630+07:00","level":"INFO","app":"flashcard-backend","thread":"main","logger":"c.k.f.c.o.NewRelicDeckMediaInstrumentation","message":"event=new_relic_deck_media metric=deck_outcome operation=create status=success attributes={deckId=87081f95-5b73-4f9d-a91a-abbf2d255a60} count=1","exception":""}
{"timestamp":"2026-03-24T14:44:08.630+07:00","level":"INFO","app":"flashcard-backend","thread":"main","logger":"c.k.f.s.p.RelationalPersistenceService","message":"event=relational_deck_create_success deckId=87081f95-5b73-4f9d-a91a-abbf2d255a60 authorId=8db92b61-a94d-427d-b6ce-5e00f1116ac0","exception":""}
{"timestamp":"2026-03-24T14:44:08.638+07:00","level":"INFO","app":"flashcard-backend","thread":"main","logger":"c.k.f.c.o.NewRelicDeckMediaInstrumentation","message":"event=new_relic_deck_media metric=card_outcome operation=create status=success attributes={deckId=87081f95-5b73-4f9d-a91a-abbf2d255a60, cardId=a274fb42-ffc6-4b11-a7e3-80644c9e608b} count=1","exception":""}
{"timestamp":"2026-03-24T14:44:08.638+07:00","level":"INFO","app":"flashcard-backend","thread":"main","logger":"c.k.f.s.p.RelationalPersistenceService","message":"event=relational_card_create_success cardId=a274fb42-ffc6-4b11-a7e3-80644c9e608b deckId=87081f95-5b73-4f9d-a91a-abbf2d255a60","exception":""}
{"timestamp":"2026-03-24T14:44:08.667+07:00","level":"INFO","app":"flashcard-backend","thread":"main","logger":"o.s.t.c.s.AnnotationConfigContextLoaderUtils","message":"Could not detect default configuration classes for test class [com.khaleo.flashcard.integration.ReimportSourceStateChangeIntegrationTest]: ReimportSourceStateChangeIntegrationTest does not declare any static, non-private, non-final, nested classes annotated with @Configuration.","exception":""}
{"timestamp":"2026-03-24T14:44:08.669+07:00","level":"INFO","app":"flashcard-backend","thread":"main","logger":"o.s.b.t.c.SpringBootTestContextBootstrapper","message":"Found @SpringBootConfiguration com.khaleo.flashcard.FlashcardApplication for test class com.khaleo.flashcard.integration.ReimportSourceStateChangeIntegrationTest","exception":""}
{"timestamp":"2026-03-24T14:44:08.859+07:00","level":"INFO","app":"flashcard-backend","thread":"main","logger":"c.k.f.c.o.NewRelicDeckMediaInstrumentation","message":"event=new_relic_deck_media metric=deck_outcome operation=create status=success attributes={deckId=80b55993-8562-4a17-a58c-f96f00f453ee} count=1","exception":""}
{"timestamp":"2026-03-24T14:44:08.860+07:00","level":"INFO","app":"flashcard-backend","thread":"main","logger":"c.k.f.s.p.RelationalPersistenceService","message":"event=relational_deck_create_success deckId=80b55993-8562-4a17-a58c-f96f00f453ee authorId=92bc7f3b-b533-432e-913e-4c8470ffca40","exception":""}
{"timestamp":"2026-03-24T14:44:08.869+07:00","level":"INFO","app":"flashcard-backend","thread":"main","logger":"c.k.f.c.o.NewRelicDeckMediaInstrumentation","message":"event=new_relic_deck_media metric=card_outcome operation=create status=success attributes={deckId=80b55993-8562-4a17-a58c-f96f00f453ee, cardId=39e986ce-2c06-4c7b-ac9b-5b99b7eb40be} count=1","exception":""}
{"timestamp":"2026-03-24T14:44:08.869+07:00","level":"INFO","app":"flashcard-backend","thread":"main","logger":"c.k.f.s.p.RelationalPersistenceService","message":"event=relational_card_create_success cardId=39e986ce-2c06-4c7b-ac9b-5b99b7eb40be deckId=80b55993-8562-4a17-a58c-f96f00f453ee","exception":""}
{"timestamp":"2026-03-24T14:44:08.885+07:00","level":"WARN","app":"flashcard-backend","thread":"main","logger":"c.k.f.s.p.PersistenceValidationExceptionMapper","message":"event=persistence_rejected_deck_not_public code=DECK_NOT_PUBLIC message=Deck is not public: b3e54b4a-b813-4b72-a685-cebd5abdd860","exception":""}
{"timestamp":"2026-03-24T14:44:08.902+07:00","level":"INFO","app":"flashcard-backend","thread":"main","logger":"o.s.t.c.s.AnnotationConfigContextLoaderUtils","message":"Could not detect default configuration classes for test class [com.khaleo.flashcard.integration.StudySchedulerLegacyBehaviorIntegrationTest]: StudySchedulerLegacyBehaviorIntegrationTest does not declare any static, non-private, non-final, nested classes annotated with @Configuration.","exception":""}
{"timestamp":"2026-03-24T14:44:08.904+07:00","level":"INFO","app":"flashcard-backend","thread":"main","logger":"o.s.b.t.c.SpringBootTestContextBootstrapper","message":"Found @SpringBootConfiguration com.khaleo.flashcard.FlashcardApplication for test class com.khaleo.flashcard.integration.StudySchedulerLegacyBehaviorIntegrationTest","exception":""}

  .   ____          _            __ _ _
 /\\ / ___'_ __ _ _(_)_ __  __ _ \ \ \ \
( ( )\___ | '_ | '_| | '_ \/ _` | \ \ \ \
 \\/  ___)| |_)| | | | | || (_| |  ) ) ) )
  '  |____| .__|_| |_|_| |_\__, | / / / /
 =========|_|==============|___/=/_/_/_/

 :: Spring Boot ::                (v3.3.2)

{"timestamp":"2026-03-24T14:44:08.937+07:00","level":"INFO","app":"flashcard-backend","thread":"main","logger":"c.k.f.i.StudySchedulerLegacyBehaviorIntegrationTest","message":"Starting StudySchedulerLegacyBehaviorIntegrationTest using Java 17.0.14 with PID 29708 (started by brvkh in C:\Workspace\FPT\github\KhaLeo\backend)","exception":""}
{"timestamp":"2026-03-24T14:44:08.937+07:00","level":"INFO","app":"flashcard-backend","thread":"main","logger":"c.k.f.i.StudySchedulerLegacyBehaviorIntegrationTest","message":"No active profile set, falling back to 1 default profile: \"default\"","exception":""}
{"timestamp":"2026-03-24T14:44:09.271+07:00","level":"WARN","app":"flashcard-backend","thread":"ForkJoinPool.commonPool-worker-1","logger":"c.k.f.s.a.ActivityLogRetryService","message":"event=activity_log_publish_retry logId=510574e4-701d-4e9b-850e-6520d22b783d attempt=1 retry=true reason=Requested resource not found (Service: DynamoDb, Status Code: 400, Request ID: ERHAOJOU980LP0RN0DL0GD84AVVV4KQNSO5AEMVJF66Q9ASUAAJG)","exception":""}
{"timestamp":"2026-03-24T14:44:09.631+07:00","level":"INFO","app":"flashcard-backend","thread":"main","logger":"o.s.d.r.c.RepositoryConfigurationDelegate","message":"Bootstrapping Spring Data JPA repositories in DEFAULT mode.","exception":""}
{"timestamp":"2026-03-24T14:44:09.700+07:00","level":"INFO","app":"flashcard-backend","thread":"main","logger":"o.s.d.r.c.RepositoryConfigurationDelegate","message":"Finished Spring Data repository scanning in 68 ms. Found 13 JPA repository interfaces.","exception":""}
{"timestamp":"2026-03-24T14:44:09.887+07:00","level":"INFO","app":"flashcard-backend","thread":"main","logger":"com.zaxxer.hikari.HikariDataSource","message":"HikariPool-6 - Starting...","exception":""}
{"timestamp":"2026-03-24T14:44:09.916+07:00","level":"INFO","app":"flashcard-backend","thread":"main","logger":"com.zaxxer.hikari.pool.HikariPool","message":"HikariPool-6 - Added connection com.mysql.cj.jdbc.ConnectionImpl@6a8b6846","exception":""}
{"timestamp":"2026-03-24T14:44:09.917+07:00","level":"INFO","app":"flashcard-backend","thread":"main","logger":"com.zaxxer.hikari.HikariDataSource","message":"HikariPool-6 - Start completed.","exception":""}
{"timestamp":"2026-03-24T14:44:09.935+07:00","level":"INFO","app":"flashcard-backend","thread":"main","logger":"org.flywaydb.core.FlywayExecutor","message":"Database: jdbc:mysql://localhost:3306/khaleo_flashcard (MySQL 8.0)","exception":""}
{"timestamp":"2026-03-24T14:44:09.983+07:00","level":"WARN","app":"flashcard-backend","thread":"main","logger":"o.s.w.c.s.GenericWebApplicationContext","message":"Exception encountered during context initialization - cancelling refresh attempt: org.springframework.beans.factory.BeanCreationException: Error creating bean with name 'entityManagerFactory' defined in class path resource [org/springframework/boot/autoconfigure/orm/jpa/HibernateJpaConfiguration.class]: Failed to initialize dependency 'flywayInitializer' of LoadTimeWeaverAware bean 'entityManagerFactory': Error creating bean with name 'flywayInitializer' defined in class path resource [org/springframework/boot/autoconfigure/flyway/FlywayAutoConfiguration$FlywayConfiguration.class]: Validate failed: Migrations have failed validation
Migration checksum mismatch for migration version 20260324.011
-> Applied to database : -1292646180
-> Resolved locally    : -1237749302
Either revert the changes to the migration, or run repair to update the schema history.
Need more flexibility with validation rules? Learn more: https://rd.gt/3AbJUZE","exception":""}
{"timestamp":"2026-03-24T14:44:09.983+07:00","level":"INFO","app":"flashcard-backend","thread":"main","logger":"com.zaxxer.hikari.HikariDataSource","message":"HikariPool-6 - Shutdown initiated...","exception":""}
{"timestamp":"2026-03-24T14:44:09.987+07:00","level":"INFO","app":"flashcard-backend","thread":"main","logger":"com.zaxxer.hikari.HikariDataSource","message":"HikariPool-6 - Shutdown completed.","exception":""}
{"timestamp":"2026-03-24T14:44:09.997+07:00","level":"INFO","app":"flashcard-backend","thread":"main","logger":"o.s.b.a.l.ConditionEvaluationReportLogger","message":"

Error starting ApplicationContext. To display the condition evaluation report re-run your application with 'debug' enabled.","exception":""}
{"timestamp":"2026-03-24T14:44:09.999+07:00","level":"ERROR","app":"flashcard-backend","thread":"main","logger":"o.s.boot.SpringApplication","message":"Application run failed","exception":"org.springframework.beans.factory.BeanCreationException: Error creating bean with name 'entityManagerFactory' defined in class path resource [org/springframework/boot/autoconfigure/orm/jpa/HibernateJpaConfiguration.class]: Failed to initialize dependency 'flywayInitializer' of LoadTimeWeaverAware bean 'entityManagerFactory': Error creating bean with name 'flywayInitializer' defined in class path resource [org/springframework/boot/autoconfigure/flyway/FlywayAutoConfiguration$FlywayConfiguration.class]: Validate failed: Migrations have failed validation\nMigration checksum mismatch for migration version 20260324.011\n-> Applied to database : -1292646180\n-> Resolved locally    : -1237749302\nEither revert the changes to the migration, or run repair to update the schema history.\nNeed more flexibility with validation rules? Learn more: https://rd.gt/3AbJUZE
\n	at org.springframework.beans.factory.support.AbstractBeanFactory.doGetBean(AbstractBeanFactory.java:326)
\nCaused by: org.springframework.beans.factory.BeanCreationException: Error creating bean with name 'flywayInitializer' defined in class path resource [org/springframework/boot/autoconfigure/flyway/FlywayAutoConfiguration$FlywayConfiguration.class]: Validate failed: Migrations have failed validation\nMigration checksum mismatch for migration version 20260324.011\n-> Applied to database : -1292646180\n-> Resolved locally    : -1237749302\nEither revert the changes to the migration, or run repair to update the schema history.\nNeed more flexibility with validation rules? Learn more: https://rd.gt/3AbJUZE
\n	at org.springframework.beans.factory.support.AbstractAutowireCapableBeanFactory.initializeBean(AbstractAutowireCapableBeanFactory.java:1806)
\nCaused by: org.flywaydb.core.api.exception.FlywayValidateException: Validate failed: Migrations have failed validation\nMigration checksum mismatch for migration version 20260324.011\n-> Applied to database : -1292646180\n-> Resolved locally    : -1237749302\nEither revert the changes to the migration, or run repair to update the schema history.\nNeed more flexibility with validation rules? Learn more: https://rd.gt/3AbJUZE
\n	at org.flywaydb.core.Flyway.lambda$migrate$0(Flyway.java:160)
\n"}



============================
CONDITIONS EVALUATION REPORT
============================


Positive matches:
-----------------

    None


Negative matches:
-----------------

    None


Exclusions:
-----------

    None


Unconditional classes:
----------------------

    None


{"timestamp":"2026-03-24T14:44:10.000+07:00","level":"WARN","app":"flashcard-backend","thread":"main","logger":"o.s.test.context.TestContextManager","message":"Caught exception while allowing TestExecutionListener [org.springframework.test.context.web.ServletTestExecutionListener] to prepare test instance [com.khaleo.flashcard.integration.StudySchedulerLegacyBehaviorIntegrationTest@187294c4]","exception":"java.lang.IllegalStateException: Failed to load ApplicationContext for [WebMergedContextConfiguration@65a42032 testClass = com.khaleo.flashcard.integration.StudySchedulerLegacyBehaviorIntegrationTest, locations = [], classes = [com.khaleo.flashcard.FlashcardApplication], contextInitializerClasses = [], activeProfiles = [], propertySourceDescriptors = [], propertySourceProperties = ["org.springframework.boot.test.context.SpringBootTestContextBootstrapper=true"], contextCustomizers = [org.springframework.boot.test.context.filter.ExcludeFilterContextCustomizer@16eccb2e, org.springframework.boot.test.json.DuplicateJsonObjectContextCustomizerFactory$DuplicateJsonObjectContextCustomizer@36cda2c2, org.springframework.boot.test.mock.mockito.MockitoContextCustomizer@0, org.springframework.boot.test.web.client.TestRestTemplateContextCustomizer@38b27cdc, org.springframework.boot.test.web.reactor.netty.DisableReactorResourceFactoryGlobalResourcesContextCustomizerFactory$DisableReactorResourceFactoryGlobalResourcesContextCustomizerCustomizer@56673b2c, org.springframework.boot.test.autoconfigure.actuate.observability.ObservabilityContextCustomizerFactory$DisableObservabilityContextCustomizer@1f, org.springframework.boot.test.autoconfigure.properties.PropertyMappingContextCustomizer@0, org.springframework.boot.test.autoconfigure.web.servlet.WebDriverContextCustomizer@146dfe6, org.springframework.boot.test.context.SpringBootTestAnnotation@1bf9202f], resourceBasePath = "src/main/webapp", contextLoader = org.springframework.boot.test.context.SpringBootContextLoader, parent = null]
\n	at org.springframework.test.context.cache.DefaultCacheAwareContextLoaderDelegate.loadContext(DefaultCacheAwareContextLoaderDelegate.java:180)
\nCaused by: org.springframework.beans.factory.BeanCreationException: Error creating bean with name 'entityManagerFactory' defined in class path resource [org/springframework/boot/autoconfigure/orm/jpa/HibernateJpaConfiguration.class]: Failed to initialize dependency 'flywayInitializer' of LoadTimeWeaverAware bean 'entityManagerFactory': Error creating bean with name 'flywayInitializer' defined in class path resource [org/springframework/boot/autoconfigure/flyway/FlywayAutoConfiguration$FlywayConfiguration.class]: Validate failed: Migrations have failed validation\nMigration checksum mismatch for migration version 20260324.011\n-> Applied to database : -1292646180\n-> Resolved locally    : -1237749302\nEither revert the changes to the migration, or run repair to update the schema history.\nNeed more flexibility with validation rules? Learn more: https://rd.gt/3AbJUZE
\n	at org.springframework.beans.factory.support.AbstractBeanFactory.doGetBean(AbstractBeanFactory.java:326)
\nCaused by: org.springframework.beans.factory.BeanCreationException: Error creating bean with name 'flywayInitializer' defined in class path resource [org/springframework/boot/autoconfigure/flyway/FlywayAutoConfiguration$FlywayConfiguration.class]: Validate failed: Migrations have failed validation\nMigration checksum mismatch for migration version 20260324.011\n-> Applied to database : -1292646180\n-> Resolved locally    : -1237749302\nEither revert the changes to the migration, or run repair to update the schema history.\nNeed more flexibility with validation rules? Learn more: https://rd.gt/3AbJUZE
\n	at org.springframework.beans.factory.support.AbstractAutowireCapableBeanFactory.initializeBean(AbstractAutowireCapableBeanFactory.java:1806)

\nCaused by: org.flywaydb.core.api.exception.FlywayValidateException: Validate failed: Migrations have failed validation\nMigration checksum mismatch for migration version 20260324.011\n-> Applied to database : -1292646180\n-> Resolved locally    : -1237749302\nEither revert the changes to the migration, or run repair to update the schema history.\nNeed more flexibility with validation rules? Learn more: https://rd.gt/3AbJUZE
\n	at org.flywaydb.core.Flyway.lambda$migrate$0(Flyway.java:160)
\n"}
[ERROR] Tests run: 1, Failures: 0, Errors: 1, Skipped: 0, Time elapsed: 1.103 s <<< FAILURE! -- in com.khaleo.flashcard.integration.StudySchedulerLegacyBehaviorIntegrationTest
[ERROR] com.khaleo.flashcard.integration.StudySchedulerLegacyBehaviorIntegrationTest.shouldPreserveNonNewReviewBehavior -- Time elapsed: 0.002 s <<< ERROR!
java.lang.IllegalStateException: Failed to load ApplicationContext for [WebMergedContextConfiguration@65a42032 testClass = com.khaleo.flashcard.integration.StudySchedulerLegacyBehaviorIntegrationTest, locations = [], classes = [com.khaleo.flashcard.FlashcardApplication], contextInitializerClasses = [], activeProfiles = [], propertySourceDescriptors = [], propertySourceProperties = ["org.springframework.boot.test.context.SpringBootTestContextBootstrapper=true"], contextCustomizers = [org.springframework.boot.test.context.filter.ExcludeFilterContextCustomizer@16eccb2e, org.springframework.boot.test.json.DuplicateJsonObjectContextCustomizerFactory$DuplicateJsonObjectContextCustomizer@36cda2c2, org.springframework.boot.test.mock.mockito.MockitoContextCustomizer@0, org.springframework.boot.test.web.client.TestRestTemplateContextCustomizer@38b27cdc, org.springframework.boot.test.web.reactor.netty.DisableReactorResourceFactoryGlobalResourcesContextCustomizerFactory$DisableReactorResourceFactoryGlobalResourcesContextCustomizerCustomizer@56673b2c, org.springframework.boot.test.autoconfigure.actuate.observability.ObservabilityContextCustomizerFactory$DisableObservabilityContextCustomizer@1f, org.springframework.boot.test.autoconfigure.properties.PropertyMappingContextCustomizer@0, org.springframework.boot.test.autoconfigure.web.servlet.WebDriverContextCustomizer@146dfe6, org.springframework.boot.test.context.SpringBootTestAnnotation@1bf9202f], resourceBasePath = "src/main/webapp", contextLoader = org.springframework.boot.test.context.SpringBootContextLoader, parent = null]
	at org.springframework.test.context.cache.DefaultCacheAwareContextLoaderDelegate.loadContext(DefaultCacheAwareContextLoaderDelegate.java:180)
	at org.springframework.test.context.support.DefaultTestContext.getApplicationContext(DefaultTestContext.java:130)
	at org.springframework.test.context.web.ServletTestExecutionListener.setUpRequestContextIfNecessary(ServletTestExecutionListener.java:191)
	at org.springframework.test.context.web.ServletTestExecutionListener.prepareTestInstance(ServletTestExecutionListener.java:130)
	at org.springframework.test.context.TestContextManager.prepareTestInstance(TestContextManager.java:260)
	at org.springframework.test.context.junit.jupiter.SpringExtension.postProcessTestInstance(SpringExtension.java:163)
	at java.base/java.util.stream.ReferencePipeline$3$1.accept(ReferencePipeline.java:197)
	at java.base/java.util.stream.ReferencePipeline$2$1.accept(ReferencePipeline.java:179)
	at java.base/java.util.ArrayList$ArrayListSpliterator.forEachRemaining(ArrayList.java:1625)
	at java.base/java.util.stream.AbstractPipeline.copyInto(AbstractPipeline.java:509)
	at java.base/java.util.stream.AbstractPipeline.wrapAndCopyInto(AbstractPipeline.java:499)
	at java.base/java.util.stream.StreamSpliterators$WrappingSpliterator.forEachRemaining(StreamSpliterators.java:310)
	at java.base/java.util.stream.Streams$ConcatSpliterator.forEachRemaining(Streams.java:735)
	at java.base/java.util.stream.Streams$ConcatSpliterator.forEachRemaining(Streams.java:734)
	at java.base/java.util.stream.ReferencePipeline$Head.forEach(ReferencePipeline.java:762)
	at java.base/java.util.Optional.orElseGet(Optional.java:364)
	at java.base/java.util.ArrayList.forEach(ArrayList.java:1511)
	at java.base/java.util.ArrayList.forEach(ArrayList.java:1511)
Caused by: org.springframework.beans.factory.BeanCreationException: Error creating bean with name 'entityManagerFactory' defined in class path resource [org/springframework/boot/autoconfigure/orm/jpa/HibernateJpaConfiguration.class]: Failed to initialize dependency 'flywayInitializer' of LoadTimeWeaverAware bean 'entityManagerFactory': Error creating bean with name 'flywayInitializer' defined in class path resource [org/springframework/boot/autoconfigure/flyway/FlywayAutoConfiguration$FlywayConfiguration.class]: Validate failed: Migrations have failed validation
Migration checksum mismatch for migration version 20260324.011
-> Applied to database : -1292646180
-> Resolved locally    : -1237749302
Either revert the changes to the migration, or run repair to update the schema history.
Need more flexibility with validation rules? Learn more: https://rd.gt/3AbJUZE
	at org.springframework.beans.factory.support.AbstractBeanFactory.doGetBean(AbstractBeanFactory.java:326)
	at org.springframework.beans.factory.support.AbstractBeanFactory.getBean(AbstractBeanFactory.java:205)
	at org.springframework.context.support.AbstractApplicationContext.finishBeanFactoryInitialization(AbstractApplicationContext.java:954)
	at org.springframework.context.support.AbstractApplicationContext.refresh(AbstractApplicationContext.java:625)
	at org.springframework.boot.SpringApplication.refresh(SpringApplication.java:754)
	at org.springframework.boot.SpringApplication.refreshContext(SpringApplication.java:456)
	at org.springframework.boot.SpringApplication.run(SpringApplication.java:335)
	at org.springframework.boot.test.context.SpringBootContextLoader.lambda$loadContext$3(SpringBootContextLoader.java:137)
	at org.springframework.util.function.ThrowingSupplier.get(ThrowingSupplier.java:58)
	at org.springframework.util.function.ThrowingSupplier.get(ThrowingSupplier.java:46)
	at org.springframework.boot.SpringApplication.withHook(SpringApplication.java:1463)
	at org.springframework.boot.test.context.SpringBootContextLoader$ContextLoaderHook.run(SpringBootContextLoader.java:553)
	at org.springframework.boot.test.context.SpringBootContextLoader.loadContext(SpringBootContextLoader.java:137)
	at org.springframework.boot.test.context.SpringBootContextLoader.loadContext(SpringBootContextLoader.java:108)
	at org.springframework.test.context.cache.DefaultCacheAwareContextLoaderDelegate.loadContextInternal(DefaultCacheAwareContextLoaderDelegate.java:225)
	at org.springframework.test.context.cache.DefaultCacheAwareContextLoaderDelegate.loadContext(DefaultCacheAwareContextLoaderDelegate.java:152)
	... 17 more
Caused by: org.springframework.beans.factory.BeanCreationException: Error creating bean with name 'flywayInitializer' defined in class path resource [org/springframework/boot/autoconfigure/flyway/FlywayAutoConfiguration$FlywayConfiguration.class]: Validate failed: Migrations have failed validation
Migration checksum mismatch for migration version 20260324.011
-> Applied to database : -1292646180
-> Resolved locally    : -1237749302
Either revert the changes to the migration, or run repair to update the schema history.
Need more flexibility with validation rules? Learn more: https://rd.gt/3AbJUZE
	at org.springframework.beans.factory.support.AbstractAutowireCapableBeanFactory.initializeBean(AbstractAutowireCapableBeanFactory.java:1806)
	at org.springframework.beans.factory.support.AbstractAutowireCapableBeanFactory.doCreateBean(AbstractAutowireCapableBeanFactory.java:600)
	at org.springframework.beans.factory.support.AbstractAutowireCapableBeanFactory.createBean(AbstractAutowireCapableBeanFactory.java:522)
	at org.springframework.beans.factory.support.AbstractBeanFactory.lambda$doGetBean$0(AbstractBeanFactory.java:337)
	at org.springframework.beans.factory.support.DefaultSingletonBeanRegistry.getSingleton(DefaultSingletonBeanRegistry.java:234)
	at org.springframework.beans.factory.support.AbstractBeanFactory.doGetBean(AbstractBeanFactory.java:335)
	at org.springframework.beans.factory.support.AbstractBeanFactory.getBean(AbstractBeanFactory.java:200)
	at org.springframework.beans.factory.support.AbstractBeanFactory.doGetBean(AbstractBeanFactory.java:313)
	... 32 more
Caused by: org.flywaydb.core.api.exception.FlywayValidateException: Validate failed: Migrations have failed validation
Migration checksum mismatch for migration version 20260324.011
-> Applied to database : -1292646180
-> Resolved locally    : -1237749302
Either revert the changes to the migration, or run repair to update the schema history.
Need more flexibility with validation rules? Learn more: https://rd.gt/3AbJUZE
	at org.flywaydb.core.Flyway.lambda$migrate$0(Flyway.java:160)
	at org.flywaydb.core.FlywayExecutor.execute(FlywayExecutor.java:205)
	at org.flywaydb.core.Flyway.migrate(Flyway.java:147)
	at org.springframework.boot.autoconfigure.flyway.FlywayMigrationInitializer.afterPropertiesSet(FlywayMigrationInitializer.java:66)
	at org.springframework.beans.factory.support.AbstractAutowireCapableBeanFactory.invokeInitMethods(AbstractAutowireCapableBeanFactory.java:1853)
	at org.springframework.beans.factory.support.AbstractAutowireCapableBeanFactory.initializeBean(AbstractAutowireCapableBeanFactory.java:1802)
	... 39 more

{"timestamp":"2026-03-24T14:44:10.009+07:00","level":"INFO","app":"flashcard-backend","thread":"main","logger":"o.s.t.c.s.AnnotationConfigContextLoaderUtils","message":"Could not detect default configuration classes for test class [com.khaleo.flashcard.integration.StudySessionFlowIntegrationTest]: StudySessionFlowIntegrationTest does not declare any static, non-private, non-final, nested classes annotated with @Configuration.","exception":""}
{"timestamp":"2026-03-24T14:44:10.013+07:00","level":"INFO","app":"flashcard-backend","thread":"main","logger":"o.s.b.t.c.SpringBootTestContextBootstrapper","message":"Found @SpringBootConfiguration com.khaleo.flashcard.FlashcardApplication for test class com.khaleo.flashcard.integration.StudySessionFlowIntegrationTest","exception":""}
{"timestamp":"2026-03-24T14:44:10.157+07:00","level":"INFO","app":"flashcard-backend","thread":"main","logger":"c.k.f.c.o.NewRelicDeckMediaInstrumentation","message":"event=new_relic_deck_media metric=study_next_cards status=success attributes={requestedSize=20, offset=0, deckId=5622f6e3-8a9a-4ba4-80ab-5e0f30d1eb73, hasMore=false, returnedSize=1, newQuota=9999, userId=8f94f11f-a008-43ab-8b78-d024ddcfa292} count=1","exception":""}
{"timestamp":"2026-03-24T14:44:10.157+07:00","level":"INFO","app":"flashcard-backend","thread":"main","logger":"c.k.f.service.study.NextCardsService","message":"event=study_next_cards_success deckId=5622f6e3-8a9a-4ba4-80ab-5e0f30d1eb73 userId=8f94f11f-a008-43ab-8b78-d024ddcfa292 size=20 returned=1 offset=0 hasMore=false","exception":""}
{"timestamp":"2026-03-24T14:44:10.176+07:00","level":"INFO","app":"flashcard-backend","thread":"main","logger":"c.k.f.c.o.NewRelicDeckMediaInstrumentation","message":"event=new_relic_deck_media metric=study_rating status=success attributes={rating=GOOD, cardId=396bbc67-ee4e-434d-81f6-feefd639476a, state=LEARNING, userId=8f94f11f-a008-43ab-8b78-d024ddcfa292} count=1","exception":""}
{"timestamp":"2026-03-24T14:44:10.670+07:00","level":"WARN","app":"flashcard-backend","thread":"ForkJoinPool.commonPool-worker-2","logger":"c.k.f.s.a.ActivityLogRetryService","message":"event=activity_log_publish_retry logId=60349bdd-5826-45e5-ae81-5f8d4e67dbd0 attempt=1 retry=true reason=Requested resource not found (Service: DynamoDb, Status Code: 400, Request ID: GS5D219BKQINO88DEGCKD8M23FVV4KQNSO5AEMVJF66Q9ASUAAJG)","exception":""}
{"timestamp":"2026-03-24T14:44:11.135+07:00","level":"WARN","app":"flashcard-backend","thread":"main","logger":"c.k.f.s.p.PersistenceValidationExceptionMapper","message":"event=persistence_rejected_authorization_denied code=AUTHORIZATION_DENIED message=Authorization denied for operation=read resource=deck key=0a7aa5b8-243e-4d2b-ab56-d88224c3841a","exception":""}
{"timestamp":"2026-03-24T14:44:11.166+07:00","level":"INFO","app":"flashcard-backend","thread":"main","logger":"c.k.f.c.o.NewRelicPersistenceInstrumentation","message":"event=new_relic_deploy metric=deployment_dispatch commandId=cmd-123 instanceId=i-abc status=in-progress count=1","exception":""}
{"timestamp":"2026-03-24T14:44:11.167+07:00","level":"INFO","app":"flashcard-backend","thread":"main","logger":"c.k.f.c.o.NewRelicPersistenceInstrumentation","message":"event=new_relic_deploy metric=deployment_result commandId=cmd-123 instanceId=i-abc status=success count=1","exception":""}
{"timestamp":"2026-03-24T14:44:11.167+07:00","level":"WARN","app":"flashcard-backend","thread":"main","logger":"c.k.f.c.o.NewRelicPersistenceInstrumentation","message":"event=new_relic_security metric=admin_authorization_denied path=/api/v1/admin/stats principalRole=ROLE_USER count=1","exception":""}
{"timestamp":"2026-03-24T14:44:11.168+07:00","level":"INFO","app":"flashcard-backend","thread":"main","logger":"c.k.f.c.o.NewRelicDeckMediaInstrumentation","message":"event=new_relic_deck_media metric=admin_observability_event eventName=moderation_success attributes={action=USER_BAN} count=1","exception":""}
{"timestamp":"2026-03-24T14:44:11.270+07:00","level":"WARN","app":"flashcard-backend","thread":"ForkJoinPool.commonPool-worker-3","logger":"c.k.f.s.a.ActivityLogRetryService","message":"event=activity_log_publish_retry logId=858a6179-ae44-4b7a-a4e5-05cf7df0eff6 attempt=1 retry=true reason=down","exception":""}
{"timestamp":"2026-03-24T14:44:11.769+07:00","level":"WARN","app":"flashcard-backend","thread":"ForkJoinPool.commonPool-worker-1","logger":"c.k.f.s.a.ActivityLogRetryService","message":"event=activity_log_publish_retry logId=510574e4-701d-4e9b-850e-6520d22b783d attempt=2 retry=true reason=Requested resource not found (Service: DynamoDb, Status Code: 400, Request ID: L00H5A81AURKV11UD9JVL0DTU3VV4KQNSO5AEMVJF66Q9ASUAAJG)","exception":""}
{"timestamp":"2026-03-24T14:44:13.048+07:00","level":"WARN","app":"flashcard-backend","thread":"ForkJoinPool.commonPool-worker-2","logger":"c.k.f.s.a.ActivityLogRetryService","message":"event=activity_log_publish_retry logId=60349bdd-5826-45e5-ae81-5f8d4e67dbd0 attempt=2 retry=true reason=Requested resource not found (Service: DynamoDb, Status Code: 400, Request ID: CILUEU7S11FORBJCHNU4DS0AI7VV4KQNSO5AEMVJF66Q9ASUAAJG)","exception":""}
{"timestamp":"2026-03-24T14:44:13.278+07:00","level":"WARN","app":"flashcard-backend","thread":"ForkJoinPool.commonPool-worker-3","logger":"c.k.f.s.a.ActivityLogRetryService","message":"event=activity_log_publish_retry logId=858a6179-ae44-4b7a-a4e5-05cf7df0eff6 attempt=2 retry=true reason=down","exception":""}
{"timestamp":"2026-03-24T14:44:15.288+07:00","level":"WARN","app":"flashcard-backend","thread":"ForkJoinPool.commonPool-worker-3","logger":"c.k.f.s.a.ActivityLogRetryService","message":"event=activity_log_publish_retry logId=858a6179-ae44-4b7a-a4e5-05cf7df0eff6 attempt=3 retry=false reason=down","exception":""}
{"timestamp":"2026-03-24T14:44:15.288+07:00","level":"ERROR","app":"flashcard-backend","thread":"ForkJoinPool.commonPool-worker-3","logger":"c.k.f.s.a.ActivityLogRetryService","message":"event=activity_log_dead_letter logId=858a6179-ae44-4b7a-a4e5-05cf7df0eff6 userId=e972e70e-4fce-4ade-b609-87c9855a1e8b cardId=bb8f6405-df80-48e0-89a9-1c7ddef98ce1 attempts=3","exception":""}
{"timestamp":"2026-03-24T14:44:15.291+07:00","level":"INFO","app":"flashcard-backend","thread":"ForkJoinPool.commonPool-worker-3","logger":"c.k.f.s.a.ActivityLogRetryService","message":"event=activity_log_publish_success logId=320522e9-624d-4eab-b0d0-49a88bd74f92 attempt=1 userId=7884161b-6310-433e-80d5-cc66ed290299 cardId=bd3fa44c-b1a6-4ad1-8e5d-ea93f9bf7bf2","exception":""}
[ERROR] Failures: 
[ERROR]   PublicDeckImportVerificationContractTest.shouldDenyImportForAuthenticatedButUnverifiedUser:51 Status expected:<403> but was:<201>
[ERROR]   CardManagementSearchContractTest.shouldSearchCardsInDeckWithExpectedSemantics:93 Status expected:<200> but was:<401>
[ERROR]   DeckManagementContractTest.shouldListOnlyPublicDecksWhenAnonymous:80 Status expected:<200> but was:<401>
[ERROR] Errors: 
[ERROR]   AuthPasswordResetContractTest.shouldAcceptForgotPasswordWithoutEnumeration ╗ IllegalState Failed to load ApplicationContext for [WebMergedContextConfiguration@4c60efc0 testClass = com.khaleo.flashcard.contract.auth.AuthPasswordResetContractTest, locations = [], classes = [com.khaleo.flashcard.FlashcardApplication], contextInitializerClasses = [], activeProfiles = [], propertySourceDescriptors = [], propertySourceProperties = ["org.springframework.boot.test.context.SpringBootTestContextBootstrapper=true"], contextCustomizers = [[ImportsContextCustomizer@25a30529 key = [org.springframework.boot.test.autoconfigure.web.servlet.MockMvcWebDriverAutoConfiguration, org.springframework.boot.test.autoconfigure.web.servlet.MockMvcAutoConfiguration, org.springframework.boot.autoconfigure.security.oauth2.client.servlet.OAuth2ClientAutoConfiguration, org.springframework.boot.autoconfigure.security.servlet.SecurityAutoConfiguration, org.springframework.boot.autoconfigure.security.servlet.SecurityFilterAutoConfiguration, org.springframework.boot.autoconfigure.security.servlet.UserDetailsServiceAutoConfiguration, org.springframework.boot.autoconfigure.security.oauth2.resource.servlet.OAuth2ResourceServerAutoConfiguration, org.springframework.boot.test.autoconfigure.web.servlet.MockMvcSecurityConfiguration, org.springframework.boot.test.autoconfigure.web.servlet.MockMvcWebClientAutoConfiguration, org.springframework.boot.test.autoconfigure.web.reactive.WebTestClientAutoConfiguration]], org.springframework.boot.test.context.filter.ExcludeFilterContextCustomizer@16eccb2e, org.springframework.boot.test.json.DuplicateJsonObjectContextCustomizerFactory$DuplicateJsonObjectContextCustomizer@36cda2c2, org.springframework.boot.test.mock.mockito.MockitoContextCustomizer@19c48415, org.springframework.boot.test.web.client.TestRestTemplateContextCustomizer@38b27cdc, org.springframework.boot.test.web.reactor.netty.DisableReactorResourceFactoryGlobalResourcesContextCustomizerFactory$DisableReactorResourceFactoryGlobalResourcesContextCustomizerCustomizer@56673b2c, org.springframework.boot.test.autoconfigure.actuate.observability.ObservabilityContextCustomizerFactory$DisableObservabilityContextCustomizer@1f, org.springframework.boot.test.autoconfigure.properties.PropertyMappingContextCustomizer@4b3fa0b3, org.springframework.boot.test.autoconfigure.web.servlet.WebDriverContextCustomizer@146dfe6, org.springframework.test.context.support.DynamicPropertiesContextCustomizer@8b7f681f, org.springframework.boot.test.context.SpringBootTestAnnotation@1bf9202f], resourceBasePath = "src/main/webapp", contextLoader = org.springframework.boot.test.context.SpringBootContextLoader, parent = null]
[ERROR]   AuthPasswordResetContractTest.shouldResetPasswordWithValidToken ╗ IllegalState ApplicationContext failure threshold (1) exceeded: skipping repeated attempt to load context for [WebMergedContextConfiguration@4c60efc0 testClass = com.khaleo.flashcard.contract.auth.AuthPasswordResetContractTest, locations = [], classes = [com.khaleo.flashcard.FlashcardApplication], contextInitializerClasses = [], activeProfiles = [], propertySourceDescriptors = [], propertySourceProperties = ["org.springframework.boot.test.context.SpringBootTestContextBootstrapper=true"], contextCustomizers = [[ImportsContextCustomizer@25a30529 key = [org.springframework.boot.test.autoconfigure.web.servlet.MockMvcWebDriverAutoConfiguration, org.springframework.boot.test.autoconfigure.web.servlet.MockMvcAutoConfiguration, org.springframework.boot.autoconfigure.security.oauth2.client.servlet.OAuth2ClientAutoConfiguration, org.springframework.boot.autoconfigure.security.servlet.SecurityAutoConfiguration, org.springframework.boot.autoconfigure.security.servlet.SecurityFilterAutoConfiguration, org.springframework.boot.autoconfigure.security.servlet.UserDetailsServiceAutoConfiguration, org.springframework.boot.autoconfigure.security.oauth2.resource.servlet.OAuth2ResourceServerAutoConfiguration, org.springframework.boot.test.autoconfigure.web.servlet.MockMvcSecurityConfiguration, org.springframework.boot.test.autoconfigure.web.servlet.MockMvcWebClientAutoConfiguration, org.springframework.boot.test.autoconfigure.web.reactive.WebTestClientAutoConfiguration]], org.springframework.boot.test.context.filter.ExcludeFilterContextCustomizer@16eccb2e, org.springframework.boot.test.json.DuplicateJsonObjectContextCustomizerFactory$DuplicateJsonObjectContextCustomizer@36cda2c2, org.springframework.boot.test.mock.mockito.MockitoContextCustomizer@19c48415, org.springframework.boot.test.web.client.TestRestTemplateContextCustomizer@38b27cdc, org.springframework.boot.test.web.reactor.netty.DisableReactorResourceFactoryGlobalResourcesContextCustomizerFactory$DisableReactorResourceFactoryGlobalResourcesContextCustomizerCustomizer@56673b2c, org.springframework.boot.test.autoconfigure.actuate.observability.ObservabilityContextCustomizerFactory$DisableObservabilityContextCustomizer@1f, org.springframework.boot.test.autoconfigure.properties.PropertyMappingContextCustomizer@4b3fa0b3, org.springframework.boot.test.autoconfigure.web.servlet.WebDriverContextCustomizer@146dfe6, org.springframework.test.context.support.DynamicPropertiesContextCustomizer@8b7f681f, org.springframework.boot.test.context.SpringBootTestAnnotation@1bf9202f], resourceBasePath = "src/main/webapp", contextLoader = org.springframework.boot.test.context.SpringBootContextLoader, parent = null]
[ERROR]   AuthRegistrationVerificationContractTest.shouldRegisterGuestAndReturnCreated ╗ IllegalState ApplicationContext failure threshold (1) exceeded: skipping repeated attempt to load context for [WebMergedContextConfiguration@4e3652b7 testClass = com.khaleo.flashcard.contract.auth.AuthRegistrationVerificationContractTest, locations = [], classes = [com.khaleo.flashcard.FlashcardApplication], contextInitializerClasses = [], activeProfiles = [], propertySourceDescriptors = [], propertySourceProperties = ["org.springframework.boot.test.context.SpringBootTestContextBootstrapper=true"], contextCustomizers = [[ImportsContextCustomizer@4d70fc3c key = [org.springframework.boot.test.autoconfigure.web.servlet.MockMvcWebDriverAutoConfiguration, org.springframework.boot.test.autoconfigure.web.servlet.MockMvcAutoConfiguration, org.springframework.boot.autoconfigure.security.oauth2.client.servlet.OAuth2ClientAutoConfiguration, org.springframework.boot.autoconfigure.security.servlet.SecurityAutoConfiguration, org.springframework.boot.autoconfigure.security.servlet.SecurityFilterAutoConfiguration, org.springframework.boot.autoconfigure.security.servlet.UserDetailsServiceAutoConfiguration, org.springframework.boot.autoconfigure.security.oauth2.resource.servlet.OAuth2ResourceServerAutoConfiguration, org.springframework.boot.test.autoconfigure.web.servlet.MockMvcSecurityConfiguration, org.springframework.boot.test.autoconfigure.web.servlet.MockMvcWebClientAutoConfiguration, org.springframework.boot.test.autoconfigure.web.reactive.WebTestClientAutoConfiguration]], org.springframework.boot.test.context.filter.ExcludeFilterContextCustomizer@16eccb2e, org.springframework.boot.test.json.DuplicateJsonObjectContextCustomizerFactory$DuplicateJsonObjectContextCustomizer@36cda2c2, org.springframework.boot.test.mock.mockito.MockitoContextCustomizer@19c48415, org.springframework.boot.test.web.client.TestRestTemplateContextCustomizer@38b27cdc, org.springframework.boot.test.web.reactor.netty.DisableReactorResourceFactoryGlobalResourcesContextCustomizerFactory$DisableReactorResourceFactoryGlobalResourcesContextCustomizerCustomizer@56673b2c, org.springframework.boot.test.autoconfigure.actuate.observability.ObservabilityContextCustomizerFactory$DisableObservabilityContextCustomizer@1f, org.springframework.boot.test.autoconfigure.properties.PropertyMappingContextCustomizer@4b3fa0b3, org.springframework.boot.test.autoconfigure.web.servlet.WebDriverContextCustomizer@146dfe6, org.springframework.test.context.support.DynamicPropertiesContextCustomizer@8b7f681f, org.springframework.boot.test.context.SpringBootTestAnnotation@1bf9202f], resourceBasePath = "src/main/webapp", contextLoader = org.springframework.boot.test.context.SpringBootContextLoader, parent = null]
[ERROR]   AuthRegistrationVerificationContractTest.shouldVerifyTokenSuccessfully ╗ IllegalState ApplicationContext failure threshold (1) exceeded: skipping repeated attempt to load context for [WebMergedContextConfiguration@4e3652b7 testClass = com.khaleo.flashcard.contract.auth.AuthRegistrationVerificationContractTest, locations = [], classes = [com.khaleo.flashcard.FlashcardApplication], contextInitializerClasses = [], activeProfiles = [], propertySourceDescriptors = [], propertySourceProperties = ["org.springframework.boot.test.context.SpringBootTestContextBootstrapper=true"], contextCustomizers = [[ImportsContextCustomizer@4d70fc3c key = [org.springframework.boot.test.autoconfigure.web.servlet.MockMvcWebDriverAutoConfiguration, org.springframework.boot.test.autoconfigure.web.servlet.MockMvcAutoConfiguration, org.springframework.boot.autoconfigure.security.oauth2.client.servlet.OAuth2ClientAutoConfiguration, org.springframework.boot.autoconfigure.security.servlet.SecurityAutoConfiguration, org.springframework.boot.autoconfigure.security.servlet.SecurityFilterAutoConfiguration, org.springframework.boot.autoconfigure.security.servlet.UserDetailsServiceAutoConfiguration, org.springframework.boot.autoconfigure.security.oauth2.resource.servlet.OAuth2ResourceServerAutoConfiguration, org.springframework.boot.test.autoconfigure.web.servlet.MockMvcSecurityConfiguration, org.springframework.boot.test.autoconfigure.web.servlet.MockMvcWebClientAutoConfiguration, org.springframework.boot.test.autoconfigure.web.reactive.WebTestClientAutoConfiguration]], org.springframework.boot.test.context.filter.ExcludeFilterContextCustomizer@16eccb2e, org.springframework.boot.test.json.DuplicateJsonObjectContextCustomizerFactory$DuplicateJsonObjectContextCustomizer@36cda2c2, org.springframework.boot.test.mock.mockito.MockitoContextCustomizer@19c48415, org.springframework.boot.test.web.client.TestRestTemplateContextCustomizer@38b27cdc, org.springframework.boot.test.web.reactor.netty.DisableReactorResourceFactoryGlobalResourcesContextCustomizerFactory$DisableReactorResourceFactoryGlobalResourcesContextCustomizerCustomizer@56673b2c, org.springframework.boot.test.autoconfigure.actuate.observability.ObservabilityContextCustomizerFactory$DisableObservabilityContextCustomizer@1f, org.springframework.boot.test.autoconfigure.properties.PropertyMappingContextCustomizer@4b3fa0b3, org.springframework.boot.test.autoconfigure.web.servlet.WebDriverContextCustomizer@146dfe6, org.springframework.test.context.support.DynamicPropertiesContextCustomizer@8b7f681f, org.springframework.boot.test.context.SpringBootTestAnnotation@1bf9202f], resourceBasePath = "src/main/webapp", contextLoader = org.springframework.boot.test.context.SpringBootContextLoader, parent = null]
[ERROR]   AuthTokenLifecycleContractTest.shouldLoginRefreshAndLogout ╗ IllegalState ApplicationContext failure threshold (1) exceeded: skipping repeated attempt to load context for [WebMergedContextConfiguration@24e26410 testClass = com.khaleo.flashcard.contract.auth.AuthTokenLifecycleContractTest, locations = [], classes = [com.khaleo.flashcard.FlashcardApplication], contextInitializerClasses = [], activeProfiles = [], propertySourceDescriptors = [], propertySourceProperties = ["org.springframework.boot.test.context.SpringBootTestContextBootstrapper=true"], contextCustomizers = [[ImportsContextCustomizer@5bba292 key = [org.springframework.boot.test.autoconfigure.web.servlet.MockMvcWebDriverAutoConfiguration, org.springframework.boot.test.autoconfigure.web.servlet.MockMvcAutoConfiguration, org.springframework.boot.autoconfigure.security.oauth2.client.servlet.OAuth2ClientAutoConfiguration, org.springframework.boot.autoconfigure.security.servlet.SecurityAutoConfiguration, org.springframework.boot.autoconfigure.security.servlet.SecurityFilterAutoConfiguration, org.springframework.boot.autoconfigure.security.servlet.UserDetailsServiceAutoConfiguration, org.springframework.boot.autoconfigure.security.oauth2.resource.servlet.OAuth2ResourceServerAutoConfiguration, org.springframework.boot.test.autoconfigure.web.servlet.MockMvcSecurityConfiguration, org.springframework.boot.test.autoconfigure.web.servlet.MockMvcWebClientAutoConfiguration, org.springframework.boot.test.autoconfigure.web.reactive.WebTestClientAutoConfiguration]], org.springframework.boot.test.context.filter.ExcludeFilterContextCustomizer@16eccb2e, org.springframework.boot.test.json.DuplicateJsonObjectContextCustomizerFactory$DuplicateJsonObjectContextCustomizer@36cda2c2, org.springframework.boot.test.mock.mockito.MockitoContextCustomizer@19c48415, org.springframework.boot.test.web.client.TestRestTemplateContextCustomizer@38b27cdc, org.springframework.boot.test.web.reactor.netty.DisableReactorResourceFactoryGlobalResourcesContextCustomizerFactory$DisableReactorResourceFactoryGlobalResourcesContextCustomizerCustomizer@56673b2c, org.springframework.boot.test.autoconfigure.actuate.observability.ObservabilityContextCustomizerFactory$DisableObservabilityContextCustomizer@1f, org.springframework.boot.test.autoconfigure.properties.PropertyMappingContextCustomizer@4b3fa0b3, org.springframework.boot.test.autoconfigure.web.servlet.WebDriverContextCustomizer@146dfe6, org.springframework.test.context.support.DynamicPropertiesContextCustomizer@8b7f681f, org.springframework.boot.test.context.SpringBootTestAnnotation@1bf9202f], resourceBasePath = "src/main/webapp", contextLoader = org.springframework.boot.test.context.SpringBootContextLoader, parent = null]
[ERROR]   StudySchedulerLegacyBehaviorIntegrationTest.shouldPreserveNonNewReviewBehavior ╗ IllegalState Failed to load ApplicationContext for [WebMergedContextConfiguration@65a42032 testClass = com.khaleo.flashcard.integration.StudySchedulerLegacyBehaviorIntegrationTest, locations = [], classes = [com.khaleo.flashcard.FlashcardApplication], contextInitializerClasses = [], activeProfiles = [], propertySourceDescriptors = [], propertySourceProperties = ["org.springframework.boot.test.context.SpringBootTestContextBootstrapper=true"], contextCustomizers = [org.springframework.boot.test.context.filter.ExcludeFilterContextCustomizer@16eccb2e, org.springframework.boot.test.json.DuplicateJsonObjectContextCustomizerFactory$DuplicateJsonObjectContextCustomizer@36cda2c2, org.springframework.boot.test.mock.mockito.MockitoContextCustomizer@0, org.springframework.boot.test.web.client.TestRestTemplateContextCustomizer@38b27cdc, org.springframework.boot.test.web.reactor.netty.DisableReactorResourceFactoryGlobalResourcesContextCustomizerFactory$DisableReactorResourceFactoryGlobalResourcesContextCustomizerCustomizer@56673b2c, org.springframework.boot.test.autoconfigure.actuate.observability.ObservabilityContextCustomizerFactory$DisableObservabilityContextCustomizer@1f, org.springframework.boot.test.autoconfigure.properties.PropertyMappingContextCustomizer@0, org.springframework.boot.test.autoconfigure.web.servlet.WebDriverContextCustomizer@146dfe6, org.springframework.boot.test.context.SpringBootTestAnnotation@1bf9202f], resourceBasePath = "src/main/webapp", contextLoader = org.springframework.boot.test.context.SpringBootContextLoader, parent = null]
[ERROR] Tests run: 79, Failures: 3, Errors: 6, Skipped: 0
[ERROR] Failed to execute goal org.apache.maven.plugins:maven-surefire-plugin:3.2.5:test (default-test) on project flashcard-backend: There are test failures.
[ERROR] 
[ERROR] Please refer to C:\Workspace\FPT\github\KhaLeo\backend\target\surefire-reports for the individual test results.
[ERROR] Please refer to dump files (if any exist) [date].dump, [date]-jvmRun[N].dump and [date].dumpstream.
[ERROR] -> [Help 1]
[ERROR] 
[ERROR] To see the full stack trace of the errors, re-run Maven with the -e switch.
[ERROR] Re-run Maven using the -X switch to enable full debug logging.
[ERROR] 
[ERROR] For more information about the errors and possible solutions, please read the following articles:
[ERROR] [Help 1] http://cwiki.apache.org/confluence/display/MAVEN/MojoFailureException
